<?xml version="1.0" encoding="utf-8"?><testsuites><testsuite errors="0" failures="0" hostname="948050858eab" name="pytest" skipped="3" tests="2032" time="456.566" timestamp="2022-11-18T01:51:40.999571"><testcase classname="tests.aaa_test.TestAaa" file="tests/aaa_test.py" line="115" name="test_show_aaa_default" time="0.141"></testcase><testcase classname="tests.aaa_test.TestAaa" file="tests/aaa_test.py" line="123" name="test_config_aaa_radius" time="0.100"></testcase><testcase classname="tests.aaa_test.TestAaa" file="tests/aaa_test.py" line="155" name="test_config_aaa_radius_local" time="0.099"></testcase><testcase classname="tests.aaa_test.TestAaa" file="tests/aaa_test.py" line="187" name="test_config_aaa_radius_invalid" time="0.001"></testcase><testcase classname="tests.aaa_test.TestAaa" file="tests/aaa_test.py" line="196" name="test_config_aaa_tacacs" time="0.156"></testcase><testcase classname="tests.aaa_test.TestAaa" file="tests/aaa_test.py" line="286" name="test_config_aaa_tacacs_delete_yang_validation" time="0.085"></testcase><testcase classname="tests.aaa_test.TestAaa" file="tests/aaa_test.py" line="298" name="test_config_aaa_tacacs_add_yang_validation" time="0.082"></testcase><testcase classname="tests.acl_config_test.TestConfigAcl" file="tests/acl_config_test.py" line="9" name="test_expand_vlan" time="0.016"></testcase><testcase classname="tests.acl_config_test.TestConfigAcl" file="tests/acl_config_test.py" line="12" name="test_expand_lag" time="0.015"></testcase><testcase classname="tests.acl_config_test.TestConfigAcl" file="tests/acl_config_test.py" line="15" name="test_expand_physical_interface" time="0.015"></testcase><testcase classname="tests.acl_config_test.TestConfigAcl" file="tests/acl_config_test.py" line="18" name="test_expand_empty_vlan" time="0.015"></testcase><testcase classname="tests.acl_config_test.TestConfigAcl" file="tests/acl_config_test.py" line="22" name="test_parse_table_with_vlan_expansion" time="0.031"></testcase><testcase classname="tests.acl_config_test.TestConfigAcl" file="tests/acl_config_test.py" line="29" name="test_parse_table_with_vlan_and_duplicates" time="0.044"></testcase><testcase classname="tests.acl_config_test.TestConfigAcl" file="tests/acl_config_test.py" line="40" name="test_parse_table_with_empty_vlan" time="0.044"></testcase><testcase classname="tests.acl_config_test.TestConfigAcl" file="tests/acl_config_test.py" line="44" name="test_parse_table_with_invalid_ports" time="0.030"></testcase><testcase classname="tests.acl_config_test.TestConfigAcl" file="tests/acl_config_test.py" line="48" name="test_parse_table_with_empty_ports" time="0.001"></testcase><testcase classname="tests.acl_config_test.TestConfigAcl" file="tests/acl_config_test.py" line="52" name="test_acl_add_table_nonexistent_port" time="0.046"></testcase><testcase classname="tests.acl_config_test.TestConfigAcl" file="tests/acl_config_test.py" line="62" name="test_acl_add_table_empty_string_port_list" time="0.015"></testcase><testcase classname="tests.acl_config_test.TestConfigAcl" file="tests/acl_config_test.py" line="72" name="test_acl_add_table_empty_vlan" time="0.045"></testcase><testcase classname="tests.acl_loader_test.TestAclLoader" file="tests/acl_loader_test.py" line="17" name="test_acl_empty" time="0.006"></testcase><testcase classname="tests.acl_loader_test.TestAclLoader" file="tests/acl_loader_test.py" line="21" name="test_valid" time="0.642"></testcase><testcase classname="tests.acl_loader_test.TestAclLoader" file="tests/acl_loader_test.py" line="25" name="test_invalid" time="0.347"></testcase><testcase classname="tests.acl_loader_test.TestAclLoader" file="tests/acl_loader_test.py" line="29" name="test_validate_mirror_action" time="0.024"></testcase><testcase classname="tests.acl_loader_test.TestAclLoader" file="tests/acl_loader_test.py" line="57" name="test_vlan_id_translation" time="0.558"></testcase><testcase classname="tests.acl_loader_test.TestAclLoader" file="tests/acl_loader_test.py" line="71" name="test_vlan_id_lower_bound" time="0.159"></testcase><testcase classname="tests.acl_loader_test.TestAclLoader" file="tests/acl_loader_test.py" line="76" name="test_vlan_id_upper_bound" time="0.043"></testcase><testcase classname="tests.acl_loader_test.TestAclLoader" file="tests/acl_loader_test.py" line="81" name="test_vlan_id_not_a_number" time="0.042"></testcase><testcase classname="tests.acl_loader_test.TestAclLoader" file="tests/acl_loader_test.py" line="86" name="test_ethertype_translation" time="0.700"></testcase><testcase classname="tests.acl_loader_test.TestAclLoader" file="tests/acl_loader_test.py" line="97" name="test_icmp_translation" time="0.597"></testcase><testcase classname="tests.acl_loader_test.TestAclLoader" file="tests/acl_loader_test.py" line="112" name="test_icmpv6_translation" time="0.592"></testcase><testcase classname="tests.acl_loader_test.TestAclLoader" file="tests/acl_loader_test.py" line="136" name="test_ingress_default_deny_rule" time="0.728"></testcase><testcase classname="tests.acl_loader_test.TestAclLoader" file="tests/acl_loader_test.py" line="151" name="test_egress_no_default_deny_rule" time="0.168"></testcase><testcase classname="tests.acl_loader_test.TestAclLoader" file="tests/acl_loader_test.py" line="158" name="test_icmp_type_lower_bound" time="0.272"></testcase><testcase classname="tests.acl_loader_test.TestAclLoader" file="tests/acl_loader_test.py" line="163" name="test_icmp_type_upper_bound" time="0.044"></testcase><testcase classname="tests.acl_loader_test.TestAclLoader" file="tests/acl_loader_test.py" line="168" name="test_icmp_type_not_a_number" time="0.044"></testcase><testcase classname="tests.acl_loader_test.TestAclLoader" file="tests/acl_loader_test.py" line="173" name="test_icmp_code_lower_bound" time="0.045"></testcase><testcase classname="tests.acl_loader_test.TestAclLoader" file="tests/acl_loader_test.py" line="178" name="test_icmp_code_upper_bound" time="0.046"></testcase><testcase classname="tests.acl_loader_test.TestAclLoader" file="tests/acl_loader_test.py" line="183" name="test_icmp_code_not_a_number" time="0.189"></testcase><testcase classname="tests.acl_loader_test.TestAclLoader" file="tests/acl_loader_test.py" line="188" name="test_icmp_fields_with_non_icmp_protocol" time="0.047"></testcase><testcase classname="tests.acl_loader_test.TestAclLoader" file="tests/acl_loader_test.py" line="199" name="test_icmp_fields_with_non_tcp_protocol" time="0.044"></testcase><testcase classname="tests.acl_loader_test.TestAclLoader" file="tests/acl_loader_test.py" line="204" name="test_incremental_update" time="0.085"></testcase><testcase classname="tests.aclshow_test" file="tests/aclshow_test.py" line="223" name="test_default" time="0.034"></testcase><testcase classname="tests.aclshow_test" file="tests/aclshow_test.py" line="230" name="test_all" time="0.034"></testcase><testcase classname="tests.aclshow_test" file="tests/aclshow_test.py" line="237" name="test_rule1_dataacl" time="0.032"></testcase><testcase classname="tests.aclshow_test" file="tests/aclshow_test.py" line="244" name="test_rule05_all" time="0.032"></testcase><testcase classname="tests.aclshow_test" file="tests/aclshow_test.py" line="251" name="test_rule0" time="0.032"></testcase><testcase classname="tests.aclshow_test" file="tests/aclshow_test.py" line="258" name="test_rule10_lowercase_priority" time="0.033"></testcase><testcase classname="tests.aclshow_test" file="tests/aclshow_test.py" line="265" name="test_rule4_rule6_verbose" time="0.032"></testcase><testcase classname="tests.aclshow_test" file="tests/aclshow_test.py" line="272" name="test_everflow" time="0.032"></testcase><testcase classname="tests.aclshow_test" file="tests/aclshow_test.py" line="279" name="test_dataacl" time="0.033"></testcase><testcase classname="tests.aclshow_test" file="tests/aclshow_test.py" line="286" name="test_clear" time="0.032"></testcase><testcase classname="tests.aclshow_test" file="tests/aclshow_test.py" line="293" name="test_all_after_clear" time="0.066"></testcase><testcase classname="tests.aclshow_test" file="tests/aclshow_test.py" line="302" name="test_clear_and_populate_counters_db" time="0.066"></testcase><testcase classname="tests.bgp_commands_test.TestBgpCommands" file="tests/bgp_commands_test.py" line="217" name="test_bgp_summary_v4[v4]" time="0.028"></testcase><testcase classname="tests.bgp_commands_test.TestBgpCommands" file="tests/bgp_commands_test.py" line="231" name="test_bgp_summary_v6[v6]" time="0.024"></testcase><testcase classname="tests.bgp_commands_test.TestBgpCommands" file="tests/bgp_commands_test.py" line="245" name="test_bgp_summary_error[ ]" time="0.002"></testcase><testcase classname="tests.bgp_commands_test.TestBgpCommands" file="tests/bgp_commands_test.py" line="265" name="test_bgp_summary_v4_chassis[v4]" time="0.348"></testcase><testcase classname="tests.bgp_commands_test.TestBgpCommands" file="tests/bgp_commands_test.py" line="284" name="test_bgp_summary_v6_chassis[v6]" time="0.483"></testcase><testcase classname="tests.bgp_commands_test.TestBgpCommands" file="tests/bgp_commands_test.py" line="303" name="test_bgp_summary_v4_all_chassis[v4]" time="0.026"></testcase><testcase classname="tests.buffer_test.TestBuffer" file="tests/buffer_test.py" line="30" name="test_config_buffer_profile_headroom" time="0.068"></testcase><testcase classname="tests.buffer_test.TestBuffer" file="tests/buffer_test.py" line="41" name="test_config_buffer_profile_dynamic_th" time="0.068"></testcase><testcase classname="tests.buffer_test.TestBuffer" file="tests/buffer_test.py" line="52" name="test_config_buffer_profile_add_existing" time="0.068"></testcase><testcase classname="tests.buffer_test.TestBuffer" file="tests/buffer_test.py" line="61" name="test_config_buffer_profile_set_non_existing" time="0.067"></testcase><testcase classname="tests.buffer_test.TestBuffer" file="tests/buffer_test.py" line="70" name="test_config_buffer_profile_add_headroom_to_dynamic_profile" time="0.067"></testcase><testcase classname="tests.buffer_test.TestBuffer" file="tests/buffer_test.py" line="79" name="test_config_buffer_profile_add_no_xon" time="0.069"></testcase><testcase classname="tests.buffer_test.TestBuffer" file="tests/buffer_test.py" line="88" name="test_config_buffer_profile_add_no_param" time="0.068"></testcase><testcase classname="tests.buffer_test.TestBuffer" file="tests/buffer_test.py" line="96" name="test_config_buffer_profile_multiple_or_none_default_buffer_param_in_database" time="0.070"></testcase><testcase classname="tests.buffer_test.TestBuffer" file="tests/buffer_test.py" line="120" name="test_config_shp_size_negative" time="0.070"></testcase><testcase classname="tests.buffer_test.TestBuffer" file="tests/buffer_test.py" line="129" name="test_config_shp_ratio" time="0.073"></testcase><testcase classname="tests.buffer_test.TestBuffer" file="tests/buffer_test.py" line="138" name="test_config_shp_ratio_negative" time="0.071"></testcase><testcase classname="tests.buffer_test.TestBuffer" file="tests/buffer_test.py" line="150" name="test_config_buffer_profile_headroom_toggle_shp" time="0.075"></testcase><testcase classname="tests.buffer_test.TestBuffer" file="tests/buffer_test.py" line="247" name="test_show_buffer_configuration" time="0.347"></testcase><testcase classname="tests.buffer_test.TestBuffer" file="tests/buffer_test.py" line="250" name="test_show_buffer_information" time="0.346"></testcase><testcase classname="tests.buffer_test.TestInterfaceBuffer" file="tests/buffer_test.py" line="289" name="test_config_int_buffer_pg_lossless_add" time="0.101"></testcase><testcase classname="tests.buffer_test.TestInterfaceBuffer" file="tests/buffer_test.py" line="387" name="test_config_int_buffer_pg_lossless_set" time="0.072"></testcase><testcase classname="tests.buffer_test.TestInterfaceBuffer" file="tests/buffer_test.py" line="410" name="test_config_int_buffer_pg_lossless_remove" time="0.072"></testcase><testcase classname="tests.buffer_test.TestInterfaceBuffer" file="tests/buffer_test.py" line="446" name="test_config_int_buffer_queue_add" time="0.074"></testcase><testcase classname="tests.buffer_test.TestInterfaceBuffer" file="tests/buffer_test.py" line="494" name="test_config_int_buffer_queue_set" time="0.070"></testcase><testcase classname="tests.buffer_test.TestInterfaceBuffer" file="tests/buffer_test.py" line="522" name="test_config_int_buffer_queue_remove" time="0.070"></testcase><testcase classname="tests.chassis_modules_test.TestChassisModules" file="tests/chassis_modules_test.py" line="125" name="test_show_and_verify_output" time="0.077"></testcase><testcase classname="tests.chassis_modules_test.TestChassisModules" file="tests/chassis_modules_test.py" line="131" name="test_show_all_count_lines" time="0.075"></testcase><testcase classname="tests.chassis_modules_test.TestChassisModules" file="tests/chassis_modules_test.py" line="141" name="test_show_single_count_lines" time="0.075"></testcase><testcase classname="tests.chassis_modules_test.TestChassisModules" file="tests/chassis_modules_test.py" line="151" name="test_show_module_down" time="0.074"></testcase><testcase classname="tests.chassis_modules_test.TestChassisModules" file="tests/chassis_modules_test.py" line="159" name="test_show_incorrect_command" time="0.001"></testcase><testcase classname="tests.chassis_modules_test.TestChassisModules" file="tests/chassis_modules_test.py" line="166" name="test_show_incorrect_module" time="0.073"></testcase><testcase classname="tests.chassis_modules_test.TestChassisModules" file="tests/chassis_modules_test.py" line="173" name="test_config_shutdown_module" time="0.075"></testcase><testcase classname="tests.chassis_modules_test.TestChassisModules" file="tests/chassis_modules_test.py" line="192" name="test_config_startup_module" time="0.074"></testcase><testcase classname="tests.chassis_modules_test.TestChassisModules" file="tests/chassis_modules_test.py" line="208" name="test_config_incorrect_module" time="0.067"></testcase><testcase classname="tests.chassis_modules_test.TestChassisModules" file="tests/chassis_modules_test.py" line="216" name="test_show_and_verify_midplane_output" time="0.009"></testcase><testcase classname="tests.chassis_modules_test.TestChassisModules" file="tests/chassis_modules_test.py" line="222" name="test_midplane_show_all_count_lines" time="0.008"></testcase><testcase classname="tests.chassis_modules_test.TestChassisModules" file="tests/chassis_modules_test.py" line="232" name="test_midplane_show_single_count_lines" time="0.009"></testcase><testcase classname="tests.chassis_modules_test.TestChassisModules" file="tests/chassis_modules_test.py" line="242" name="test_midplane_show_module_down" time="0.008"></testcase><testcase classname="tests.chassis_modules_test.TestChassisModules" file="tests/chassis_modules_test.py" line="252" name="test_midplane_show_incorrect_module" time="0.008"></testcase><testcase classname="tests.chassis_modules_test.TestChassisModules" file="tests/chassis_modules_test.py" line="259" name="test_show_and_verify_system_ports_output_asic0" time="0.513"></testcase><testcase classname="tests.chassis_modules_test.TestChassisModules" file="tests/chassis_modules_test.py" line="267" name="test_show_and_verify_system_ports_output_1_asic0" time="0.519"></testcase><testcase classname="tests.chassis_modules_test.TestChassisModules" file="tests/chassis_modules_test.py" line="275" name="test_show_and_verify_system_neighbors_output_all" time="0.489"></testcase><testcase classname="tests.chassis_modules_test.TestChassisModules" file="tests/chassis_modules_test.py" line="281" name="test_show_and_verify_system_neighbors_output_ipv4" time="0.488"></testcase><testcase classname="tests.chassis_modules_test.TestChassisModules" file="tests/chassis_modules_test.py" line="288" name="test_show_and_verify_system_neighbors_output_ipv6" time="0.481"></testcase><testcase classname="tests.chassis_modules_test.TestChassisModules" file="tests/chassis_modules_test.py" line="295" name="test_show_and_verify_system_neighbors_output_asic0" time="0.482"></testcase><testcase classname="tests.chassis_modules_test.TestChassisModules" file="tests/chassis_modules_test.py" line="302" name="test_show_and_verify_system_lags_output" time="0.491"></testcase><testcase classname="tests.chassis_modules_test.TestChassisModules" file="tests/chassis_modules_test.py" line="308" name="test_show_and_verify_system_lags_output_1" time="0.486"></testcase><testcase classname="tests.chassis_modules_test.TestChassisModules" file="tests/chassis_modules_test.py" line="314" name="test_show_and_verify_system_lags_output_asic1" time="0.478"></testcase><testcase classname="tests.chassis_modules_test.TestChassisModules" file="tests/chassis_modules_test.py" line="321" name="test_show_and_verify_system_lags_output_lc4" time="0.485"></testcase><testcase classname="tests.cli_autogen_test.TestCliAutogen" file="tests/cli_autogen_test.py" line="78" name="test_show_device_metadata" time="0.824"></testcase><testcase classname="tests.cli_autogen_test.TestCliAutogen" file="tests/cli_autogen_test.py" line="93" name="test_config_device_metadata" time="0.162"></testcase><testcase classname="tests.cli_autogen_test.TestCliAutogen" file="tests/cli_autogen_test.py" line="111" name="test_config_device_metadata_non_existing_field" time="0.160"></testcase><testcase classname="tests.cli_autogen_test.TestCliAutogen" file="tests/cli_autogen_test.py" line="124" name="test_config_device_metadata_invalid[default-bgp-status-INVALID]" time="0.157"></testcase><testcase classname="tests.cli_autogen_test.TestCliAutogen" file="tests/cli_autogen_test.py" line="124" name="test_config_device_metadata_invalid[docker-routing-config-mode-INVALID]" time="0.160"></testcase><testcase classname="tests.cli_autogen_test.TestCliAutogen" file="tests/cli_autogen_test.py" line="124" name="test_config_device_metadata_invalid[mac-INVALID]" time="0.160"></testcase><testcase classname="tests.cli_autogen_test.TestCliAutogen" file="tests/cli_autogen_test.py" line="124" name="test_config_device_metadata_invalid[default-pfcwd-status-INVALID]" time="0.161"></testcase><testcase classname="tests.cli_autogen_test.TestCliAutogen" file="tests/cli_autogen_test.py" line="124" name="test_config_device_metadata_invalid[bgp-asn-INVALID]" time="0.159"></testcase><testcase classname="tests.cli_autogen_test.TestCliAutogen" file="tests/cli_autogen_test.py" line="124" name="test_config_device_metadata_invalid[type-INVALID]" time="0.165"></testcase><testcase classname="tests.cli_autogen_test.TestCliAutogen" file="tests/cli_autogen_test.py" line="124" name="test_config_device_metadata_invalid[buffer-model-INVALID]" time="0.160"></testcase><testcase classname="tests.cli_autogen_test.TestCliAutogen" file="tests/cli_autogen_test.py" line="124" name="test_config_device_metadata_invalid[frr-mgmt-framework-config-INVALID]" time="0.160"></testcase><testcase classname="tests.cli_autogen_test.TestCliAutogen" file="tests/cli_autogen_test.py" line="148" name="test_show_device_neighbor" time="0.032"></testcase><testcase classname="tests.cli_autogen_test.TestCliAutogen" file="tests/cli_autogen_test.py" line="163" name="test_config_device_neighbor_add" time="0.160"></testcase><testcase classname="tests.cli_autogen_test.TestCliAutogen" file="tests/cli_autogen_test.py" line="187" name="test_config_device_neighbor_delete" time="0.161"></testcase><testcase classname="tests.cli_autogen_test.TestCliAutogen" file="tests/cli_autogen_test.py" line="209" name="test_config_device_neighbor_update[--mgmt-addr-10.217.0.5-PEER NAME    NAME      MGMT ADDR    LOCAL PORT    PORT    TYPE\n-----------  --------  -----------  ------------  ------  ------\nEthernet0    Servers   10.217.0.5   Ethernet0     eth0    type\nEthernet4    Servers0  10.217.0.2   Ethernet4     eth1    type\n]" time="0.161"></testcase><testcase classname="tests.cli_autogen_test.TestCliAutogen" file="tests/cli_autogen_test.py" line="209" name="test_config_device_neighbor_update[--name-Servers1-PEER NAME    NAME      MGMT ADDR    LOCAL PORT    PORT    TYPE\n-----------  --------  -----------  ------------  ------  ------\nEthernet0    Servers1  10.217.0.1   Ethernet0     eth0    type\nEthernet4    Servers0  10.217.0.2   Ethernet4     eth1    type\n]" time="0.162"></testcase><testcase classname="tests.cli_autogen_test.TestCliAutogen" file="tests/cli_autogen_test.py" line="209" name="test_config_device_neighbor_update[--local-port-Ethernet12-PEER NAME    NAME      MGMT ADDR    LOCAL PORT    PORT    TYPE\n-----------  --------  -----------  ------------  ------  ------\nEthernet0    Servers   10.217.0.1   Ethernet12    eth0    type\nEthernet4    Servers0  10.217.0.2   Ethernet4     eth1    type\n]" time="0.161"></testcase><testcase classname="tests.cli_autogen_test.TestCliAutogen" file="tests/cli_autogen_test.py" line="209" name="test_config_device_neighbor_update[--port-eth2-PEER NAME    NAME      MGMT ADDR    LOCAL PORT    PORT    TYPE\n-----------  --------  -----------  ------------  ------  ------\nEthernet0    Servers   10.217.0.1   Ethernet0     eth2    type\nEthernet4    Servers0  10.217.0.2   Ethernet4     eth1    type\n]" time="0.161"></testcase><testcase classname="tests.cli_autogen_test.TestCliAutogen" file="tests/cli_autogen_test.py" line="209" name="test_config_device_neighbor_update[--type-type2-PEER NAME    NAME      MGMT ADDR    LOCAL PORT    PORT    TYPE\n-----------  --------  -----------  ------------  ------  ------\nEthernet0    Servers   10.217.0.1   Ethernet0     eth0    type2\nEthernet4    Servers0  10.217.0.2   Ethernet4     eth1    type\n]" time="0.162"></testcase><testcase classname="tests.cli_autogen_test.TestCliAutogen" file="tests/cli_autogen_test.py" line="238" name="test_config_device_neighbor_update_invalid[--mgmt-addr-INVALID]" time="0.157"></testcase><testcase classname="tests.cli_autogen_test.TestCliAutogen" file="tests/cli_autogen_test.py" line="238" name="test_config_device_neighbor_update_invalid[--local-port-INVALID]" time="0.205"></testcase><testcase classname="tests.cli_autogen_yang_parser_test.TestYangParser" file="tests/cli_autogen_yang_parser_test.py" line="43" name="test_1_table_container" time="0.383"></testcase><testcase classname="tests.cli_autogen_yang_parser_test.TestYangParser" file="tests/cli_autogen_yang_parser_test.py" line="59" name="test_2_table_containers" time="0.146"></testcase><testcase classname="tests.cli_autogen_yang_parser_test.TestYangParser" file="tests/cli_autogen_yang_parser_test.py" line="65" name="test_1_object_container" time="0.141"></testcase><testcase classname="tests.cli_autogen_yang_parser_test.TestYangParser" file="tests/cli_autogen_yang_parser_test.py" line="81" name="test_2_object_containers" time="0.143"></testcase><testcase classname="tests.cli_autogen_yang_parser_test.TestYangParser" file="tests/cli_autogen_yang_parser_test.py" line="87" name="test_1_list" time="0.143"></testcase><testcase classname="tests.cli_autogen_yang_parser_test.TestYangParser" file="tests/cli_autogen_yang_parser_test.py" line="94" name="test_2_lists" time="0.143"></testcase><testcase classname="tests.cli_autogen_yang_parser_test.TestYangParser" file="tests/cli_autogen_yang_parser_test.py" line="101" name="test_static_object_complex_1" time="0.149"></testcase><testcase classname="tests.cli_autogen_yang_parser_test.TestYangParser" file="tests/cli_autogen_yang_parser_test.py" line="109" name="test_static_object_complex_2" time="0.146"></testcase><testcase classname="tests.cli_autogen_yang_parser_test.TestYangParser" file="tests/cli_autogen_yang_parser_test.py" line="117" name="test_dynamic_object_complex_1" time="0.144"></testcase><testcase classname="tests.cli_autogen_yang_parser_test.TestYangParser" file="tests/cli_autogen_yang_parser_test.py" line="125" name="test_dynamic_object_complex_2" time="0.141"></testcase><testcase classname="tests.cli_autogen_yang_parser_test.TestYangParser" file="tests/cli_autogen_yang_parser_test.py" line="133" name="test_choice_complex" time="0.146"></testcase><testcase classname="tests.cli_autogen_yang_parser_test.TestYangParser" file="tests/cli_autogen_yang_parser_test.py" line="142" name="test_grouping_complex" time="0.280"></testcase><testcase classname="tests.config_an_test.TestConfigInterface" file="tests/config_an_test.py" line="30" name="test_config_autoneg" time="1.485"></testcase><testcase classname="tests.config_an_test.TestConfigInterface" file="tests/config_an_test.py" line="39" name="test_config_speed" time="1.768"></testcase><testcase classname="tests.config_an_test.TestConfigInterface" file="tests/config_an_test.py" line="51" name="test_config_adv_speeds" time="2.144"></testcase><testcase classname="tests.config_an_test.TestConfigInterface" file="tests/config_an_test.py" line="65" name="test_config_type" time="2.449"></testcase><testcase classname="tests.config_an_test.TestConfigInterface" file="tests/config_an_test.py" line="79" name="test_config_adv_types" time="2.807"></testcase><testcase classname="tests.config_an_test.TestConfigInterface" file="tests/config_an_test.py" line="96" name="test_config_mtu" time="0.712"></testcase><testcase classname="tests.config_an_test.TestConfigInterface" file="tests/config_an_test.py" line="101" name="test_config_fec" time="2.156"></testcase><testcase classname="tests.config_dpb_test.TestConfigDPB" file="tests/config_dpb_test.py" line="271" name="test_get_breakout_options" time="0.228"></testcase><testcase classname="tests.config_dpb_test.TestConfigDPB" file="tests/config_dpb_test.py" line="309" name="test_config_breakout_extra_table_warning" time="0.144"></testcase><testcase classname="tests.config_dpb_test.TestConfigDPB" file="tests/config_dpb_test.py" line="372" name="test_config_breakout_verbose" time="0.145"></testcase><testcase classname="tests.config_dpb_test.TestConfigDPB" file="tests/config_dpb_test.py" line="408" name="test_config_breakout_negative_cases" time="0.142"></testcase><testcase classname="tests.config_dpb_test.TestConfigDPB" file="tests/config_dpb_test.py" line="468" name="test_config_breakout_various_modes" time="0.008"><skipped message="not stable" type="pytest.skip">/sonic/src/sonic-utilities/tests/config_dpb_test.py:469: not stable</skipped></testcase><testcase classname="tests.config_int_ip_test.TestIntIp" file="tests/config_int_ip_test.py" line="30" name="test_config_int_ip_rem[ip_route_for_int_ip]" time="0.044"></testcase><testcase classname="tests.config_int_ip_test.TestIntIp" file="tests/config_int_ip_test.py" line="53" name="test_config_int_ip_rem_static[ip_route_for_int_ip]" time="0.032"></testcase><testcase classname="tests.config_int_ip_test.TestIntIp" file="tests/config_int_ip_test.py" line="107" name="test_config_int_ip_rem_sub_intf[ip_route_for_int_ip]" time="0.028"></testcase><testcase classname="tests.config_int_ip_test.TestIntIpMultiasic" file="tests/config_int_ip_test.py" line="158" name="test_config_int_ip_rem_static_multiasic[ip_route_for_int_ip]" time="0.165"></testcase><testcase classname="tests.config_int_mtu_test.TestConfigInterfaceMtu" file="tests/config_int_mtu_test.py" line="6" name="test_interface_mtu_check" time="0.067"></testcase><testcase classname="tests.config_int_mtu_test.TestConfigInterfaceMtu" file="tests/config_int_mtu_test.py" line="17" name="test_interface_invalid_mtu_check" time="0.068"></testcase><testcase classname="tests.config_int_name_test" file="tests/config_int_name_test.py" line="7" name="test_interface_name_checker" time="0.068"></testcase><testcase classname="tests.config_lt_test.TestConfigInterface" file="tests/config_lt_test.py" line="30" name="test_config_link_training" time="1.860"></testcase><testcase classname="tests.config_mgmt_test.TestConfigMgmt" file="tests/config_mgmt_test.py" line="139" name="test_break_out" time="0.001"><skipped message="not stable" type="pytest.skip">/sonic/src/sonic-utilities/tests/config_mgmt_test.py:140: not stable</skipped></testcase><testcase classname="tests.config_mgmt_test.TestConfigMgmt" file="tests/config_mgmt_test.py" line="25" name="test_config_get_module_check" time="0.157"></testcase><testcase classname="tests.config_mgmt_test.TestConfigMgmt" file="tests/config_mgmt_test.py" line="32" name="test_config_validation" time="0.138"></testcase><testcase classname="tests.config_mgmt_test.TestConfigMgmt" file="tests/config_mgmt_test.py" line="48" name="test_search_keys" time="0.139"></testcase><testcase classname="tests.config_mgmt_test.TestConfigMgmt" file="tests/config_mgmt_test.py" line="162" name="test_shutdownIntf_call" time="0.000"><skipped message="not stable" type="pytest.skip">/sonic/src/sonic-utilities/tests/config_mgmt_test.py:163: not stable</skipped></testcase><testcase classname="tests.config_mgmt_test.TestConfigMgmt" file="tests/config_mgmt_test.py" line="39" name="test_table_without_yang" time="0.138"></testcase><testcase classname="tests.config_mgmt_test.TestConfigMgmt" file="tests/config_mgmt_test.py" line="67" name="test_upper_case_mac_fix" time="0.157"></testcase><testcase classname="tests.config_mirror_session_test" file="tests/config_mirror_session_test.py" line="10" name="test_mirror_session_add" time="0.008"></testcase><testcase classname="tests.config_mirror_session_test" file="tests/config_mirror_session_test.py" line="95" name="test_mirror_session_erspan_add" time="0.007"></testcase><testcase classname="tests.config_mirror_session_test" file="tests/config_mirror_session_test.py" line="174" name="test_mirror_session_span_add" time="0.195"></testcase><testcase classname="tests.config_override_test.TestConfigOverride" file="tests/config_override_test.py" line="62" name="test_broken_json" time="0.068"></testcase><testcase classname="tests.config_override_test.TestConfigOverride" file="tests/config_override_test.py" line="75" name="test_json_is_not_dict" time="0.068"></testcase><testcase classname="tests.config_override_test.TestConfigOverride" file="tests/config_override_test.py" line="88" name="test_dry_run" time="0.163"></testcase><testcase classname="tests.config_override_test.TestConfigOverride" file="tests/config_override_test.py" line="102" name="test_golden_config_db_empty" time="0.079"></testcase><testcase classname="tests.config_override_test.TestConfigOverride" file="tests/config_override_test.py" line="110" name="test_golden_config_db_partial" time="0.080"></testcase><testcase classname="tests.config_override_test.TestConfigOverride" file="tests/config_override_test.py" line="119" name="test_golden_config_db_new_feature" time="0.079"></testcase><testcase classname="tests.config_override_test.TestConfigOverride" file="tests/config_override_test.py" line="128" name="test_golden_config_db_full" time="0.079"></testcase><testcase classname="tests.config_override_test.TestConfigOverride" file="tests/config_override_test.py" line="137" name="test_golden_config_db_port_config" time="0.079"></testcase><testcase classname="tests.config_override_test.TestConfigOverride" file="tests/config_override_test.py" line="146" name="test_golden_config_db_empty_table_removal" time="0.079"></testcase><testcase classname="tests.config_override_test.TestConfigOverride" file="tests/config_override_test.py" line="171" name="test_yang_verification_enabled" time="0.215"></testcase><testcase classname="tests.config_override_test.TestConfigOverride" file="tests/config_override_test.py" line="196" name="test_running_config_yang_failure" time="0.209"></testcase><testcase classname="tests.config_override_test.TestConfigOverride" file="tests/config_override_test.py" line="207" name="test_golden_input_yang_failure" time="0.213"></testcase><testcase classname="tests.config_override_test.TestConfigOverride" file="tests/config_override_test.py" line="218" name="test_final_config_yang_failure" time="0.213"></testcase><testcase classname="tests.config_snmp_test.TestSNMPConfigCommands" file="tests/config_snmp_test.py" line="118" name="test_config_snmp_community_add_new_community_ro" time="0.071"></testcase><testcase classname="tests.config_snmp_test.TestSNMPConfigCommands" file="tests/config_snmp_test.py" line="129" name="test_config_snmp_community_add_new_community_rw" time="0.067"></testcase><testcase classname="tests.config_snmp_test.TestSNMPConfigCommands" file="tests/config_snmp_test.py" line="140" name="test_config_snmp_community_add_new_community_with_invalid_type" time="0.068"></testcase><testcase classname="tests.config_snmp_test.TestSNMPConfigCommands" file="tests/config_snmp_test.py" line="147" name="test_config_snmp_community_add_invalid_community_over_32_characters" time="0.067"></testcase><testcase classname="tests.config_snmp_test.TestSNMPConfigCommands" file="tests/config_snmp_test.py" line="155" name="test_config_snmp_community_add_invalid_community_with_excluded_special_characters" time="0.066"></testcase><testcase classname="tests.config_snmp_test.TestSNMPConfigCommands" file="tests/config_snmp_test.py" line="163" name="test_config_snmp_community_add_existing_community" time="0.066"></testcase><testcase classname="tests.config_snmp_test.TestSNMPConfigCommands" file="tests/config_snmp_test.py" line="171" name="test_config_snmp_community_del_existing_community" time="0.067"></testcase><testcase classname="tests.config_snmp_test.TestSNMPConfigCommands" file="tests/config_snmp_test.py" line="182" name="test_config_snmp_community_del_non_existing_community" time="0.066"></testcase><testcase classname="tests.config_snmp_test.TestSNMPConfigCommands" file="tests/config_snmp_test.py" line="190" name="test_config_snmp_community_replace_existing_community_with_new_community" time="0.067"></testcase><testcase classname="tests.config_snmp_test.TestSNMPConfigCommands" file="tests/config_snmp_test.py" line="202" name="test_config_snmp_community_replace_existing_community_non_existing_community" time="0.067"></testcase><testcase classname="tests.config_snmp_test.TestSNMPConfigCommands" file="tests/config_snmp_test.py" line="210" name="test_config_snmp_community_replace_new_community_already_exists" time="0.066"></testcase><testcase classname="tests.config_snmp_test.TestSNMPConfigCommands" file="tests/config_snmp_test.py" line="218" name="test_config_snmp_community_replace_with_invalid_new_community_bad_symbol" time="0.067"></testcase><testcase classname="tests.config_snmp_test.TestSNMPConfigCommands" file="tests/config_snmp_test.py" line="226" name="test_config_snmp_community_replace_with_invalid_new_community_over_32_chars" time="0.067"></testcase><testcase classname="tests.config_snmp_test.TestSNMPConfigCommands" file="tests/config_snmp_test.py" line="236" name="test_config_snmp_contact_del_without_contact_redis" time="0.066"></testcase><testcase classname="tests.config_snmp_test.TestSNMPConfigCommands" file="tests/config_snmp_test.py" line="245" name="test_config_snmp_contact_modify_without_contact_redis" time="0.067"></testcase><testcase classname="tests.config_snmp_test.TestSNMPConfigCommands" file="tests/config_snmp_test.py" line="255" name="test_config_snmp_contact_add_del_new_contact" time="0.069"></testcase><testcase classname="tests.config_snmp_test.TestSNMPConfigCommands" file="tests/config_snmp_test.py" line="276" name="test_config_snmp_contact_add_with_existing_contact" time="0.068"></testcase><testcase classname="tests.config_snmp_test.TestSNMPConfigCommands" file="tests/config_snmp_test.py" line="294" name="test_config_snmp_contact_add_invalid_email" time="0.067"></testcase><testcase classname="tests.config_snmp_test.TestSNMPConfigCommands" file="tests/config_snmp_test.py" line="306" name="test_config_snmp_contact_del_new_contact_when_contact_exists" time="0.068"></testcase><testcase classname="tests.config_snmp_test.TestSNMPConfigCommands" file="tests/config_snmp_test.py" line="323" name="test_config_snmp_contact_del_with_existing_contact" time="0.068"></testcase><testcase classname="tests.config_snmp_test.TestSNMPConfigCommands" file="tests/config_snmp_test.py" line="343" name="test_config_snmp_contact_modify_email_with_existing_contact" time="0.069"></testcase><testcase classname="tests.config_snmp_test.TestSNMPConfigCommands" file="tests/config_snmp_test.py" line="362" name="test_config_snmp_contact_modify_contact_and_email_with_existing_entry" time="0.069"></testcase><testcase classname="tests.config_snmp_test.TestSNMPConfigCommands" file="tests/config_snmp_test.py" line="380" name="test_config_snmp_contact_modify_existing_contact_with_invalid_email" time="0.069"></testcase><testcase classname="tests.config_snmp_test.TestSNMPConfigCommands" file="tests/config_snmp_test.py" line="399" name="test_config_snmp_contact_modify_new_contact_with_invalid_email" time="0.068"></testcase><testcase classname="tests.config_snmp_test.TestSNMPConfigCommands" file="tests/config_snmp_test.py" line="418" name="test_config_snmp_location_add_exiting_location_with_same_location_already_existing" time="0.068"></testcase><testcase classname="tests.config_snmp_test.TestSNMPConfigCommands" file="tests/config_snmp_test.py" line="436" name="test_config_snmp_location_add_new_location_with_location_already_existing" time="0.068"></testcase><testcase classname="tests.config_snmp_test.TestSNMPConfigCommands" file="tests/config_snmp_test.py" line="455" name="test_config_snmp_location_del_with_existing_location" time="0.067"></testcase><testcase classname="tests.config_snmp_test.TestSNMPConfigCommands" file="tests/config_snmp_test.py" line="474" name="test_config_snmp_location_del_new_location_with_location_already_existing" time="0.068"></testcase><testcase classname="tests.config_snmp_test.TestSNMPConfigCommands" file="tests/config_snmp_test.py" line="493" name="test_config_snmp_location_modify_with_same_location" time="0.068"></testcase><testcase classname="tests.config_snmp_test.TestSNMPConfigCommands" file="tests/config_snmp_test.py" line="511" name="test_config_snmp_location_modify_without_redis" time="0.067"></testcase><testcase classname="tests.config_snmp_test.TestSNMPConfigCommands" file="tests/config_snmp_test.py" line="523" name="test_config_snmp_location_modify_without_existing_location" time="0.069"></testcase><testcase classname="tests.config_snmp_test.TestSNMPConfigCommands" file="tests/config_snmp_test.py" line="543" name="test_config_snmp_user_add_invalid_user_name_over_32_characters" time="0.067"></testcase><testcase classname="tests.config_snmp_test.TestSNMPConfigCommands" file="tests/config_snmp_test.py" line="552" name="test_config_snmp_user_add_excluded_special_characters_in_username" time="0.066"></testcase><testcase classname="tests.config_snmp_test.TestSNMPConfigCommands" file="tests/config_snmp_test.py" line="560" name="test_config_snmp_user_add_existing_user" time="0.076"></testcase><testcase classname="tests.config_snmp_test.TestSNMPConfigCommands" file="tests/config_snmp_test.py" line="568" name="test_config_snmp_user_add_invalid_user_type" time="0.067"></testcase><testcase classname="tests.config_snmp_test.TestSNMPConfigCommands" file="tests/config_snmp_test.py" line="578" name="test_config_snmp_user_add_invalid_permission_type" time="0.067"></testcase><testcase classname="tests.config_snmp_test.TestSNMPConfigCommands" file="tests/config_snmp_test.py" line="586" name="test_config_snmp_user_add_user_type_noauthnopriv_with_unnecessary_auth_type" time="0.067"></testcase><testcase classname="tests.config_snmp_test.TestSNMPConfigCommands" file="tests/config_snmp_test.py" line="594" name="test_config_snmp_user_add_user_type_authnopriv_missing_auth_type" time="0.067"></testcase><testcase classname="tests.config_snmp_test.TestSNMPConfigCommands" file="tests/config_snmp_test.py" line="602" name="test_config_snmp_user_add_user_type_authnopriv_missing_auth_password" time="0.067"></testcase><testcase classname="tests.config_snmp_test.TestSNMPConfigCommands" file="tests/config_snmp_test.py" line="610" name="test_config_snmp_user_add_user_type_authnopriv_with_unnecessary_encrypt_type" time="0.067"></testcase><testcase classname="tests.config_snmp_test.TestSNMPConfigCommands" file="tests/config_snmp_test.py" line="618" name="test_config_snmp_user_add_user_type_priv_missing_auth_type" time="0.066"></testcase><testcase classname="tests.config_snmp_test.TestSNMPConfigCommands" file="tests/config_snmp_test.py" line="626" name="test_config_snmp_user_add_user_type_priv_missing_auth_password" time="0.066"></testcase><testcase classname="tests.config_snmp_test.TestSNMPConfigCommands" file="tests/config_snmp_test.py" line="634" name="test_config_snmp_user_add_user_type_priv_missing_encrypt_type" time="0.067"></testcase><testcase classname="tests.config_snmp_test.TestSNMPConfigCommands" file="tests/config_snmp_test.py" line="642" name="test_config_snmp_user_add_user_type_priv_invalid_encrypt_password_over_64_characters" time="0.067"></testcase><testcase classname="tests.config_snmp_test.TestSNMPConfigCommands" file="tests/config_snmp_test.py" line="651" name="test_config_snmp_user_add_user_type_priv_invalid_encrypt_password_excluded_special_characters" time="0.066"></testcase><testcase classname="tests.config_snmp_test.TestSNMPConfigCommands" file="tests/config_snmp_test.py" line="659" name="test_config_snmp_user_add_user_type_priv_invalid_encrypt_password_not_long_enough" time="0.067"></testcase><testcase classname="tests.config_snmp_test.TestSNMPConfigCommands" file="tests/config_snmp_test.py" line="667" name="test_config_snmp_user_add_invalid_auth_type" time="0.066"></testcase><testcase classname="tests.config_snmp_test.TestSNMPConfigCommands" file="tests/config_snmp_test.py" line="675" name="test_config_snmp_user_add_missing_auth_password" time="0.067"></testcase><testcase classname="tests.config_snmp_test.TestSNMPConfigCommands" file="tests/config_snmp_test.py" line="683" name="test_config_snmp_user_add_invalid_encrypt_type" time="0.067"></testcase><testcase classname="tests.config_snmp_test.TestSNMPConfigCommands" file="tests/config_snmp_test.py" line="691" name="test_config_snmp_user_add_missing_encrypt_password" time="0.066"></testcase><testcase classname="tests.config_snmp_test.TestSNMPConfigCommands" file="tests/config_snmp_test.py" line="699" name="test_config_snmp_user_add_user_already_existing" time="0.067"></testcase><testcase classname="tests.config_snmp_test.TestSNMPConfigCommands" file="tests/config_snmp_test.py" line="707" name="test_config_snmp_user_add_valid_user_priv_ro_md5_des" time="0.069"></testcase><testcase classname="tests.config_snmp_test.TestSNMPConfigCommands" file="tests/config_snmp_test.py" line="718" name="test_config_snmp_user_add_valid_user_priv_ro_md5_aes" time="0.068"></testcase><testcase classname="tests.config_snmp_test.TestSNMPConfigCommands" file="tests/config_snmp_test.py" line="729" name="test_config_snmp_user_add_valid_user_priv_ro_sha_des" time="0.068"></testcase><testcase classname="tests.config_snmp_test.TestSNMPConfigCommands" file="tests/config_snmp_test.py" line="740" name="test_config_snmp_user_add_valid_user_priv_ro_sha_aes" time="0.068"></testcase><testcase classname="tests.config_snmp_test.TestSNMPConfigCommands" file="tests/config_snmp_test.py" line="751" name="test_config_snmp_user_add_valid_user_priv_ro_hmac_sha_2_des" time="0.068"></testcase><testcase classname="tests.config_snmp_test.TestSNMPConfigCommands" file="tests/config_snmp_test.py" line="763" name="test_config_snmp_user_add_valid_user_priv_ro_hmac_sha_2_aes" time="0.068"></testcase><testcase classname="tests.config_snmp_test.TestSNMPConfigCommands" file="tests/config_snmp_test.py" line="775" name="test_config_snmp_user_add_valid_user_priv_rw_md5_des" time="0.068"></testcase><testcase classname="tests.config_snmp_test.TestSNMPConfigCommands" file="tests/config_snmp_test.py" line="786" name="test_config_snmp_user_add_valid_user_priv_rw_md5_aes" time="0.069"></testcase><testcase classname="tests.config_snmp_test.TestSNMPConfigCommands" file="tests/config_snmp_test.py" line="797" name="test_config_snmp_user_add_valid_user_priv_rw_sha_des" time="0.068"></testcase><testcase classname="tests.config_snmp_test.TestSNMPConfigCommands" file="tests/config_snmp_test.py" line="808" name="test_config_snmp_user_add_valid_user_priv_rw_sha_aes" time="0.069"></testcase><testcase classname="tests.config_snmp_test.TestSNMPConfigCommands" file="tests/config_snmp_test.py" line="819" name="test_config_snmp_user_add_valid_user_priv_rw_hmac_sha_2_des" time="0.068"></testcase><testcase classname="tests.config_snmp_test.TestSNMPConfigCommands" file="tests/config_snmp_test.py" line="831" name="test_config_snmp_user_add_valid_user_priv_rw_hmac_sha_2_aes" time="0.068"></testcase><testcase classname="tests.config_snmp_test.TestSNMPConfigCommands" file="tests/config_snmp_test.py" line="844" name="test_config_snmp_user_del_valid_user" time="0.068"></testcase><testcase classname="tests.config_snmp_test.TestSNMPConfigCommands" file="tests/config_snmp_test.py" line="853" name="test_config_snmp_user_del_invalid_user" time="0.067"></testcase><testcase classname="tests.config_snmp_test.TestSNMPConfigCommands" file="tests/config_snmp_test.py" line="861" name="test_is_valid_email[test@contoso]" time="0.001"></testcase><testcase classname="tests.config_snmp_test.TestSNMPConfigCommands" file="tests/config_snmp_test.py" line="861" name="test_is_valid_email[test.contoso.com]" time="0.001"></testcase><testcase classname="tests.config_snmp_test.TestSNMPConfigCommands" file="tests/config_snmp_test.py" line="861" name="test_is_valid_email[testcontoso@com]" time="0.001"></testcase><testcase classname="tests.config_snmp_test.TestSNMPConfigCommands" file="tests/config_snmp_test.py" line="861" name="test_is_valid_email[123_%contoso.com]" time="0.001"></testcase><testcase classname="tests.config_snmp_test.TestSNMPConfigCommands" file="tests/config_snmp_test.py" line="861" name="test_is_valid_email[mytest@contoso.comm]" time="0.002"></testcase><testcase classname="tests.config_test.TestConfigReload" file="tests/config_test.py" line="210" name="test_config_reload" time="0.586"></testcase><testcase classname="tests.config_test.TestConfigReload" file="tests/config_test.py" line="236" name="test_config_reload_untriggered_timer" time="0.137"></testcase><testcase classname="tests.config_test.TestLoadMinigraph" file="tests/config_test.py" line="282" name="test_load_minigraph" time="0.133"></testcase><testcase classname="tests.config_test.TestLoadMinigraph" file="tests/config_test.py" line="298" name="test_load_minigraph_with_gnmi_timer" time="0.119"></testcase><testcase classname="tests.config_test.TestLoadMinigraph" file="tests/config_test.py" line="314" name="test_load_minigraph_with_port_config_bad_format" time="0.231"></testcase><testcase classname="tests.config_test.TestLoadMinigraph" file="tests/config_test.py" line="328" name="test_load_minigraph_with_port_config_inconsistent_port" time="0.119"></testcase><testcase classname="tests.config_test.TestLoadMinigraph" file="tests/config_test.py" line="339" name="test_load_minigraph_with_port_config" time="0.165"></testcase><testcase classname="tests.config_test.TestLoadMinigraph" file="tests/config_test.py" line="356" name="test_load_backend_acl" time="0.120"></testcase><testcase classname="tests.config_test.TestLoadMinigraph" file="tests/config_test.py" line="361" name="test_load_backend_acl_not_storage" time="0.117"></testcase><testcase classname="tests.config_test.TestLoadMinigraph" file="tests/config_test.py" line="365" name="test_load_backend_acl_storage_leaf" time="0.117"></testcase><testcase classname="tests.config_test.TestLoadMinigraph" file="tests/config_test.py" line="370" name="test_load_backend_acl_storage_no_dataacl" time="0.118"></testcase><testcase classname="tests.config_test.TestLoadMinigraph" file="tests/config_test.py" line="413" name="test_load_minigraph_with_non_exist_golden_config_path" time="0.101"></testcase><testcase classname="tests.config_test.TestLoadMinigraph" file="tests/config_test.py" line="424" name="test_load_minigraph_with_specified_golden_config_path" time="0.114"></testcase><testcase classname="tests.config_test.TestLoadMinigraph" file="tests/config_test.py" line="435" name="test_load_minigraph_with_default_golden_config_path" time="0.116"></testcase><testcase classname="tests.config_test.TestLoadMinigraph" file="tests/config_test.py" line="446" name="test_load_minigraph_with_traffic_shift_away" time="0.115"></testcase><testcase classname="tests.config_test.TestLoadMinigraph" file="tests/config_test.py" line="457" name="test_load_minigraph_with_traffic_shift_away_with_golden_config" time="0.182"></testcase><testcase classname="tests.config_test.TestReloadConfig" file="tests/config_test.py" line="490" name="test_reload_config" time="0.136"></testcase><testcase classname="tests.config_test.TestReloadConfig" file="tests/config_test.py" line="509" name="test_config_reload_disabled_service" time="0.116"></testcase><testcase classname="tests.config_test.TestReloadConfig" file="tests/config_test.py" line="528" name="test_reload_config_masic" time="0.173"></testcase><testcase classname="tests.config_test.TestReloadConfig" file="tests/config_test.py" line="551" name="test_reload_yang_config" time="0.116"></testcase><testcase classname="tests.config_test.TestConfigCbf" file="tests/config_test.py" line="585" name="test_cbf_reload_single" time="0.608"></testcase><testcase classname="tests.config_test.TestConfigCbfMasic" file="tests/config_test.py" line="631" name="test_cbf_reload_masic" time="0.860"></testcase><testcase classname="tests.config_test.TestConfigQos" file="tests/config_test.py" line="684" name="test_qos_reload_single" time="0.545"></testcase><testcase classname="tests.config_test.TestConfigQos" file="tests/config_test.py" line="711" name="test_qos_update_single" time="0.507"></testcase><testcase classname="tests.config_test.TestConfigQosMasic" file="tests/config_test.py" line="749" name="test_qos_reload_masic" time="1.006"></testcase><testcase classname="tests.config_test.TestConfigQosMasic" file="tests/config_test.py" line="782" name="test_qos_update_masic" time="0.985"></testcase><testcase classname="tests.config_test.TestGenericUpdateCommands" file="tests/config_test.py" line="883" name="test_apply_patch__all_optional_params_non_default__non_default_values_used" time="0.017"></testcase><testcase classname="tests.config_test.TestGenericUpdateCommands" file="tests/config_test.py" line="912" name="test_apply_patch__exception_thrown__error_displayed_error_code_returned" time="0.009"></testcase><testcase classname="tests.config_test.TestGenericUpdateCommands" file="tests/config_test.py" line="853" name="test_apply_patch__help__gets_help_msg" time="0.002"></testcase><testcase classname="tests.config_test.TestGenericUpdateCommands" file="tests/config_test.py" line="841" name="test_apply_patch__no_params__get_required_params_error_msg" time="0.001"></testcase><testcase classname="tests.config_test.TestGenericUpdateCommands" file="tests/config_test.py" line="865" name="test_apply_patch__only_required_params__default_values_used_for_optional_params" time="0.006"></testcase><testcase classname="tests.config_test.TestGenericUpdateCommands" file="tests/config_test.py" line="930" name="test_apply_patch__optional_parameters_passed_correctly" time="0.027"></testcase><testcase classname="tests.config_test.TestGenericUpdateCommands" file="tests/config_test.py" line="1246" name="test_checkpoint__all_optional_params_non_default__non_default_values_used" time="0.002"></testcase><testcase classname="tests.config_test.TestGenericUpdateCommands" file="tests/config_test.py" line="1266" name="test_checkpoint__exception_thrown__error_displayed_error_code_returned" time="0.002"></testcase><testcase classname="tests.config_test.TestGenericUpdateCommands" file="tests/config_test.py" line="1218" name="test_checkpoint__help__gets_help_msg" time="0.001"></testcase><testcase classname="tests.config_test.TestGenericUpdateCommands" file="tests/config_test.py" line="1206" name="test_checkpoint__no_params__get_required_params_error_msg" time="0.001"></testcase><testcase classname="tests.config_test.TestGenericUpdateCommands" file="tests/config_test.py" line="1230" name="test_checkpoint__only_required_params__default_values_used_for_optional_params" time="0.002"></testcase><testcase classname="tests.config_test.TestGenericUpdateCommands" file="tests/config_test.py" line="1283" name="test_checkpoint__optional_parameters_passed_correctly" time="0.002"></testcase><testcase classname="tests.config_test.TestGenericUpdateCommands" file="tests/config_test.py" line="1345" name="test_delete_checkpoint__all_optional_params_non_default__non_default_values_used" time="0.002"></testcase><testcase classname="tests.config_test.TestGenericUpdateCommands" file="tests/config_test.py" line="1365" name="test_delete_checkpoint__exception_thrown__error_displayed_error_code_returned" time="0.002"></testcase><testcase classname="tests.config_test.TestGenericUpdateCommands" file="tests/config_test.py" line="1317" name="test_delete_checkpoint__help__gets_help_msg" time="0.001"></testcase><testcase classname="tests.config_test.TestGenericUpdateCommands" file="tests/config_test.py" line="1305" name="test_delete_checkpoint__no_params__get_required_params_error_msg" time="0.001"></testcase><testcase classname="tests.config_test.TestGenericUpdateCommands" file="tests/config_test.py" line="1329" name="test_delete_checkpoint__only_required_params__default_values_used_for_optional_params" time="0.002"></testcase><testcase classname="tests.config_test.TestGenericUpdateCommands" file="tests/config_test.py" line="1382" name="test_delete_checkpoint__optional_parameters_passed_correctly" time="0.002"></testcase><testcase classname="tests.config_test.TestGenericUpdateCommands" file="tests/config_test.py" line="1416" name="test_list_checkpoints__all_optional_params_non_default__non_default_values_used" time="0.002"></testcase><testcase classname="tests.config_test.TestGenericUpdateCommands" file="tests/config_test.py" line="1436" name="test_list_checkpoints__exception_thrown__error_displayed_error_code_returned" time="0.002"></testcase><testcase classname="tests.config_test.TestGenericUpdateCommands" file="tests/config_test.py" line="1404" name="test_list_checkpoints__help__gets_help_msg" time="0.001"></testcase><testcase classname="tests.config_test.TestGenericUpdateCommands" file="tests/config_test.py" line="1452" name="test_list_checkpoints__optional_parameters_passed_correctly" time="0.002"></testcase><testcase classname="tests.config_test.TestGenericUpdateCommands" file="tests/config_test.py" line="1008" name="test_replace__all_optional_params_non_default__non_default_values_used" time="0.007"></testcase><testcase classname="tests.config_test.TestGenericUpdateCommands" file="tests/config_test.py" line="1037" name="test_replace__exception_thrown__error_displayed_error_code_returned" time="0.006"></testcase><testcase classname="tests.config_test.TestGenericUpdateCommands" file="tests/config_test.py" line="978" name="test_replace__help__gets_help_msg" time="0.002"></testcase><testcase classname="tests.config_test.TestGenericUpdateCommands" file="tests/config_test.py" line="966" name="test_replace__no_params__get_required_params_error_msg" time="0.001"></testcase><testcase classname="tests.config_test.TestGenericUpdateCommands" file="tests/config_test.py" line="990" name="test_replace__only_required_params__default_values_used_for_optional_params" time="0.006"></testcase><testcase classname="tests.config_test.TestGenericUpdateCommands" file="tests/config_test.py" line="1055" name="test_replace__optional_parameters_passed_correctly" time="0.026"></testcase><testcase classname="tests.config_test.TestGenericUpdateCommands" file="tests/config_test.py" line="1131" name="test_rollback__all_optional_params_non_default__non_default_values_used" time="0.002"></testcase><testcase classname="tests.config_test.TestGenericUpdateCommands" file="tests/config_test.py" line="1158" name="test_rollback__exception_thrown__error_displayed_error_code_returned" time="0.002"></testcase><testcase classname="tests.config_test.TestGenericUpdateCommands" file="tests/config_test.py" line="1103" name="test_rollback__help__gets_help_msg" time="0.002"></testcase><testcase classname="tests.config_test.TestGenericUpdateCommands" file="tests/config_test.py" line="1091" name="test_rollback__no_params__get_required_params_error_msg" time="0.002"></testcase><testcase classname="tests.config_test.TestGenericUpdateCommands" file="tests/config_test.py" line="1115" name="test_rollback__only_required_params__default_values_used_for_optional_params" time="0.004"></testcase><testcase classname="tests.config_test.TestGenericUpdateCommands" file="tests/config_test.py" line="1175" name="test_rollback__optional_parameters_passed_correctly" time="0.008"></testcase><testcase classname="tests.config_test.TestConfigLoadMgmtConfig" file="tests/config_test.py" line="1488" name="test_config_load_mgmt_config_ipv4_only" time="0.021"></testcase><testcase classname="tests.config_test.TestConfigLoadMgmtConfig" file="tests/config_test.py" line="1503" name="test_config_load_mgmt_config_ipv6_only" time="0.004"></testcase><testcase classname="tests.config_test.TestConfigLoadMgmtConfig" file="tests/config_test.py" line="1518" name="test_config_load_mgmt_config_ipv4_ipv6" time="0.005"></testcase><testcase classname="tests.config_test.TestConfigRate" file="tests/config_test.py" line="1578" name="test_config_rate" time="0.032"></testcase><testcase classname="tests.config_test.TestConfigHostname" file="tests/config_test.py" line="1605" name="test_hostname_add" time="0.017"></testcase><testcase classname="tests.config_test.TestConfigLoopback" file="tests/config_test.py" line="1639" name="test_add_loopback_with_invalid_name_yang_validation" time="0.082"></testcase><testcase classname="tests.config_test.TestConfigLoopback" file="tests/config_test.py" line="1653" name="test_add_loopback_with_invalid_name_adhoc_validation" time="0.067"></testcase><testcase classname="tests.config_test.TestConfigLoopback" file="tests/config_test.py" line="1677" name="test_del_nonexistent_loopback_adhoc_validation" time="0.067"></testcase><testcase classname="tests.config_test.TestConfigLoopback" file="tests/config_test.py" line="1689" name="test_add_loopback_yang_validation" time="0.067"></testcase><testcase classname="tests.config_test.TestConfigLoopback" file="tests/config_test.py" line="1702" name="test_add_loopback_adhoc_validation" time="0.067"></testcase><testcase classname="tests.config_xcvr_test.TestConfigXcvr" file="tests/config_xcvr_test.py" line="30" name="test_config_laser_frequency" time="1.143"></testcase><testcase classname="tests.config_xcvr_test.TestConfigXcvr" file="tests/config_xcvr_test.py" line="40" name="test_config_tx_power" time="1.072"></testcase><testcase classname="tests.console_test.TestConfigConsoleCommands" file="tests/console_test.py" line="22" name="test_enable_console_switch" time="0.134"></testcase><testcase classname="tests.console_test.TestConfigConsoleCommands" file="tests/console_test.py" line="31" name="test_disable_console_switch" time="0.132"></testcase><testcase classname="tests.console_test.TestConfigConsoleCommands" file="tests/console_test.py" line="40" name="test_console_add_exists" time="0.067"></testcase><testcase classname="tests.console_test.TestConfigConsoleCommands" file="tests/console_test.py" line="52" name="test_console_add_no_baud" time="0.067"></testcase><testcase classname="tests.console_test.TestConfigConsoleCommands" file="tests/console_test.py" line="63" name="test_console_add_name_conflict" time="0.067"></testcase><testcase classname="tests.console_test.TestConfigConsoleCommands" file="tests/console_test.py" line="75" name="test_console_add_success" time="0.068"></testcase><testcase classname="tests.console_test.TestConfigConsoleCommands" file="tests/console_test.py" line="97" name="test_console_del_non_exists" time="0.067"></testcase><testcase classname="tests.console_test.TestConfigConsoleCommands" file="tests/console_test.py" line="108" name="test_console_del_success" time="0.067"></testcase><testcase classname="tests.console_test.TestConfigConsoleCommands" file="tests/console_test.py" line="119" name="test_update_console_remote_device_name_non_exists" time="0.066"></testcase><testcase classname="tests.console_test.TestConfigConsoleCommands" file="tests/console_test.py" line="130" name="test_update_console_remote_device_name_conflict" time="0.067"></testcase><testcase classname="tests.console_test.TestConfigConsoleCommands" file="tests/console_test.py" line="143" name="test_update_console_remote_device_name_existing_and_same" time="0.067"></testcase><testcase classname="tests.console_test.TestConfigConsoleCommands" file="tests/console_test.py" line="154" name="test_update_console_remote_device_name_reset" time="0.066"></testcase><testcase classname="tests.console_test.TestConfigConsoleCommands" file="tests/console_test.py" line="165" name="test_update_console_remote_device_name_success" time="0.067"></testcase><testcase classname="tests.console_test.TestConfigConsoleCommands" file="tests/console_test.py" line="176" name="test_update_console_baud_no_change" time="0.067"></testcase><testcase classname="tests.console_test.TestConfigConsoleCommands" file="tests/console_test.py" line="187" name="test_update_console_baud_non_exists" time="0.067"></testcase><testcase classname="tests.console_test.TestConfigConsoleCommands" file="tests/console_test.py" line="198" name="test_update_console_baud_success" time="0.067"></testcase><testcase classname="tests.console_test.TestConfigConsoleCommands" file="tests/console_test.py" line="209" name="test_update_console_flow_control_no_change" time="0.067"></testcase><testcase classname="tests.console_test.TestConfigConsoleCommands" file="tests/console_test.py" line="220" name="test_update_console_flow_control_non_exists" time="0.067"></testcase><testcase classname="tests.console_test.TestConfigConsoleCommands" file="tests/console_test.py" line="231" name="test_update_console_flow_control_success" time="0.067"></testcase><testcase classname="tests.console_test.TestConsutilLib" file="tests/console_test.py" line="247" name="test_console_port_provider_get_all_configured_only_empty" time="0.070"></testcase><testcase classname="tests.console_test.TestConsutilLib" file="tests/console_test.py" line="252" name="test_console_port_provider_get_all_configured_only_nonempty" time="0.066"></testcase><testcase classname="tests.console_test.TestConsutilLib" file="tests/console_test.py" line="259" name="test_console_port_provider_get_all_with_ttys" time="0.067"></testcase><testcase classname="tests.console_test.TestConsutilLib" file="tests/console_test.py" line="269" name="test_console_port_provider_get_line_success" time="0.067"></testcase><testcase classname="tests.console_test.TestConsutilLib" file="tests/console_test.py" line="278" name="test_console_port_provider_get_line_not_found" time="0.066"></testcase><testcase classname="tests.console_test.TestConsutilLib" file="tests/console_test.py" line="284" name="test_console_port_provider_get_line_by_device_success" time="0.066"></testcase><testcase classname="tests.console_test.TestConsutilLib" file="tests/console_test.py" line="293" name="test_console_port_provider_get_line_by_device_not_found" time="0.066"></testcase><testcase classname="tests.console_test.TestConsutilLib" file="tests/console_test.py" line="301" name="test_console_port_info_refresh_without_session" time="0.066"></testcase><testcase classname="tests.console_test.TestConsutilLib" file="tests/console_test.py" line="311" name="test_console_port_info_refresh_without_session_idle" time="0.066"></testcase><testcase classname="tests.console_test.TestConsutilLib" file="tests/console_test.py" line="319" name="test_console_port_info_refresh_with_session" time="0.067"></testcase><testcase classname="tests.console_test.TestConsutilLib" file="tests/console_test.py" line="332" name="test_console_port_info_refresh_with_session_line_mismatch" time="0.067"></testcase><testcase classname="tests.console_test.TestConsutilLib" file="tests/console_test.py" line="345" name="test_console_port_info_refresh_with_session_process_ended" time="0.067"></testcase><testcase classname="tests.console_test.TestConsutilLib" file="tests/console_test.py" line="356" name="test_console_port_info_connect_state_busy" time="0.068"></testcase><testcase classname="tests.console_test.TestConsutilLib" file="tests/console_test.py" line="364" name="test_console_port_info_connect_invalid_config" time="0.078"></testcase><testcase classname="tests.console_test.TestConsutilLib" file="tests/console_test.py" line="372" name="test_console_port_info_connect_device_busy" time="0.069"></testcase><testcase classname="tests.console_test.TestConsutilLib" file="tests/console_test.py" line="384" name="test_console_port_info_connect_connection_fail" time="0.069"></testcase><testcase classname="tests.console_test.TestConsutilLib" file="tests/console_test.py" line="396" name="test_console_port_info_connect_success" time="0.068"></testcase><testcase classname="tests.console_test.TestConsutilLib" file="tests/console_test.py" line="409" name="test_console_port_info_clear_session_line_not_busy" time="0.067"></testcase><testcase classname="tests.console_test.TestConsutilLib" file="tests/console_test.py" line="416" name="test_console_port_info_clear_session_with_state_db" time="0.066"></testcase><testcase classname="tests.console_test.TestConsutilLib" file="tests/console_test.py" line="424" name="test_console_port_info_clear_session_with_existing_session" time="0.067"></testcase><testcase classname="tests.console_test.TestConsutilLib" file="tests/console_test.py" line="432" name="test_sys_info_provider_init_device_prefix_plugin_nonexists" time="0.001"></testcase><testcase classname="tests.console_test.TestConsutilLib" file="tests/console_test.py" line="438" name="test_sys_info_provider_init_device_prefix_plugin" time="0.006"></testcase><testcase classname="tests.console_test.TestConsutilLib" file="tests/console_test.py" line="446" name="test_sys_info_provider_list_console_ttys" time="0.001"></testcase><testcase classname="tests.console_test.TestConsutilLib" file="tests/console_test.py" line="453" name="test_sys_info_provider_list_console_ttys_device_not_exists" time="0.001"></testcase><testcase classname="tests.console_test.TestConsutilLib" file="tests/console_test.py" line="462" name="test_sys_info_provider_list_active_console_processes" time="0.002"></testcase><testcase classname="tests.console_test.TestConsutilLib" file="tests/console_test.py" line="471" name="test_sys_info_provider_get_active_console_process_info_exists" time="0.001"></testcase><testcase classname="tests.console_test.TestConsutilLib" file="tests/console_test.py" line="479" name="test_sys_info_provider_get_active_console_process_info_nonexists" time="0.001"></testcase><testcase classname="tests.console_test.TestConsutil" file="tests/console_test.py" line="490" name="test_consutil_feature_disabled_null_config" time="0.067"></testcase><testcase classname="tests.console_test.TestConsutil" file="tests/console_test.py" line="502" name="test_consutil_feature_disabled_config" time="0.066"></testcase><testcase classname="tests.console_test.TestConsutil" file="tests/console_test.py" line="515" name="test_consutil_feature_enabled" time="0.089"></testcase><testcase classname="tests.console_test.TestConsutilShow" file="tests/console_test.py" line="539" name="test_show" time="0.071"></testcase><testcase classname="tests.console_test.TestConsutilShow" file="tests/console_test.py" line="559" name="test_show_stale_idle_to_busy" time="0.067"></testcase><testcase classname="tests.console_test.TestConsutilShow" file="tests/console_test.py" line="575" name="test_show_stale_busy_to_idle" time="0.068"></testcase><testcase classname="tests.console_test.TestConsutilConnect" file="tests/console_test.py" line="604" name="test_connect_target_nonexists" time="0.068"></testcase><testcase classname="tests.console_test.TestConsutilConnect" file="tests/console_test.py" line="623" name="test_connect_line_busy" time="0.068"></testcase><testcase classname="tests.console_test.TestConsutilConnect" file="tests/console_test.py" line="643" name="test_connect_no_baud" time="0.080"></testcase><testcase classname="tests.console_test.TestConsutilConnect" file="tests/console_test.py" line="655" name="test_connect_picocom_err" time="0.069"></testcase><testcase classname="tests.console_test.TestConsutilConnect" file="tests/console_test.py" line="668" name="test_connect_success" time="0.068"></testcase><testcase classname="tests.console_test.TestConsutilClear" file="tests/console_test.py" line="687" name="test_clear_without_root" time="0.067"></testcase><testcase classname="tests.console_test.TestConsutilClear" file="tests/console_test.py" line="700" name="test_clear_line_not_found" time="0.067"></testcase><testcase classname="tests.console_test.TestConsutilClear" file="tests/console_test.py" line="713" name="test_clear_idle" time="0.067"></testcase><testcase classname="tests.console_test.TestConsutilClear" file="tests/console_test.py" line="728" name="test_clear_success" time="0.068"></testcase><testcase classname="tests.coredump_gen_handler_test.TestCoreDumpCreationEvent" file="tests/coredump_gen_handler_test.py" line="452" name="test_auto_ts_empty_state_db" time="0.271"></testcase><testcase classname="tests.coredump_gen_handler_test.TestCoreDumpCreationEvent" file="tests/coredump_gen_handler_test.py" line="433" name="test_auto_ts_options" time="0.076"></testcase><testcase classname="tests.coredump_gen_handler_test.TestCoreDumpCreationEvent" file="tests/coredump_gen_handler_test.py" line="362" name="test_core_dump_cleanup" time="0.079"></testcase><testcase classname="tests.coredump_gen_handler_test.TestCoreDumpCreationEvent" file="tests/coredump_gen_handler_test.py" line="204" name="test_core_dump_with_invalid_container_name" time="0.076"></testcase><testcase classname="tests.coredump_gen_handler_test.TestCoreDumpCreationEvent" file="tests/coredump_gen_handler_test.py" line="232" name="test_feature_table_not_set" time="0.076"></testcase><testcase classname="tests.coredump_gen_handler_test.TestCoreDumpCreationEvent" file="tests/coredump_gen_handler_test.py" line="109" name="test_global_rate_limit_interval" time="0.078"></testcase><testcase classname="tests.coredump_gen_handler_test.TestCoreDumpCreationEvent" file="tests/coredump_gen_handler_test.py" line="326" name="test_invalid_since_argument" time="0.079"></testcase><testcase classname="tests.coredump_gen_handler_test.TestCoreDumpCreationEvent" file="tests/coredump_gen_handler_test.py" line="172" name="test_invoc_ts_after_rate_limit_interval" time="0.329"></testcase><testcase classname="tests.coredump_gen_handler_test.TestCoreDumpCreationEvent" file="tests/coredump_gen_handler_test.py" line="77" name="test_invoc_ts_state_db_update" time="0.078"></testcase><testcase classname="tests.coredump_gen_handler_test.TestCoreDumpCreationEvent" file="tests/coredump_gen_handler_test.py" line="295" name="test_masic_core_dump" time="0.079"></testcase><testcase classname="tests.coredump_gen_handler_test.TestCoreDumpCreationEvent" file="tests/coredump_gen_handler_test.py" line="382" name="test_max_core_size_limit_not_crossed" time="0.077"></testcase><testcase classname="tests.coredump_gen_handler_test.TestCoreDumpCreationEvent" file="tests/coredump_gen_handler_test.py" line="407" name="test_max_retry_ts_failure" time="0.075"></testcase><testcase classname="tests.coredump_gen_handler_test.TestCoreDumpCreationEvent" file="tests/coredump_gen_handler_test.py" line="142" name="test_per_container_rate_limit_interval" time="0.329"></testcase><testcase classname="tests.coredump_gen_handler_test.TestCoreDumpCreationEvent" file="tests/coredump_gen_handler_test.py" line="260" name="test_since_argument" time="0.079"></testcase><testcase classname="tests.counterpoll_test.TestCounterpoll" file="tests/counterpoll_test.py" line="40" name="test_show" time="0.017"></testcase><testcase classname="tests.counterpoll_test.TestCounterpoll" file="tests/counterpoll_test.py" line="46" name="test_port_buffer_drop_interval" time="0.015"></testcase><testcase classname="tests.counterpoll_test.TestCounterpoll" file="tests/counterpoll_test.py" line="52" name="test_port_buffer_drop_interval_too_short" time="0.001"></testcase><testcase classname="tests.counterpoll_test.TestCounterpoll" file="tests/counterpoll_test.py" line="60" name="test_pg_drop_interval_too_long" time="0.001"></testcase><testcase classname="tests.counterpoll_test.TestCounterpoll" file="tests/counterpoll_test.py" line="68" name="test_acl_interval_range[100]" time="0.001"></testcase><testcase classname="tests.counterpoll_test.TestCounterpoll" file="tests/counterpoll_test.py" line="68" name="test_acl_interval_range[50000]" time="0.001"></testcase><testcase classname="tests.counterpoll_test.TestCounterpoll" file="tests/counterpoll_test.py" line="87" name="test_update_counter_config_db_status[disable]" time="0.014"></testcase><testcase classname="tests.counterpoll_test.TestCounterpoll" file="tests/counterpoll_test.py" line="87" name="test_update_counter_config_db_status[enable]" time="0.036"></testcase><testcase classname="tests.counterpoll_test.TestCounterpoll" file="tests/counterpoll_test.py" line="99" name="test_update_pg_drop_status[disable]" time="0.067"></testcase><testcase classname="tests.counterpoll_test.TestCounterpoll" file="tests/counterpoll_test.py" line="99" name="test_update_pg_drop_status[enable]" time="0.066"></testcase><testcase classname="tests.counterpoll_test.TestCounterpoll" file="tests/counterpoll_test.py" line="111" name="test_update_pg_drop_interval" time="0.067"></testcase><testcase classname="tests.counterpoll_test.TestCounterpoll" file="tests/counterpoll_test.py" line="123" name="test_update_acl_status[disable]" time="0.067"></testcase><testcase classname="tests.counterpoll_test.TestCounterpoll" file="tests/counterpoll_test.py" line="123" name="test_update_acl_status[enable]" time="0.066"></testcase><testcase classname="tests.counterpoll_test.TestCounterpoll" file="tests/counterpoll_test.py" line="135" name="test_update_acl_interval" time="0.068"></testcase><testcase classname="tests.counterpoll_test.TestCounterpoll" file="tests/counterpoll_test.py" line="147" name="test_update_trap_counter_status[disable]" time="0.068"></testcase><testcase classname="tests.counterpoll_test.TestCounterpoll" file="tests/counterpoll_test.py" line="147" name="test_update_trap_counter_status[enable]" time="0.067"></testcase><testcase classname="tests.counterpoll_test.TestCounterpoll" file="tests/counterpoll_test.py" line="159" name="test_update_route_flow_counter_status[disable]" time="0.067"></testcase><testcase classname="tests.counterpoll_test.TestCounterpoll" file="tests/counterpoll_test.py" line="159" name="test_update_route_flow_counter_status[enable]" time="0.068"></testcase><testcase classname="tests.counterpoll_test.TestCounterpoll" file="tests/counterpoll_test.py" line="171" name="test_update_trap_counter_interval" time="0.067"></testcase><testcase classname="tests.counterpoll_test.TestCounterpoll" file="tests/counterpoll_test.py" line="195" name="test_update_route_counter_interval" time="0.068"></testcase><testcase classname="tests.crm_test.TestCrm" file="tests/crm_test.py" line="1043" name="test_crm_show_summary" time="0.120"></testcase><testcase classname="tests.crm_test.TestCrm" file="tests/crm_test.py" line="1057" name="test_crm_config_polling_interval" time="0.120"></testcase><testcase classname="tests.crm_test.TestCrm" file="tests/crm_test.py" line="1069" name="test_crm_show_thresholds_acl_group" time="0.173"></testcase><testcase classname="tests.crm_test.TestCrm" file="tests/crm_test.py" line="1085" name="test_crm_show_thresholds_acl_table" time="0.173"></testcase><testcase classname="tests.crm_test.TestCrm" file="tests/crm_test.py" line="1101" name="test_crm_show_thresholds_all" time="0.017"></testcase><testcase classname="tests.crm_test.TestCrm" file="tests/crm_test.py" line="1108" name="test_crm_show_thresholds_fdb" time="0.177"></testcase><testcase classname="tests.crm_test.TestCrm" file="tests/crm_test.py" line="1124" name="test_crm_show_thresholds_ipv4_neighbor" time="0.173"></testcase><testcase classname="tests.crm_test.TestCrm" file="tests/crm_test.py" line="1140" name="test_crm_show_thresholds_ipv4_nexthop" time="0.173"></testcase><testcase classname="tests.crm_test.TestCrm" file="tests/crm_test.py" line="1156" name="test_crm_show_thresholds_ipv4_route" time="0.175"></testcase><testcase classname="tests.crm_test.TestCrm" file="tests/crm_test.py" line="1172" name="test_crm_show_thresholds_ipv6_neighbor" time="0.173"></testcase><testcase classname="tests.crm_test.TestCrm" file="tests/crm_test.py" line="1188" name="test_crm_show_thresholds_ipv6_nexthop" time="0.172"></testcase><testcase classname="tests.crm_test.TestCrm" file="tests/crm_test.py" line="1204" name="test_crm_show_thresholds_ipv6_route" time="0.173"></testcase><testcase classname="tests.crm_test.TestCrm" file="tests/crm_test.py" line="1220" name="test_crm_show_thresholds_nexthop_group_member" time="0.174"></testcase><testcase classname="tests.crm_test.TestCrm" file="tests/crm_test.py" line="1236" name="test_crm_show_thresholds_nexthop_group_object" time="0.174"></testcase><testcase classname="tests.crm_test.TestCrm" file="tests/crm_test.py" line="1252" name="test_crm_show_thresholds_snat" time="0.174"></testcase><testcase classname="tests.crm_test.TestCrm" file="tests/crm_test.py" line="1268" name="test_crm_show_thresholds_dnat" time="0.173"></testcase><testcase classname="tests.crm_test.TestCrm" file="tests/crm_test.py" line="1284" name="test_crm_show_thresholds_mpls_nexthop" time="0.172"></testcase><testcase classname="tests.crm_test.TestCrm" file="tests/crm_test.py" line="1300" name="test_crm_show_thresholds_mpls_inseg" time="0.172"></testcase><testcase classname="tests.crm_test.TestCrm" file="tests/crm_test.py" line="1316" name="test_crm_show_thresholds_ipmc" time="0.172"></testcase><testcase classname="tests.crm_test.TestCrm" file="tests/crm_test.py" line="1332" name="test_crm_show_resources_acl_group" time="0.055"></testcase><testcase classname="tests.crm_test.TestCrm" file="tests/crm_test.py" line="1339" name="test_crm_show_resources_acl_table" time="0.054"></testcase><testcase classname="tests.crm_test.TestCrm" file="tests/crm_test.py" line="1346" name="test_crm_show_resources_all" time="0.159"></testcase><testcase classname="tests.crm_test.TestCrm" file="tests/crm_test.py" line="1353" name="test_crm_show_resources_fdb" time="0.053"></testcase><testcase classname="tests.crm_test.TestCrm" file="tests/crm_test.py" line="1360" name="test_crm_show_resources_ipv4_neighbor" time="0.053"></testcase><testcase classname="tests.crm_test.TestCrm" file="tests/crm_test.py" line="1367" name="test_crm_show_resources_ipv4_nexthop" time="0.055"></testcase><testcase classname="tests.crm_test.TestCrm" file="tests/crm_test.py" line="1374" name="test_crm_show_resources_ipv4_route" time="0.052"></testcase><testcase classname="tests.crm_test.TestCrm" file="tests/crm_test.py" line="1381" name="test_crm_show_resources_ipv6_route" time="0.053"></testcase><testcase classname="tests.crm_test.TestCrm" file="tests/crm_test.py" line="1388" name="test_crm_show_resources_ipv6_neighbor" time="0.053"></testcase><testcase classname="tests.crm_test.TestCrm" file="tests/crm_test.py" line="1395" name="test_crm_show_resources_ipv6_nexthop" time="0.053"></testcase><testcase classname="tests.crm_test.TestCrm" file="tests/crm_test.py" line="1402" name="test_crm_show_resources_nexthop_group_member" time="0.053"></testcase><testcase classname="tests.crm_test.TestCrm" file="tests/crm_test.py" line="1409" name="test_crm_show_resources_nexthop" time="0.053"></testcase><testcase classname="tests.crm_test.TestCrm" file="tests/crm_test.py" line="1416" name="test_crm_show_resources_snat" time="0.053"></testcase><testcase classname="tests.crm_test.TestCrm" file="tests/crm_test.py" line="1423" name="test_crm_show_resources_dnat" time="0.053"></testcase><testcase classname="tests.crm_test.TestCrm" file="tests/crm_test.py" line="1430" name="test_crm_show_resources_mpls_inseg" time="0.053"></testcase><testcase classname="tests.crm_test.TestCrm" file="tests/crm_test.py" line="1437" name="test_crm_show_resources_mpls_nexthop" time="0.053"></testcase><testcase classname="tests.crm_test.TestCrm" file="tests/crm_test.py" line="1444" name="test_crm_show_resources_ipmc" time="0.053"></testcase><testcase classname="tests.crm_test.TestCrm" file="tests/crm_test.py" line="1451" name="test_crm_show_resources_srv6_my_sid_entry" time="0.053"></testcase><testcase classname="tests.crm_test.TestCrm" file="tests/crm_test.py" line="1458" name="test_crm_show_resources_srv6_nexthop" time="0.054"></testcase><testcase classname="tests.crm_test.TestCrmMultiAsic" file="tests/crm_test.py" line="1481" name="test_crm_show_summary" time="0.143"></testcase><testcase classname="tests.crm_test.TestCrmMultiAsic" file="tests/crm_test.py" line="1495" name="test_crm_show_thresholds_acl_group" time="0.174"></testcase><testcase classname="tests.crm_test.TestCrmMultiAsic" file="tests/crm_test.py" line="1511" name="test_crm_show_thresholds_acl_table" time="0.176"></testcase><testcase classname="tests.crm_test.TestCrmMultiAsic" file="tests/crm_test.py" line="1527" name="test_crm_show_thresholds_all" time="0.005"></testcase><testcase classname="tests.crm_test.TestCrmMultiAsic" file="tests/crm_test.py" line="1534" name="test_crm_show_thresholds_fdb" time="0.174"></testcase><testcase classname="tests.crm_test.TestCrmMultiAsic" file="tests/crm_test.py" line="1550" name="test_crm_show_thresholds_ipv4_neighbor" time="0.176"></testcase><testcase classname="tests.crm_test.TestCrmMultiAsic" file="tests/crm_test.py" line="1566" name="test_crm_show_thresholds_ipv4_nexthop" time="0.175"></testcase><testcase classname="tests.crm_test.TestCrmMultiAsic" file="tests/crm_test.py" line="1582" name="test_crm_show_thresholds_ipv4_route" time="0.175"></testcase><testcase classname="tests.crm_test.TestCrmMultiAsic" file="tests/crm_test.py" line="1598" name="test_crm_show_thresholds_ipv6_neighbor" time="0.177"></testcase><testcase classname="tests.crm_test.TestCrmMultiAsic" file="tests/crm_test.py" line="1614" name="test_crm_show_thresholds_ipv6_nexthop" time="0.174"></testcase><testcase classname="tests.crm_test.TestCrmMultiAsic" file="tests/crm_test.py" line="1630" name="test_crm_show_thresholds_ipv6_route" time="0.176"></testcase><testcase classname="tests.crm_test.TestCrmMultiAsic" file="tests/crm_test.py" line="1646" name="test_crm_show_thresholds_nexthop_group_member" time="0.174"></testcase><testcase classname="tests.crm_test.TestCrmMultiAsic" file="tests/crm_test.py" line="1662" name="test_crm_show_thresholds_nexthop_group_object" time="0.176"></testcase><testcase classname="tests.crm_test.TestCrmMultiAsic" file="tests/crm_test.py" line="1678" name="test_crm_show_thresholds_snat" time="0.174"></testcase><testcase classname="tests.crm_test.TestCrmMultiAsic" file="tests/crm_test.py" line="1694" name="test_crm_show_thresholds_dnat" time="0.174"></testcase><testcase classname="tests.crm_test.TestCrmMultiAsic" file="tests/crm_test.py" line="1710" name="test_crm_show_thresholds_mpls_nexthop" time="0.176"></testcase><testcase classname="tests.crm_test.TestCrmMultiAsic" file="tests/crm_test.py" line="1726" name="test_crm_show_thresholds_mpls_inseg" time="0.174"></testcase><testcase classname="tests.crm_test.TestCrmMultiAsic" file="tests/crm_test.py" line="1742" name="test_crm_show_thresholds_ipmc" time="0.175"></testcase><testcase classname="tests.crm_test.TestCrmMultiAsic" file="tests/crm_test.py" line="1759" name="test_crm_show_thresholds_srv6_nexthop" time="0.173"></testcase><testcase classname="tests.crm_test.TestCrmMultiAsic" file="tests/crm_test.py" line="1775" name="test_crm_show_thresholds_srv6_my_sid_entry" time="0.175"></testcase><testcase classname="tests.crm_test.TestCrmMultiAsic" file="tests/crm_test.py" line="1791" name="test_crm_multi_asic_show_resources_acl_group" time="0.043"></testcase><testcase classname="tests.crm_test.TestCrmMultiAsic" file="tests/crm_test.py" line="1798" name="test_crm_multi_asic_show_resources_acl_table" time="0.038"></testcase><testcase classname="tests.crm_test.TestCrmMultiAsic" file="tests/crm_test.py" line="1805" name="test_crm_multi_asic_show_resources_all" time="0.116"></testcase><testcase classname="tests.crm_test.TestCrmMultiAsic" file="tests/crm_test.py" line="1812" name="test_crm_multi_asic_show_resources_fdb" time="0.037"></testcase><testcase classname="tests.crm_test.TestCrmMultiAsic" file="tests/crm_test.py" line="1819" name="test_crm_multi_asic_show_resources_ipv4_neighbor" time="0.037"></testcase><testcase classname="tests.crm_test.TestCrmMultiAsic" file="tests/crm_test.py" line="1826" name="test_crm_multi_asic_show_resources_ipv4_nexthop" time="0.037"></testcase><testcase classname="tests.crm_test.TestCrmMultiAsic" file="tests/crm_test.py" line="1833" name="test_crm_multi_asic_show_resources_ipv4_route" time="0.038"></testcase><testcase classname="tests.crm_test.TestCrmMultiAsic" file="tests/crm_test.py" line="1840" name="test_crm_multi_asic_show_resources_ipv6_route" time="0.037"></testcase><testcase classname="tests.crm_test.TestCrmMultiAsic" file="tests/crm_test.py" line="1847" name="test_crm_multi_asic_show_resources_ipv6_neighbor" time="0.037"></testcase><testcase classname="tests.crm_test.TestCrmMultiAsic" file="tests/crm_test.py" line="1854" name="test_crm_multi_asic_show_resources_ipv6_nexthop" time="0.037"></testcase><testcase classname="tests.crm_test.TestCrmMultiAsic" file="tests/crm_test.py" line="1861" name="test_crm_multi_asic_show_resources_nexthop_group_member" time="0.037"></testcase><testcase classname="tests.crm_test.TestCrmMultiAsic" file="tests/crm_test.py" line="1868" name="test_crm_multi_asic_show_resources_nexthop" time="0.037"></testcase><testcase classname="tests.crm_test.TestCrmMultiAsic" file="tests/crm_test.py" line="1875" name="test_crm_multi_asic_show_resources_snat" time="0.037"></testcase><testcase classname="tests.crm_test.TestCrmMultiAsic" file="tests/crm_test.py" line="1882" name="test_crm_multi_asic_show_resources_dnat" time="0.037"></testcase><testcase classname="tests.crm_test.TestCrmMultiAsic" file="tests/crm_test.py" line="1889" name="test_crm_multi_asic_show_resources_mpls_inseg" time="0.037"></testcase><testcase classname="tests.crm_test.TestCrmMultiAsic" file="tests/crm_test.py" line="1896" name="test_crm_multi_asic_show_resources_mpls_nexthop" time="0.037"></testcase><testcase classname="tests.crm_test.TestCrmMultiAsic" file="tests/crm_test.py" line="1903" name="test_crm_multi_asic_show_resources_ipmc" time="0.037"></testcase><testcase classname="tests.crm_test.TestCrmMultiAsic" file="tests/crm_test.py" line="1910" name="test_crm_multi_asic_show_resources_srv6_my_sid_entry" time="0.037"></testcase><testcase classname="tests.crm_test.TestCrmMultiAsic" file="tests/crm_test.py" line="1917" name="test_crm_multi_asic_show_resources_srv6_nexthop" time="0.039"></testcase><testcase classname="tests.db_migrator_test.TestMellanoxBufferMigrator" file="tests/db_migrator_test.py" line="93" name="test_mellanox_buffer_migrator_negative_cold_reboot[empty-config]" time="0.076"></testcase><testcase classname="tests.db_migrator_test.TestMellanoxBufferMigrator" file="tests/db_migrator_test.py" line="93" name="test_mellanox_buffer_migrator_negative_cold_reboot[non-default-config]" time="0.111"></testcase><testcase classname="tests.db_migrator_test.TestMellanoxBufferMigrator" file="tests/db_migrator_test.py" line="93" name="test_mellanox_buffer_migrator_negative_cold_reboot[non-default-xoff]" time="0.159"></testcase><testcase classname="tests.db_migrator_test.TestMellanoxBufferMigrator" file="tests/db_migrator_test.py" line="93" name="test_mellanox_buffer_migrator_negative_cold_reboot[non-default-lossless-profile-in-pg]" time="0.158"></testcase><testcase classname="tests.db_migrator_test.TestMellanoxBufferMigrator" file="tests/db_migrator_test.py" line="93" name="test_mellanox_buffer_migrator_negative_cold_reboot[non-default-lossy-profile-in-pg]" time="0.161"></testcase><testcase classname="tests.db_migrator_test.TestMellanoxBufferMigrator" file="tests/db_migrator_test.py" line="93" name="test_mellanox_buffer_migrator_negative_cold_reboot[non-default-pg]" time="0.160"></testcase><testcase classname="tests.db_migrator_test.TestMellanoxBufferMigrator" file="tests/db_migrator_test.py" line="114" name="test_mellanox_buffer_migrator_for_cold_reboot[t0-sku_version0]" time="0.878"></testcase><testcase classname="tests.db_migrator_test.TestMellanoxBufferMigrator" file="tests/db_migrator_test.py" line="114" name="test_mellanox_buffer_migrator_for_cold_reboot[t0-sku_version1]" time="0.879"></testcase><testcase classname="tests.db_migrator_test.TestMellanoxBufferMigrator" file="tests/db_migrator_test.py" line="114" name="test_mellanox_buffer_migrator_for_cold_reboot[t0-sku_version2]" time="0.527"></testcase><testcase classname="tests.db_migrator_test.TestMellanoxBufferMigrator" file="tests/db_migrator_test.py" line="114" name="test_mellanox_buffer_migrator_for_cold_reboot[t0-sku_version3]" time="0.876"></testcase><testcase classname="tests.db_migrator_test.TestMellanoxBufferMigrator" file="tests/db_migrator_test.py" line="114" name="test_mellanox_buffer_migrator_for_cold_reboot[t0-sku_version4]" time="0.525"></testcase><testcase classname="tests.db_migrator_test.TestMellanoxBufferMigrator" file="tests/db_migrator_test.py" line="114" name="test_mellanox_buffer_migrator_for_cold_reboot[t0-sku_version5]" time="0.879"></testcase><testcase classname="tests.db_migrator_test.TestMellanoxBufferMigrator" file="tests/db_migrator_test.py" line="114" name="test_mellanox_buffer_migrator_for_cold_reboot[t0-sku_version6]" time="0.526"></testcase><testcase classname="tests.db_migrator_test.TestMellanoxBufferMigrator" file="tests/db_migrator_test.py" line="114" name="test_mellanox_buffer_migrator_for_cold_reboot[t0-sku_version7]" time="0.421"></testcase><testcase classname="tests.db_migrator_test.TestMellanoxBufferMigrator" file="tests/db_migrator_test.py" line="114" name="test_mellanox_buffer_migrator_for_cold_reboot[t0-sku_version8]" time="1.043"></testcase><testcase classname="tests.db_migrator_test.TestMellanoxBufferMigrator" file="tests/db_migrator_test.py" line="114" name="test_mellanox_buffer_migrator_for_cold_reboot[t0-sku_version9]" time="0.621"></testcase><testcase classname="tests.db_migrator_test.TestMellanoxBufferMigrator" file="tests/db_migrator_test.py" line="114" name="test_mellanox_buffer_migrator_for_cold_reboot[t0-sku_version10]" time="0.566"></testcase><testcase classname="tests.db_migrator_test.TestMellanoxBufferMigrator" file="tests/db_migrator_test.py" line="114" name="test_mellanox_buffer_migrator_for_cold_reboot[t0-sku_version11]" time="0.612"></testcase><testcase classname="tests.db_migrator_test.TestMellanoxBufferMigrator" file="tests/db_migrator_test.py" line="114" name="test_mellanox_buffer_migrator_for_cold_reboot[t0-sku_version12]" time="0.566"></testcase><testcase classname="tests.db_migrator_test.TestMellanoxBufferMigrator" file="tests/db_migrator_test.py" line="114" name="test_mellanox_buffer_migrator_for_cold_reboot[t0-sku_version13]" time="0.566"></testcase><testcase classname="tests.db_migrator_test.TestMellanoxBufferMigrator" file="tests/db_migrator_test.py" line="114" name="test_mellanox_buffer_migrator_for_cold_reboot[t0-sku_version14]" time="0.728"></testcase><testcase classname="tests.db_migrator_test.TestMellanoxBufferMigrator" file="tests/db_migrator_test.py" line="114" name="test_mellanox_buffer_migrator_for_cold_reboot[t1-sku_version0]" time="0.897"></testcase><testcase classname="tests.db_migrator_test.TestMellanoxBufferMigrator" file="tests/db_migrator_test.py" line="114" name="test_mellanox_buffer_migrator_for_cold_reboot[t1-sku_version1]" time="0.906"></testcase><testcase classname="tests.db_migrator_test.TestMellanoxBufferMigrator" file="tests/db_migrator_test.py" line="114" name="test_mellanox_buffer_migrator_for_cold_reboot[t1-sku_version2]" time="0.546"></testcase><testcase classname="tests.db_migrator_test.TestMellanoxBufferMigrator" file="tests/db_migrator_test.py" line="114" name="test_mellanox_buffer_migrator_for_cold_reboot[t1-sku_version3]" time="0.910"></testcase><testcase classname="tests.db_migrator_test.TestMellanoxBufferMigrator" file="tests/db_migrator_test.py" line="114" name="test_mellanox_buffer_migrator_for_cold_reboot[t1-sku_version4]" time="0.542"></testcase><testcase classname="tests.db_migrator_test.TestMellanoxBufferMigrator" file="tests/db_migrator_test.py" line="114" name="test_mellanox_buffer_migrator_for_cold_reboot[t1-sku_version5]" time="0.912"></testcase><testcase classname="tests.db_migrator_test.TestMellanoxBufferMigrator" file="tests/db_migrator_test.py" line="114" name="test_mellanox_buffer_migrator_for_cold_reboot[t1-sku_version6]" time="0.549"></testcase><testcase classname="tests.db_migrator_test.TestMellanoxBufferMigrator" file="tests/db_migrator_test.py" line="114" name="test_mellanox_buffer_migrator_for_cold_reboot[t1-sku_version7]" time="0.433"></testcase><testcase classname="tests.db_migrator_test.TestMellanoxBufferMigrator" file="tests/db_migrator_test.py" line="114" name="test_mellanox_buffer_migrator_for_cold_reboot[t1-sku_version8]" time="1.064"></testcase><testcase classname="tests.db_migrator_test.TestMellanoxBufferMigrator" file="tests/db_migrator_test.py" line="114" name="test_mellanox_buffer_migrator_for_cold_reboot[t1-sku_version9]" time="0.784"></testcase><testcase classname="tests.db_migrator_test.TestMellanoxBufferMigrator" file="tests/db_migrator_test.py" line="114" name="test_mellanox_buffer_migrator_for_cold_reboot[t1-sku_version10]" time="0.584"></testcase><testcase classname="tests.db_migrator_test.TestMellanoxBufferMigrator" file="tests/db_migrator_test.py" line="114" name="test_mellanox_buffer_migrator_for_cold_reboot[t1-sku_version11]" time="0.628"></testcase><testcase classname="tests.db_migrator_test.TestMellanoxBufferMigrator" file="tests/db_migrator_test.py" line="114" name="test_mellanox_buffer_migrator_for_cold_reboot[t1-sku_version12]" time="0.587"></testcase><testcase classname="tests.db_migrator_test.TestMellanoxBufferMigrator" file="tests/db_migrator_test.py" line="114" name="test_mellanox_buffer_migrator_for_cold_reboot[t1-sku_version13]" time="0.587"></testcase><testcase classname="tests.db_migrator_test.TestMellanoxBufferMigrator" file="tests/db_migrator_test.py" line="114" name="test_mellanox_buffer_migrator_for_cold_reboot[t1-sku_version14]" time="0.769"></testcase><testcase classname="tests.db_migrator_test.TestMellanoxBufferMigrator" file="tests/db_migrator_test.py" line="172" name="test_mellanox_buffer_migrator_for_warm_reboot[t0-ACS-MSN2700]" time="0.113"></testcase><testcase classname="tests.db_migrator_test.TestMellanoxBufferMigrator" file="tests/db_migrator_test.py" line="172" name="test_mellanox_buffer_migrator_for_warm_reboot[t0-Mellanox-SN2700]" time="0.111"></testcase><testcase classname="tests.db_migrator_test.TestMellanoxBufferMigrator" file="tests/db_migrator_test.py" line="172" name="test_mellanox_buffer_migrator_for_warm_reboot[t0-Mellanox-SN2700-Single-Pool]" time="0.111"></testcase><testcase classname="tests.db_migrator_test.TestMellanoxBufferMigrator" file="tests/db_migrator_test.py" line="172" name="test_mellanox_buffer_migrator_for_warm_reboot[t0-Mellanox-SN2700-C28D8]" time="0.110"></testcase><testcase classname="tests.db_migrator_test.TestMellanoxBufferMigrator" file="tests/db_migrator_test.py" line="172" name="test_mellanox_buffer_migrator_for_warm_reboot[t0-Mellanox-SN2700-C28D8-Single-Pool]" time="0.111"></testcase><testcase classname="tests.db_migrator_test.TestMellanoxBufferMigrator" file="tests/db_migrator_test.py" line="172" name="test_mellanox_buffer_migrator_for_warm_reboot[t0-Mellanox-SN2700-D48C8]" time="0.110"></testcase><testcase classname="tests.db_migrator_test.TestMellanoxBufferMigrator" file="tests/db_migrator_test.py" line="172" name="test_mellanox_buffer_migrator_for_warm_reboot[t0-Mellanox-SN2700-D48C8-Single-Pool]" time="0.110"></testcase><testcase classname="tests.db_migrator_test.TestMellanoxBufferMigrator" file="tests/db_migrator_test.py" line="172" name="test_mellanox_buffer_migrator_for_warm_reboot[t0-Mellanox-SN2700-D40C8S8]" time="0.111"></testcase><testcase classname="tests.db_migrator_test.TestMellanoxBufferMigrator" file="tests/db_migrator_test.py" line="172" name="test_mellanox_buffer_migrator_for_warm_reboot[t0-ACS-MSN3700]" time="0.161"></testcase><testcase classname="tests.db_migrator_test.TestMellanoxBufferMigrator" file="tests/db_migrator_test.py" line="172" name="test_mellanox_buffer_migrator_for_warm_reboot[t0-ACS-MSN3800]" time="0.173"></testcase><testcase classname="tests.db_migrator_test.TestMellanoxBufferMigrator" file="tests/db_migrator_test.py" line="172" name="test_mellanox_buffer_migrator_for_warm_reboot[t0-Mellanox-SN3800-C64]" time="0.146"></testcase><testcase classname="tests.db_migrator_test.TestMellanoxBufferMigrator" file="tests/db_migrator_test.py" line="172" name="test_mellanox_buffer_migrator_for_warm_reboot[t0-Mellanox-SN3800-D112C8]" time="0.167"></testcase><testcase classname="tests.db_migrator_test.TestMellanoxBufferMigrator" file="tests/db_migrator_test.py" line="172" name="test_mellanox_buffer_migrator_for_warm_reboot[t0-Mellanox-SN3800-D24C52]" time="0.145"></testcase><testcase classname="tests.db_migrator_test.TestMellanoxBufferMigrator" file="tests/db_migrator_test.py" line="172" name="test_mellanox_buffer_migrator_for_warm_reboot[t0-Mellanox-SN3800-D28C50]" time="0.147"></testcase><testcase classname="tests.db_migrator_test.TestMellanoxBufferMigrator" file="tests/db_migrator_test.py" line="172" name="test_mellanox_buffer_migrator_for_warm_reboot[t0-ACS-MSN4700]" time="0.166"></testcase><testcase classname="tests.db_migrator_test.TestMellanoxBufferMigrator" file="tests/db_migrator_test.py" line="172" name="test_mellanox_buffer_migrator_for_warm_reboot[t1-ACS-MSN2700]" time="0.120"></testcase><testcase classname="tests.db_migrator_test.TestMellanoxBufferMigrator" file="tests/db_migrator_test.py" line="172" name="test_mellanox_buffer_migrator_for_warm_reboot[t1-Mellanox-SN2700]" time="0.117"></testcase><testcase classname="tests.db_migrator_test.TestMellanoxBufferMigrator" file="tests/db_migrator_test.py" line="172" name="test_mellanox_buffer_migrator_for_warm_reboot[t1-Mellanox-SN2700-Single-Pool]" time="0.117"></testcase><testcase classname="tests.db_migrator_test.TestMellanoxBufferMigrator" file="tests/db_migrator_test.py" line="172" name="test_mellanox_buffer_migrator_for_warm_reboot[t1-Mellanox-SN2700-C28D8]" time="0.118"></testcase><testcase classname="tests.db_migrator_test.TestMellanoxBufferMigrator" file="tests/db_migrator_test.py" line="172" name="test_mellanox_buffer_migrator_for_warm_reboot[t1-Mellanox-SN2700-C28D8-Single-Pool]" time="0.118"></testcase><testcase classname="tests.db_migrator_test.TestMellanoxBufferMigrator" file="tests/db_migrator_test.py" line="172" name="test_mellanox_buffer_migrator_for_warm_reboot[t1-Mellanox-SN2700-D48C8]" time="0.119"></testcase><testcase classname="tests.db_migrator_test.TestMellanoxBufferMigrator" file="tests/db_migrator_test.py" line="172" name="test_mellanox_buffer_migrator_for_warm_reboot[t1-Mellanox-SN2700-D48C8-Single-Pool]" time="0.118"></testcase><testcase classname="tests.db_migrator_test.TestMellanoxBufferMigrator" file="tests/db_migrator_test.py" line="172" name="test_mellanox_buffer_migrator_for_warm_reboot[t1-Mellanox-SN2700-D40C8S8]" time="0.118"></testcase><testcase classname="tests.db_migrator_test.TestMellanoxBufferMigrator" file="tests/db_migrator_test.py" line="172" name="test_mellanox_buffer_migrator_for_warm_reboot[t1-ACS-MSN3700]" time="0.167"></testcase><testcase classname="tests.db_migrator_test.TestMellanoxBufferMigrator" file="tests/db_migrator_test.py" line="172" name="test_mellanox_buffer_migrator_for_warm_reboot[t1-ACS-MSN3800]" time="0.181"></testcase><testcase classname="tests.db_migrator_test.TestMellanoxBufferMigrator" file="tests/db_migrator_test.py" line="172" name="test_mellanox_buffer_migrator_for_warm_reboot[t1-Mellanox-SN3800-C64]" time="0.155"></testcase><testcase classname="tests.db_migrator_test.TestMellanoxBufferMigrator" file="tests/db_migrator_test.py" line="172" name="test_mellanox_buffer_migrator_for_warm_reboot[t1-Mellanox-SN3800-D112C8]" time="0.174"></testcase><testcase classname="tests.db_migrator_test.TestMellanoxBufferMigrator" file="tests/db_migrator_test.py" line="172" name="test_mellanox_buffer_migrator_for_warm_reboot[t1-Mellanox-SN3800-D24C52]" time="0.157"></testcase><testcase classname="tests.db_migrator_test.TestMellanoxBufferMigrator" file="tests/db_migrator_test.py" line="172" name="test_mellanox_buffer_migrator_for_warm_reboot[t1-Mellanox-SN3800-D28C50]" time="0.155"></testcase><testcase classname="tests.db_migrator_test.TestMellanoxBufferMigrator" file="tests/db_migrator_test.py" line="172" name="test_mellanox_buffer_migrator_for_warm_reboot[t1-ACS-MSN4700]" time="0.176"></testcase><testcase classname="tests.db_migrator_test.TestMellanoxBufferMigrator" file="tests/db_migrator_test.py" line="193" name="test_mellanox_buffer_migrator_negative_nondefault_for_warm_reboot" time="0.114"></testcase><testcase classname="tests.db_migrator_test.TestMellanoxBufferMigrator" file="tests/db_migrator_test.py" line="201" name="test_mellanox_buffer_reclaiming[double-pools-traditional]" time="0.073"></testcase><testcase classname="tests.db_migrator_test.TestMellanoxBufferMigrator" file="tests/db_migrator_test.py" line="201" name="test_mellanox_buffer_reclaiming[double-pools-dynamic]" time="0.074"></testcase><testcase classname="tests.db_migrator_test.TestMellanoxBufferMigrator" file="tests/db_migrator_test.py" line="201" name="test_mellanox_buffer_reclaiming[single-pool-traditional]" time="0.075"></testcase><testcase classname="tests.db_migrator_test.TestMellanoxBufferMigrator" file="tests/db_migrator_test.py" line="201" name="test_mellanox_buffer_reclaiming[single-pool-dynamic]" time="0.074"></testcase><testcase classname="tests.db_migrator_test.TestMellanoxBufferMigrator" file="tests/db_migrator_test.py" line="218" name="test_mellanox_buffer_reclaiming_warm_reboot" time="0.190"></testcase><testcase classname="tests.db_migrator_test.TestAutoNegMigrator" file="tests/db_migrator_test.py" line="235" name="test_port_autoneg_migrator" time="0.036"></testcase><testcase classname="tests.db_migrator_test.TestInitConfigMigrator" file="tests/db_migrator_test.py" line="258" name="test_init_config_feature_migration" time="0.039"></testcase><testcase classname="tests.db_migrator_test.TestLacpKeyMigrator" file="tests/db_migrator_test.py" line="284" name="test_lacp_key_migrator" time="0.037"></testcase><testcase classname="tests.db_migrator_test.TestQosDBFieldValueReferenceRemoveMigrator" file="tests/db_migrator_test.py" line="336" name="test_qos_buffer_migrator_for_cold_reboot" time="0.150"></testcase><testcase classname="tests.db_migrator_test.TestPfcEnableMigrator" file="tests/db_migrator_test.py" line="363" name="test_pfc_enable_migrator" time="0.037"></testcase><testcase classname="tests.db_migrator_test.TestGlobalDscpToTcMapMigrator" file="tests/db_migrator_test.py" line="387" name="test_global_dscp_to_tc_map_migrator" time="0.046"></testcase><testcase classname="tests.db_migrator_test.TestMoveLoggerTablesInWarmUpgrade" file="tests/db_migrator_test.py" line="431" name="test_move_logger_tables_in_warm_upgrade" time="0.023"></testcase><testcase classname="tests.decode_syseeprom_test.TestDecodeSyseeprom" file="tests/decode_syseeprom_test.py" line="138" name="test_print_eeprom_dict" time="0.003"></testcase><testcase classname="tests.decode_syseeprom_test.TestDecodeSyseeprom" file="tests/decode_syseeprom_test.py" line="172" name="test_read_eeprom_from_db" time="0.007"></testcase><testcase classname="tests.decode_syseeprom_test.TestDecodeSyseeprom" file="tests/decode_syseeprom_test.py" line="176" name="test_get_tlv_value_from_db" time="0.007"></testcase><testcase classname="tests.decode_syseeprom_test.TestDecodeSyseeprom" file="tests/decode_syseeprom_test.py" line="180" name="test_print_mgmt_mac_db" time="0.007"></testcase><testcase classname="tests.decode_syseeprom_test.TestDecodeSyseeprom" file="tests/decode_syseeprom_test.py" line="185" name="test_print_serial" time="0.007"></testcase><testcase classname="tests.decode_syseeprom_test.TestDecodeSyseeprom" file="tests/decode_syseeprom_test.py" line="190" name="test_print_model" time="0.007"></testcase><testcase classname="tests.decode_syseeprom_test.TestDecodeSyseeprom" file="tests/decode_syseeprom_test.py" line="195" name="test_support_platforms_not_db_based" time="0.002"></testcase><testcase classname="tests.disk_check_test.TestDiskCheck" file="tests/disk_check_test.py" line="132" name="test_readonly" time="1.827"></testcase><testcase classname="tests.drops_group_test.TestDropCounters" file="tests/drops_group_test.py" line="95" name="test_show_capabilities" time="0.359"></testcase><testcase classname="tests.drops_group_test.TestDropCounters" file="tests/drops_group_test.py" line="101" name="test_show_configuration" time="0.360"></testcase><testcase classname="tests.drops_group_test.TestDropCounters" file="tests/drops_group_test.py" line="107" name="test_show_configuration_with_group" time="0.359"></testcase><testcase classname="tests.drops_group_test.TestDropCounters" file="tests/drops_group_test.py" line="113" name="test_show_counts" time="0.535"></testcase><testcase classname="tests.drops_group_test.TestDropCounters" file="tests/drops_group_test.py" line="119" name="test_show_counts_with_group" time="0.545"></testcase><testcase classname="tests.drops_group_test.TestDropCounters" file="tests/drops_group_test.py" line="125" name="test_show_counts_with_type" time="0.543"></testcase><testcase classname="tests.drops_group_test.TestDropCounters" file="tests/drops_group_test.py" line="131" name="test_show_counts_with_clear" time="1.083"></testcase><testcase classname="tests.ecn_test.TestEcnConfig" file="tests/ecn_test.py" line="27" name="test_ecn_show_config" time="0.352"></testcase><testcase classname="tests.ecn_test.TestEcnConfig" file="tests/ecn_test.py" line="30" name="test_ecn_show_config_verbose" time="0.353"></testcase><testcase classname="tests.ecn_test.TestEcnConfig" file="tests/ecn_test.py" line="33" name="test_ecn_config_gmin" time="0.351"></testcase><testcase classname="tests.ecn_test.TestEcnConfig" file="tests/ecn_test.py" line="36" name="test_ecn_config_gmin_verbose" time="0.356"></testcase><testcase classname="tests.ecn_test.TestEcnConfig" file="tests/ecn_test.py" line="39" name="test_ecn_config_gmax" time="0.353"></testcase><testcase classname="tests.ecn_test.TestEcnConfig" file="tests/ecn_test.py" line="42" name="test_ecn_config_ymin" time="0.350"></testcase><testcase classname="tests.ecn_test.TestEcnConfig" file="tests/ecn_test.py" line="45" name="test_ecn_config_ymax" time="0.350"></testcase><testcase classname="tests.ecn_test.TestEcnConfig" file="tests/ecn_test.py" line="48" name="test_ecn_config_rmin" time="0.352"></testcase><testcase classname="tests.ecn_test.TestEcnConfig" file="tests/ecn_test.py" line="51" name="test_ecn_config_rmax" time="0.350"></testcase><testcase classname="tests.ecn_test.TestEcnConfig" file="tests/ecn_test.py" line="54" name="test_ecn_config_gdrop" time="0.356"></testcase><testcase classname="tests.ecn_test.TestEcnConfig" file="tests/ecn_test.py" line="57" name="test_ecn_config_gdrop_verbose" time="0.355"></testcase><testcase classname="tests.ecn_test.TestEcnConfig" file="tests/ecn_test.py" line="60" name="test_ecn_config_ydrop" time="0.354"></testcase><testcase classname="tests.ecn_test.TestEcnConfig" file="tests/ecn_test.py" line="63" name="test_ecn_config_rdrop" time="0.355"></testcase><testcase classname="tests.ecn_test.TestEcnConfig" file="tests/ecn_test.py" line="66" name="test_ecn_config_multi_set" time="0.355"></testcase><testcase classname="tests.ecn_test.TestEcnConfig" file="tests/ecn_test.py" line="69" name="test_ecn_config_gmin_gmax_invalid" time="0.352"></testcase><testcase classname="tests.ecn_test.TestEcnConfig" file="tests/ecn_test.py" line="72" name="test_ecn_config_ymin_ymax_invalid" time="0.350"></testcase><testcase classname="tests.ecn_test.TestEcnConfig" file="tests/ecn_test.py" line="75" name="test_ecn_config_rmin_rmax_invalid" time="0.350"></testcase><testcase classname="tests.ecn_test.TestEcnConfig" file="tests/ecn_test.py" line="78" name="test_ecn_config_rmax_invalid" time="0.356"></testcase><testcase classname="tests.ecn_test.TestEcnConfig" file="tests/ecn_test.py" line="81" name="test_ecn_config_rdrop_invalid" time="0.002"></testcase><testcase classname="tests.ecn_test.TestEcnConfig" file="tests/ecn_test.py" line="84" name="test_ecn_queue_get" time="0.371"></testcase><testcase classname="tests.ecn_test.TestEcnConfig" file="tests/ecn_test.py" line="87" name="test_ecn_queue_get_verbose" time="0.445"></testcase><testcase classname="tests.ecn_test.TestEcnConfig" file="tests/ecn_test.py" line="90" name="test_ecn_all_queue_get" time="0.371"></testcase><testcase classname="tests.ecn_test.TestEcnConfig" file="tests/ecn_test.py" line="93" name="test_ecn_queue_all_get_verbose" time="0.439"></testcase><testcase classname="tests.ecn_test.TestEcnConfig" file="tests/ecn_test.py" line="96" name="test_ecn_queue_set_q_off" time="0.376"></testcase><testcase classname="tests.ecn_test.TestEcnConfig" file="tests/ecn_test.py" line="99" name="test_ecn_queue_set_q_off_verbose" time="0.445"></testcase><testcase classname="tests.ecn_test.TestEcnConfig" file="tests/ecn_test.py" line="102" name="test_ecn_queue_set_all_off" time="0.377"></testcase><testcase classname="tests.ecn_test.TestEcnConfig" file="tests/ecn_test.py" line="105" name="test_ecn_queue_set_all_off_verbose" time="0.444"></testcase><testcase classname="tests.ecn_test.TestEcnConfig" file="tests/ecn_test.py" line="108" name="test_ecn_queue_set_q_on" time="0.373"></testcase><testcase classname="tests.ecn_test.TestEcnConfig" file="tests/ecn_test.py" line="111" name="test_ecn_queue_set_q_on_verbose" time="0.440"></testcase><testcase classname="tests.ecn_test.TestEcnConfig" file="tests/ecn_test.py" line="114" name="test_ecn_queue_set_all_on" time="0.372"></testcase><testcase classname="tests.ecn_test.TestEcnConfig" file="tests/ecn_test.py" line="117" name="test_ecn_queue_set_all_on_verbose" time="0.443"></testcase><testcase classname="tests.fabricstat_test.TestMultiAsicFabricStat" file="tests/fabricstat_test.py" line="100" name="test_multi_show_fabric_counters" time="0.527"></testcase><testcase classname="tests.fabricstat_test.TestMultiAsicFabricStat" file="tests/fabricstat_test.py" line="107" name="test_multi_show_fabric_counters_asic" time="0.515"></testcase><testcase classname="tests.fabricstat_test.TestMultiAsicFabricStat" file="tests/fabricstat_test.py" line="114" name="test_multi_asic_invalid_asic" time="0.486"></testcase><testcase classname="tests.fabricstat_test.TestMultiAsicFabricStat" file="tests/fabricstat_test.py" line="121" name="test_multi_show_fabric_counters_queue" time="0.525"></testcase><testcase classname="tests.fabricstat_test.TestMultiAsicFabricStat" file="tests/fabricstat_test.py" line="128" name="test_multi_show_fabric_counters_queue_asic" time="0.517"></testcase><testcase classname="tests.fan_test.TestFan" file="tests/fan_test.py" line="18" name="test_show_platform_fan" time="0.341"></testcase><testcase classname="tests.fast_reboot_dump_test.TestFastRebootDump" file="tests/fast_reboot_dump_test.py" line="25" name="test_generate_fdb_entries_vlan_portcahnnel_member" time="0.140"></testcase><testcase classname="tests.fdbshow_test.TestFdbshow" file="tests/fdbshow_test.py" line="164" name="test_show_mac_def_vlan" time="0.679"></testcase><testcase classname="tests.fdbshow_test.TestFdbshow" file="tests/fdbshow_test.py" line="179" name="test_show_mac_aging_time" time="0.003"></testcase><testcase classname="tests.fdbshow_test.TestFdbshow" file="tests/fdbshow_test.py" line="194" name="test_show_mac_no_aging_time" time="0.002"></testcase><testcase classname="tests.fdbshow_test.TestFdbshow" file="tests/fdbshow_test.py" line="209" name="test_show_mac" time="0.676"></testcase><testcase classname="tests.fdbshow_test.TestFdbshow" file="tests/fdbshow_test.py" line="224" name="test_show_mac_count" time="0.680"></testcase><testcase classname="tests.fdbshow_test.TestFdbshow" file="tests/fdbshow_test.py" line="239" name="test_show_mac_port_vlan" time="0.684"></testcase><testcase classname="tests.fdbshow_test.TestFdbshow" file="tests/fdbshow_test.py" line="254" name="test_show_mac_address" time="0.680"></testcase><testcase classname="tests.fdbshow_test.TestFdbshow" file="tests/fdbshow_test.py" line="269" name="test_show_mac_address_case" time="0.678"></testcase><testcase classname="tests.fdbshow_test.TestFdbshow" file="tests/fdbshow_test.py" line="284" name="test_show_mac_type" time="0.679"></testcase><testcase classname="tests.fdbshow_test.TestFdbshow" file="tests/fdbshow_test.py" line="299" name="test_show_mac_type_case" time="0.686"></testcase><testcase classname="tests.fdbshow_test.TestFdbshow" file="tests/fdbshow_test.py" line="314" name="test_show_mac_port_address" time="0.684"></testcase><testcase classname="tests.fdbshow_test.TestFdbshow" file="tests/fdbshow_test.py" line="329" name="test_show_mac_vlan_address" time="0.681"></testcase><testcase classname="tests.fdbshow_test.TestFdbshow" file="tests/fdbshow_test.py" line="344" name="test_show_mac_port_type" time="0.680"></testcase><testcase classname="tests.fdbshow_test.TestFdbshow" file="tests/fdbshow_test.py" line="359" name="test_show_mac_vlan_type" time="0.685"></testcase><testcase classname="tests.fdbshow_test.TestFdbshow" file="tests/fdbshow_test.py" line="374" name="test_show_mac_address_type" time="0.684"></testcase><testcase classname="tests.fdbshow_test.TestFdbshow" file="tests/fdbshow_test.py" line="389" name="test_show_mac_port_vlan_address_type" time="0.686"></testcase><testcase classname="tests.fdbshow_test.TestFdbshow" file="tests/fdbshow_test.py" line="404" name="test_show_mac_no_port" time="0.685"></testcase><testcase classname="tests.fdbshow_test.TestFdbshow" file="tests/fdbshow_test.py" line="419" name="test_show_mac_no_vlan" time="0.677"></testcase><testcase classname="tests.fdbshow_test.TestFdbshow" file="tests/fdbshow_test.py" line="434" name="test_show_mac_no_address" time="0.677"></testcase><testcase classname="tests.fdbshow_test.TestFdbshow" file="tests/fdbshow_test.py" line="449" name="test_show_mac_no_type" time="0.680"></testcase><testcase classname="tests.fdbshow_test.TestFdbshow" file="tests/fdbshow_test.py" line="464" name="test_show_mac_no_fdb" time="0.704"></testcase><testcase classname="tests.fdbshow_test.TestFdbshow" file="tests/fdbshow_test.py" line="479" name="test_show_mac_no_bridge" time="0.683"></testcase><testcase classname="tests.fdbshow_test.TestFdbshow" file="tests/fdbshow_test.py" line="494" name="test_show_fetch_except" time="0.692"></testcase><testcase classname="tests.fdbshow_test.TestFdbshow" file="tests/fdbshow_test.py" line="515" name="test_show_mac_invalid_port" time="0.689"></testcase><testcase classname="tests.fdbshow_test.TestFdbshow" file="tests/fdbshow_test.py" line="530" name="test_show_mac_invalid_vlan" time="0.684"></testcase><testcase classname="tests.fdbshow_test.TestFdbshow" file="tests/fdbshow_test.py" line="545" name="test_show_mac_invalid_type" time="0.682"></testcase><testcase classname="tests.fdbshow_test.TestFdbshow" file="tests/fdbshow_test.py" line="560" name="test_show_mac_invalid_address" time="0.683"></testcase><testcase classname="tests.feature_test.TestFeature" file="tests/feature_test.py" line="165" name="test_show_feature_status_no_kube_status" time="0.072"></testcase><testcase classname="tests.feature_test.TestFeature" file="tests/feature_test.py" line="174" name="test_show_feature_status" time="0.072"></testcase><testcase classname="tests.feature_test.TestFeature" file="tests/feature_test.py" line="193" name="test_show_feature_config" time="0.070"></testcase><testcase classname="tests.feature_test.TestFeature" file="tests/feature_test.py" line="205" name="test_show_feature_status_abbrev_cmd" time="0.069"></testcase><testcase classname="tests.feature_test.TestFeature" file="tests/feature_test.py" line="214" name="test_show_bgp_feature_status" time="0.067"></testcase><testcase classname="tests.feature_test.TestFeature" file="tests/feature_test.py" line="223" name="test_show_unknown_feature_status" time="0.070"></testcase><testcase classname="tests.feature_test.TestFeature" file="tests/feature_test.py" line="231" name="test_show_feature_autorestart" time="0.067"></testcase><testcase classname="tests.feature_test.TestFeature" file="tests/feature_test.py" line="240" name="test_fail_autorestart" time="0.134"></testcase><testcase classname="tests.feature_test.TestFeature" file="tests/feature_test.py" line="259" name="test_show_bgp_autorestart_status" time="0.068"></testcase><testcase classname="tests.feature_test.TestFeature" file="tests/feature_test.py" line="268" name="test_show_unknown_autorestart_status" time="0.066"></testcase><testcase classname="tests.feature_test.TestFeature" file="tests/feature_test.py" line="276" name="test_config_bgp_feature_state" time="0.068"></testcase><testcase classname="tests.feature_test.TestFeature" file="tests/feature_test.py" line="289" name="test_config_bgp_feature_state_blocking[disabled-0]" time="0.072"></testcase><testcase classname="tests.feature_test.TestFeature" file="tests/feature_test.py" line="289" name="test_config_bgp_feature_state_blocking[failed-1]" time="0.071"></testcase><testcase classname="tests.feature_test.TestFeature" file="tests/feature_test.py" line="307" name="test_config_snmp_feature_owner" time="0.069"></testcase><testcase classname="tests.feature_test.TestFeature" file="tests/feature_test.py" line="328" name="test_config_unknown_feature_owner" time="0.067"></testcase><testcase classname="tests.feature_test.TestFeature" file="tests/feature_test.py" line="336" name="test_config_snmp_feature_fallback" time="0.068"></testcase><testcase classname="tests.feature_test.TestFeature" file="tests/feature_test.py" line="349" name="test_config_bgp_autorestart" time="0.067"></testcase><testcase classname="tests.feature_test.TestFeature" file="tests/feature_test.py" line="362" name="test_config_database_feature_state" time="0.069"></testcase><testcase classname="tests.feature_test.TestFeature" file="tests/feature_test.py" line="381" name="test_config_database_feature_autorestart" time="0.069"></testcase><testcase classname="tests.feature_test.TestFeature" file="tests/feature_test.py" line="400" name="test_config_unknown_feature" time="0.066"></testcase><testcase classname="tests.feature_test.TestFeatureMultiAsic" file="tests/feature_test.py" line="417" name="test_config_bgp_feature_inconsistent_state" time="0.120"></testcase><testcase classname="tests.feature_test.TestFeatureMultiAsic" file="tests/feature_test.py" line="436" name="test_config_bgp_feature_inconsistent_autorestart" time="0.119"></testcase><testcase classname="tests.feature_test.TestFeatureMultiAsic" file="tests/feature_test.py" line="455" name="test_config_bgp_feature_consistent_state" time="0.103"></testcase><testcase classname="tests.feature_test.TestFeatureMultiAsic" file="tests/feature_test.py" line="479" name="test_config_bgp_feature_consistent_autorestart" time="0.104"></testcase><testcase classname="tests.fgnhg_test.TestFineGrainedNexthopGroup" file="tests/fgnhg_test.py" line="64" name="test_show_fgnhg_hash_view" time="0.023"></testcase><testcase classname="tests.fgnhg_test.TestFineGrainedNexthopGroup" file="tests/fgnhg_test.py" line="72" name="test_show_fgnhgv4_hash_view" time="0.022"></testcase><testcase classname="tests.fgnhg_test.TestFineGrainedNexthopGroup" file="tests/fgnhg_test.py" line="80" name="test_show_fgnhgv6_hash_view" time="0.022"></testcase><testcase classname="tests.fgnhg_test.TestFineGrainedNexthopGroup" file="tests/fgnhg_test.py" line="88" name="test_show_fgnhg_active_hops" time="0.022"></testcase><testcase classname="tests.fgnhg_test.TestFineGrainedNexthopGroup" file="tests/fgnhg_test.py" line="96" name="test_show_fgnhgv4_active_hops" time="0.022"></testcase><testcase classname="tests.fgnhg_test.TestFineGrainedNexthopGroup" file="tests/fgnhg_test.py" line="104" name="test_show_fgnhgv6_active_hops" time="0.022"></testcase><testcase classname="tests.fibshow_test.TestFibshow" file="tests/fibshow_test.py" line="60" name="test_show_ip_fib" time="0.340"></testcase><testcase classname="tests.fibshow_test.TestFibshow" file="tests/fibshow_test.py" line="76" name="test_show_ipv6_fib" time="0.343"></testcase><testcase classname="tests.filter_fdb_entries_test.TestFilterFdbEntries" file="tests/filter_fdb_entries_test.py" line="156" name="testFilterFdbEntries[testData0]" time="0.004"></testcase><testcase classname="tests.filter_fdb_entries_test.TestFilterFdbEntries" file="tests/filter_fdb_entries_test.py" line="156" name="testFilterFdbEntries[testData1]" time="0.004"></testcase><testcase classname="tests.filter_fdb_entries_test.TestFilterFdbEntries" file="tests/filter_fdb_entries_test.py" line="156" name="testFilterFdbEntries[testData2]" time="0.003"></testcase><testcase classname="tests.filter_fdb_entries_test.TestFilterFdbEntries" file="tests/filter_fdb_entries_test.py" line="156" name="testFilterFdbEntries[testData3]" time="0.002"></testcase><testcase classname="tests.filter_fdb_entries_test.TestFilterFdbEntries" file="tests/filter_fdb_entries_test.py" line="156" name="testFilterFdbEntries[testData4]" time="0.003"></testcase><testcase classname="tests.filter_fdb_entries_test.TestFilterFdbEntries" file="tests/filter_fdb_entries_test.py" line="156" name="testFilterFdbEntries[testData5]" time="0.005"></testcase><testcase classname="tests.filter_fdb_entries_test.TestFilterFdbEntries" file="tests/filter_fdb_entries_test.py" line="156" name="testFilterFdbEntries[testData6]" time="0.003"></testcase><testcase classname="tests.filter_fdb_entries_test.TestFilterFdbEntries" file="tests/filter_fdb_entries_test.py" line="156" name="testFilterFdbEntries[testData7]" time="0.009"></testcase><testcase classname="tests.filter_fdb_entries_test.TestFilterFdbEntries" file="tests/filter_fdb_entries_test.py" line="156" name="testFilterFdbEntries[testData8]" time="0.004"></testcase><testcase classname="tests.filter_fdb_entries_test.TestFilterFdbEntries" file="tests/filter_fdb_entries_test.py" line="156" name="testFilterFdbEntries[testData9]" time="0.004"></testcase><testcase classname="tests.flow_counter_stats_test.TestTrapStat" file="tests/flow_counter_stats_test.py" line="284" name="test_show" time="1.122"></testcase><testcase classname="tests.flow_counter_stats_test.TestTrapStat" file="tests/flow_counter_stats_test.py" line="295" name="test_show_json" time="0.556"></testcase><testcase classname="tests.flow_counter_stats_test.TestTrapStat" file="tests/flow_counter_stats_test.py" line="301" name="test_clear" time="1.116"></testcase><testcase classname="tests.flow_counter_stats_test.TestTrapStat" file="tests/flow_counter_stats_test.py" line="320" name="test_diff" time="0.004"></testcase><testcase classname="tests.flow_counter_stats_test.TestTrapStatsMultiAsic" file="tests/flow_counter_stats_test.py" line="372" name="test_show" time="1.105"></testcase><testcase classname="tests.flow_counter_stats_test.TestTrapStatsMultiAsic" file="tests/flow_counter_stats_test.py" line="383" name="test_show_json" time="0.545"></testcase><testcase classname="tests.flow_counter_stats_test.TestTrapStatsMultiAsic" file="tests/flow_counter_stats_test.py" line="389" name="test_clear" time="1.645"></testcase><testcase classname="tests.flow_counter_stats_test.TestConfigRoutePattern" file="tests/flow_counter_stats_test.py" line="423" name="test_add_remove_pattern" time="0.121"></testcase><testcase classname="tests.flow_counter_stats_test.TestConfigRoutePattern" file="tests/flow_counter_stats_test.py" line="498" name="test_replace_invalid_pattern" time="0.081"></testcase><testcase classname="tests.flow_counter_stats_test.TestConfigRoutePattern" file="tests/flow_counter_stats_test.py" line="527" name="test_add_invalid_pattern" time="0.073"></testcase><testcase classname="tests.flow_counter_stats_test.TestConfigRoutePattern" file="tests/flow_counter_stats_test.py" line="538" name="test_remove_non_exist_pattern" time="0.144"></testcase><testcase classname="tests.flow_counter_stats_test.TestConfigRoutePattern" file="tests/flow_counter_stats_test.py" line="556" name="test_add_pattern_repeatly" time="0.122"></testcase><testcase classname="tests.flow_counter_stats_test.TestConfigRoutePattern" file="tests/flow_counter_stats_test.py" line="623" name="test_add_pattern_without_prefix_length" time="0.081"></testcase><testcase classname="tests.flow_counter_stats_test.TestConfigRoutePattern" file="tests/flow_counter_stats_test.py" line="646" name="test_show_config" time="0.081"></testcase><testcase classname="tests.flow_counter_stats_test.TestRouteStats" file="tests/flow_counter_stats_test.py" line="688" name="test_show_all_stats" time="1.128"></testcase><testcase classname="tests.flow_counter_stats_test.TestRouteStats" file="tests/flow_counter_stats_test.py" line="698" name="test_show_by_pattern" time="2.271"></testcase><testcase classname="tests.flow_counter_stats_test.TestRouteStats" file="tests/flow_counter_stats_test.py" line="736" name="test_show_by_route" time="1.698"></testcase><testcase classname="tests.flow_counter_stats_test.TestRouteStats" file="tests/flow_counter_stats_test.py" line="765" name="test_show_json" time="1.685"></testcase><testcase classname="tests.flow_counter_stats_test.TestRouteStats" file="tests/flow_counter_stats_test.py" line="781" name="test_clear_all" time="1.699"></testcase><testcase classname="tests.flow_counter_stats_test.TestRouteStats" file="tests/flow_counter_stats_test.py" line="799" name="test_clear_by_pattern" time="3.977"></testcase><testcase classname="tests.flow_counter_stats_test.TestRouteStats" file="tests/flow_counter_stats_test.py" line="850" name="test_diff" time="0.004"></testcase><testcase classname="tests.flow_counter_stats_test.TestRouteStatsMultiAsic" file="tests/flow_counter_stats_test.py" line="906" name="test_show_all_stats" time="1.121"></testcase><testcase classname="tests.flow_counter_stats_test.TestRouteStatsMultiAsic" file="tests/flow_counter_stats_test.py" line="917" name="test_show_json" time="0.558"></testcase><testcase classname="tests.flow_counter_stats_test.TestRouteStatsMultiAsic" file="tests/flow_counter_stats_test.py" line="923" name="test_clear_all" time="2.250"></testcase><testcase classname="tests.gearbox_test.TestGearbox" file="tests/gearbox_test.py" line="36" name="test_gearbox_interfaces_status_validation" time="0.340"></testcase><testcase classname="tests.gearbox_test.TestGearbox" file="tests/gearbox_test.py" line="25" name="test_gearbox_phys_status_validation" time="0.338"></testcase><testcase classname="tests.installer_bootloader_aboot_test" file="tests/installer_bootloader_aboot_test.py" line="13" name="test_swi_image_path" time="0.001"></testcase><testcase classname="tests.installer_bootloader_aboot_test" file="tests/installer_bootloader_aboot_test.py" line="28" name="test_get_current_image" time="0.002"></testcase><testcase classname="tests.installer_bootloader_aboot_test" file="tests/installer_bootloader_aboot_test.py" line="37" name="test_get_installed_images" time="0.001"></testcase><testcase classname="tests.installer_bootloader_aboot_test" file="tests/installer_bootloader_aboot_test.py" line="46" name="test_get_next_image" time="0.002"></testcase><testcase classname="tests.installer_bootloader_aboot_test" file="tests/installer_bootloader_aboot_test.py" line="55" name="test_set_fips_aboot" time="0.009"></testcase><testcase classname="tests.installer_bootloader_bootloader_test" file="tests/installer_bootloader_bootloader_test.py" line="6" name="test_get_image_path" time="0.001"></testcase><testcase classname="tests.installer_bootloader_grub_test" file="tests/installer_bootloader_grub_test.py" line="8" name="test_remove_image" time="0.007"></testcase><testcase classname="tests.installer_bootloader_grub_test" file="tests/installer_bootloader_grub_test.py" line="28" name="test_set_fips_grub" time="0.008"></testcase><testcase classname="tests.installer_bootloader_onie_test" file="tests/installer_bootloader_onie_test.py" line="6" name="test_get_current_image" time="0.002"></testcase><testcase classname="tests.installer_bootloader_uboot_test" file="tests/installer_bootloader_uboot_test.py" line="14" name="test_remove_image" time="0.002"></testcase><testcase classname="tests.installer_bootloader_uboot_test" file="tests/installer_bootloader_uboot_test.py" line="37" name="test_set_fips_uboot" time="0.002"></testcase><testcase classname="tests.installer_dependency_test" file="tests/installer_dependency_test.py" line="21" name="test_sonic_installer_not_depends_on_database_container" time="0.001"></testcase><testcase classname="tests.installer_docker_test" file="tests/installer_docker_test.py" line="9" name="test_rollback_docker_basic" time="0.004"></testcase><testcase classname="tests.installer_docker_test" file="tests/installer_docker_test.py" line="34" name="test_rollback_docker_no_extra_image" time="0.001"></testcase><testcase classname="tests.installer_docker_test" file="tests/installer_docker_test.py" line="44" name="test_upgrade_docker_basic[bgp]" time="2.014"></testcase><testcase classname="tests.installer_docker_test" file="tests/installer_docker_test.py" line="44" name="test_upgrade_docker_basic[swss]" time="4.022"></testcase><testcase classname="tests.installer_docker_test" file="tests/installer_docker_test.py" line="44" name="test_upgrade_docker_basic[teamd]" time="2.013"></testcase><testcase classname="tests.installer_docker_test" file="tests/installer_docker_test.py" line="44" name="test_upgrade_docker_basic[pmon]" time="0.004"></testcase><testcase classname="tests.installer_docker_test" file="tests/installer_docker_test.py" line="78" name="test_upgrade_docker_download_fail" time="0.002"></testcase><testcase classname="tests.installer_docker_test" file="tests/installer_docker_test.py" line="92" name="test_upgrade_docker_image_not_exist" time="0.002"></testcase><testcase classname="tests.installer_docker_test" file="tests/installer_docker_test.py" line="106" name="test_upgrade_docker_image_swss_check_failed" time="0.005"></testcase><testcase classname="tests.interfaces_test.TestInterfaces" file="tests/interfaces_test.py" line="150" name="test_show_interfaces" time="0.003"></testcase><testcase classname="tests.interfaces_test.TestInterfaces" file="tests/interfaces_test.py" line="157" name="test_show_interfaces_alias" time="0.018"></testcase><testcase classname="tests.interfaces_test.TestInterfaces" file="tests/interfaces_test.py" line="165" name="test_show_interfaces_alias_Ethernet0" time="0.016"></testcase><testcase classname="tests.interfaces_test.TestInterfaces" file="tests/interfaces_test.py" line="173" name="test_show_interfaces_alias_etp1" time="0.031"></testcase><testcase classname="tests.interfaces_test.TestInterfaces" file="tests/interfaces_test.py" line="183" name="test_show_interfaces_alias_invalid_name" time="0.016"></testcase><testcase classname="tests.interfaces_test.TestInterfaces" file="tests/interfaces_test.py" line="191" name="test_show_interfaces_naming_mode_default" time="0.001"></testcase><testcase classname="tests.interfaces_test.TestInterfaces" file="tests/interfaces_test.py" line="199" name="test_show_interfaces_naming_mode_alias" time="0.001"></testcase><testcase classname="tests.interfaces_test.TestInterfaces" file="tests/interfaces_test.py" line="209" name="test_show_interfaces_neighbor_expected" time="0.069"></testcase><testcase classname="tests.interfaces_test.TestInterfaces" file="tests/interfaces_test.py" line="218" name="test_show_interfaces_neighbor_expected_t1" time="0.589"></testcase><testcase classname="tests.interfaces_test.TestInterfaces" file="tests/interfaces_test.py" line="227" name="test_show_interfaces_neighbor_expected_Ethernet112" time="0.071"></testcase><testcase classname="tests.interfaces_test.TestInterfaces" file="tests/interfaces_test.py" line="236" name="test_show_interfaces_neighbor_expected_t1_Ethernet0" time="0.758"></testcase><testcase classname="tests.interfaces_test.TestInterfaces" file="tests/interfaces_test.py" line="245" name="test_show_interfaces_neighbor_expected_etp29" time="0.493"></testcase><testcase classname="tests.interfaces_test.TestInterfaces" file="tests/interfaces_test.py" line="256" name="test_show_interfaces_neighbor_expected_t1_Ethernet1_1" time="0.958"></testcase><testcase classname="tests.interfaces_test.TestInterfaces" file="tests/interfaces_test.py" line="267" name="test_show_interfaces_neighbor_expected_Ethernet0" time="0.073"></testcase><testcase classname="tests.interfaces_test.TestInterfaces" file="tests/interfaces_test.py" line="276" name="test_show_interfaces_portchannel" time="0.057"></testcase><testcase classname="tests.interfaces_test.TestInterfaces" file="tests/interfaces_test.py" line="285" name="test_show_interfaces_portchannel_in_alias_mode" time="0.097"></testcase><testcase classname="tests.interfaces_test.TestInterfaces" file="tests/interfaces_test.py" line="296" name="test_supervisor_show_interfaces_alias_etp1_with_waring" time="0.002"></testcase><testcase classname="tests.interfaces_test.TestInterfaces" file="tests/interfaces_test.py" line="306" name="test_supervisor_show_interfaces_alias_etp1_without_waring" time="0.002"></testcase><testcase classname="tests.intfstat_test.TestIntfstat" file="tests/intfstat_test.py" line="129" name="test_no_param" time="0.523"></testcase><testcase classname="tests.intfstat_test.TestIntfstat" file="tests/intfstat_test.py" line="138" name="test_verbose" time="0.523"></testcase><testcase classname="tests.intfstat_test.TestIntfstat" file="tests/intfstat_test.py" line="144" name="test_period" time="3.525"></testcase><testcase classname="tests.intfstat_test.TestIntfstat" file="tests/intfstat_test.py" line="150" name="test_period_single_interface" time="3.528"></testcase><testcase classname="tests.intfstat_test.TestIntfstat" file="tests/intfstat_test.py" line="156" name="test_single_intfs" time="0.529"></testcase><testcase classname="tests.intfstat_test.TestIntfstat" file="tests/intfstat_test.py" line="162" name="test_clear_single_intfs" time="1.564"></testcase><testcase classname="tests.intfstat_test.TestIntfstat" file="tests/intfstat_test.py" line="174" name="test_clear_single_interface_check_all" time="1.574"></testcase><testcase classname="tests.intfstat_test.TestIntfstat" file="tests/intfstat_test.py" line="186" name="test_clear" time="1.586"></testcase><testcase classname="tests.intfstat_test.TestIntfstat" file="tests/intfstat_test.py" line="198" name="test_alias_mode" time="0.535"></testcase><testcase classname="tests.intfutil_test.TestIntfutil" file="tests/intfutil_test.py" line="126" name="test_intf_status" time="1.192"></testcase><testcase classname="tests.intfutil_test.TestIntfutil" file="tests/intfutil_test.py" line="148" name="test_intf_status_Ethernet32" time="0.583"></testcase><testcase classname="tests.intfutil_test.TestIntfutil" file="tests/intfutil_test.py" line="155" name="test_intf_status_etp9" time="0.602"></testcase><testcase classname="tests.intfutil_test.TestIntfutil" file="tests/intfutil_test.py" line="140" name="test_intf_status_verbose" time="0.599"></testcase><testcase classname="tests.intfutil_test.TestIntfutil" file="tests/intfutil_test.py" line="310" name="test_show_interfaces_autoneg_status" time="0.593"></testcase><testcase classname="tests.intfutil_test.TestIntfutil" file="tests/intfutil_test.py" line="317" name="test_show_interfaces_autoneg_status_Ethernet0" time="0.583"></testcase><testcase classname="tests.intfutil_test.TestIntfutil" file="tests/intfutil_test.py" line="324" name="test_show_interfaces_autoneg_status_etp9_in_alias_mode" time="0.604"></testcase><testcase classname="tests.intfutil_test.TestIntfutil" file="tests/intfutil_test.py" line="164" name="test_show_interfaces_description" time="0.593"></testcase><testcase classname="tests.intfutil_test.TestIntfutil" file="tests/intfutil_test.py" line="171" name="test_show_interfaces_description_Ethernet0" time="0.589"></testcase><testcase classname="tests.intfutil_test.TestIntfutil" file="tests/intfutil_test.py" line="196" name="test_show_interfaces_description_Ethernet0_verbose" time="0.589"></testcase><testcase classname="tests.intfutil_test.TestIntfutil" file="tests/intfutil_test.py" line="187" name="test_show_interfaces_description_etp33_in_alias_mode" time="0.019"></testcase><testcase classname="tests.intfutil_test.TestIntfutil" file="tests/intfutil_test.py" line="178" name="test_show_interfaces_description_etp9_in_alias_mode" time="0.610"></testcase><testcase classname="tests.intfutil_test.TestIntfutil" file="tests/intfutil_test.py" line="333" name="test_show_interfaces_link_training_status" time="0.593"></testcase><testcase classname="tests.intfutil_test.TestIntfutil" file="tests/intfutil_test.py" line="231" name="test_single_subintf_status" time="2.349"></testcase><testcase classname="tests.intfutil_test.TestIntfutil" file="tests/intfutil_test.py" line="285" name="test_single_subintf_status_alias_mode" time="0.587"></testcase><testcase classname="tests.intfutil_test.TestIntfutil" file="tests/intfutil_test.py" line="300" name="test_single_subintf_status_alias_mode_verbose" time="0.585"></testcase><testcase classname="tests.intfutil_test.TestIntfutil" file="tests/intfutil_test.py" line="268" name="test_single_subintf_status_verbose" time="1.762"></testcase><testcase classname="tests.intfutil_test.TestIntfutil" file="tests/intfutil_test.py" line="204" name="test_subintf_status" time="1.169"></testcase><testcase classname="tests.intfutil_test.TestIntfutil" file="tests/intfutil_test.py" line="223" name="test_subintf_status_verbose" time="0.590"></testcase><testcase classname="tests.ip_config_test.TestConfigIP" file="tests/ip_config_test.py" line="39" name="test_add_del_interface_valid_ipv4" time="0.119"></testcase><testcase classname="tests.ip_config_test.TestConfigIP" file="tests/ip_config_test.py" line="80" name="test_add_interface_invalid_ipv4" time="0.072"></testcase><testcase classname="tests.ip_config_test.TestConfigIP" file="tests/ip_config_test.py" line="91" name="test_add_interface_ipv4_invalid_mask" time="0.067"></testcase><testcase classname="tests.ip_config_test.TestConfigIP" file="tests/ip_config_test.py" line="102" name="test_add_interface_ipv4_with_leading_zeros" time="0.068"></testcase><testcase classname="tests.ip_config_test.TestConfigIP" file="tests/ip_config_test.py" line="115" name="test_add_del_interface_valid_ipv6" time="0.117"></testcase><testcase classname="tests.ip_config_test.TestConfigIP" file="tests/ip_config_test.py" line="152" name="test_del_interface_case_sensitive_ipv6" time="0.086"></testcase><testcase classname="tests.ip_config_test.TestConfigIP" file="tests/ip_config_test.py" line="166" name="test_add_interface_invalid_ipv6" time="0.070"></testcase><testcase classname="tests.ip_config_test.TestConfigIP" file="tests/ip_config_test.py" line="177" name="test_add_interface_ipv6_invalid_mask" time="0.069"></testcase><testcase classname="tests.ip_config_test.TestConfigIP" file="tests/ip_config_test.py" line="188" name="test_add_del_interface_ipv6_with_leading_zeros" time="0.085"></testcase><testcase classname="tests.ip_config_test.TestConfigIP" file="tests/ip_config_test.py" line="205" name="test_add_del_interface_shortened_ipv6_with_leading_zeros" time="0.087"></testcase><testcase classname="tests.ip_config_test.TestConfigIP" file="tests/ip_config_test.py" line="222" name="test_remove_interface_case_sensitive_mock_ipv6_w_apply_patch" time="0.011"></testcase><testcase classname="tests.ip_config_test.TestConfigIP" file="tests/ip_config_test.py" line="237" name="test_intf_vrf_bind_unbind" time="0.077"></testcase><testcase classname="tests.ip_config_test.TestConfigIP" file="tests/ip_config_test.py" line="250" name="test_intf_unknown_vrf_bind" time="0.076"></testcase><testcase classname="tests.ip_show_routes_multi_asic_test.TestMultiAiscShowIpRouteDisplayAllCommands" file="tests/ip_show_routes_multi_asic_test.py" line="23" name="test_show_multi_asic_ip_route_front_end[ip_route]" time="0.021"></testcase><testcase classname="tests.ip_show_routes_multi_asic_test.TestMultiAiscShowIpRouteDisplayAllCommands" file="tests/ip_show_routes_multi_asic_test.py" line="37" name="test_show_multi_asic_ip_route_all[ip_route]" time="0.021"></testcase><testcase classname="tests.ip_show_routes_multi_asic_test.TestMultiAiscShowIpRouteDisplayAllCommands" file="tests/ip_show_routes_multi_asic_test.py" line="51" name="test_show_multi_asic_ip_route_specific[ip_specific_route]" time="0.011"></testcase><testcase classname="tests.ip_show_routes_multi_asic_test.TestMultiAiscShowIpRouteDisplayAllCommands" file="tests/ip_show_routes_multi_asic_test.py" line="65" name="test_show_multi_asic_ip_route_specific_on_1_asic[ip_specific_route_on_1_asic]" time="0.011"></testcase><testcase classname="tests.ip_show_routes_multi_asic_test.TestMultiAiscShowIpRouteDisplayAllCommands" file="tests/ip_show_routes_multi_asic_test.py" line="79" name="test_show_multi_asic_ip_route_specific_recursive_route[ip_specific_recursive_route]" time="0.011"></testcase><testcase classname="tests.ip_show_routes_multi_asic_test.TestMultiAiscShowIpRouteDisplayAllCommands" file="tests/ip_show_routes_multi_asic_test.py" line="93" name="test_show_multi_asic_ipv6_route_specific[ipv6_specific_route]" time="0.011"></testcase><testcase classname="tests.ip_show_routes_multi_asic_test.TestMultiAiscShowIpRouteDisplayAllCommands" file="tests/ip_show_routes_multi_asic_test.py" line="110" name="test_show_imulti_asic_ipv6_route_err[ipv6_route_err]" time="0.011"></testcase><testcase classname="tests.ip_show_routes_multi_asic_test.TestMultiAiscShowIpRouteDisplayAllCommands" file="tests/ip_show_routes_multi_asic_test.py" line="124" name="test_show_multi_asic_ip_route_namespace_option_err[ip_route]" time="0.002"></testcase><testcase classname="tests.ip_show_routes_multi_asic_test.TestMultiAiscShowIpRouteDisplayAllCommands" file="tests/ip_show_routes_multi_asic_test.py" line="138" name="test_show_multi_asic_ip_route_display_option_err[ip_route]" time="0.002"></testcase><testcase classname="tests.ip_show_routes_multi_asic_test.TestMultiAiscShowIpRouteDisplayAllCommands" file="tests/ip_show_routes_multi_asic_test.py" line="152" name="test_show_multi_asic_ipv6_route_all_namespace[ipv6_route]" time="0.017"></testcase><testcase classname="tests.ip_show_routes_multi_asic_test.TestMultiAiscShowIpRouteDisplayAllCommands" file="tests/ip_show_routes_multi_asic_test.py" line="166" name="test_show_multi_asic_ipv6_route_single_namespace[ipv6_route]" time="0.015"></testcase><testcase classname="tests.ip_show_routes_multi_asic_test.TestMultiAiscShowIpRouteDisplayAllCommands" file="tests/ip_show_routes_multi_asic_test.py" line="180" name="test_show_multi_asic_ipv6_route_specific_route_json[ipv6_specific_route]" time="0.011"></testcase><testcase classname="tests.ip_show_routes_multi_asic_test.TestMultiAiscShowIpRouteDisplayAllCommands" file="tests/ip_show_routes_multi_asic_test.py" line="194" name="test_show_multi_asic_ip_route_special_route[ip_special_route]" time="0.012"></testcase><testcase classname="tests.ip_show_routes_multi_asic_test.TestMultiAiscShowIpRouteDisplayAllCommands" file="tests/ip_show_routes_multi_asic_test.py" line="208" name="test_show_multi_asic_ip_route_empty_route[ip_empty_route]" time="0.011"></testcase><testcase classname="tests.ip_show_routes_multi_asic_test.TestMultiAiscShowIpRouteDisplayAllCommands" file="tests/ip_show_routes_multi_asic_test.py" line="222" name="test_show_multi_asic_ip_route_summay[ip_route_summary]" time="0.011"></testcase><testcase classname="tests.ip_show_routes_test.TestShowIpRouteCommands" file="tests/ip_show_routes_test.py" line="20" name="test_show_ip_route[ip_route]" time="0.003"></testcase><testcase classname="tests.ip_show_routes_test.TestShowIpRouteCommands" file="tests/ip_show_routes_test.py" line="34" name="test_show_specific_ip_route[ip_specific_route]" time="0.002"></testcase><testcase classname="tests.ip_show_routes_test.TestShowIpRouteCommands" file="tests/ip_show_routes_test.py" line="48" name="test_show_special_ip_route[ip_special_route]" time="0.002"></testcase><testcase classname="tests.ip_show_routes_test.TestShowIpRouteCommands" file="tests/ip_show_routes_test.py" line="62" name="test_show_specific_ipv6_route_json[ipv6_specific_route]" time="0.002"></testcase><testcase classname="tests.ip_show_routes_test.TestShowIpRouteCommands" file="tests/ip_show_routes_test.py" line="76" name="test_show_ipv6_route[ipv6_route]" time="0.002"></testcase><testcase classname="tests.ip_show_routes_test.TestShowIpRouteCommands" file="tests/ip_show_routes_test.py" line="90" name="test_show_ipv6_route_err[ipv6_route_err]" time="0.002"></testcase><testcase classname="tests.ipv6_link_local_test.TestIPv6LinkLocal" file="tests/ipv6_link_local_test.py" line="102" name="test_show_ipv6_link_local_mode" time="0.085"></testcase><testcase classname="tests.ipv6_link_local_test.TestIPv6LinkLocal" file="tests/ipv6_link_local_test.py" line="112" name="test_config_enable_disable_ipv6_link_local_on_physical_interface" time="0.100"></testcase><testcase classname="tests.ipv6_link_local_test.TestIPv6LinkLocal" file="tests/ipv6_link_local_test.py" line="131" name="test_config_enable_disable_ipv6_link_local_on_portchannel_interface" time="0.100"></testcase><testcase classname="tests.ipv6_link_local_test.TestIPv6LinkLocal" file="tests/ipv6_link_local_test.py" line="150" name="test_config_enable_disable_ipv6_link_local_on_invalid_interface" time="0.100"></testcase><testcase classname="tests.ipv6_link_local_test.TestIPv6LinkLocal" file="tests/ipv6_link_local_test.py" line="169" name="test_config_enable_disable_ipv6_link_local_on_interface_which_is_member_of_vlan" time="0.099"></testcase><testcase classname="tests.ipv6_link_local_test.TestIPv6LinkLocal" file="tests/ipv6_link_local_test.py" line="188" name="test_config_enable_disable_ipv6_link_local_on_interface_which_is_member_of_portchannel" time="0.101"></testcase><testcase classname="tests.ipv6_link_local_test.TestIPv6LinkLocal" file="tests/ipv6_link_local_test.py" line="207" name="test_config_enable_disable_ipv6_link_local_on_all_valid_interfaces" time="0.098"></testcase><testcase classname="tests.ipv6_link_local_test.TestIPv6LinkLocal" file="tests/ipv6_link_local_test.py" line="226" name="test_vlan_member_add_on_link_local_interface" time="0.137"></testcase><testcase classname="tests.kdump_test.TestKdump" file="tests/kdump_test.py" line="11" name="test_config_kdump_disable" time="0.069"></testcase><testcase classname="tests.kdump_test.TestKdump" file="tests/kdump_test.py" line="26" name="test_config_kdump_enable" time="0.069"></testcase><testcase classname="tests.kdump_test.TestKdump" file="tests/kdump_test.py" line="41" name="test_config_kdump_memory" time="0.070"></testcase><testcase classname="tests.kdump_test.TestKdump" file="tests/kdump_test.py" line="56" name="test_config_kdump_num_dumps" time="0.069"></testcase><testcase classname="tests.kube_test.TestKube" file="tests/kube_test.py" line="72" name="test_kube_server" time="0.134"></testcase><testcase classname="tests.kube_test.TestKube" file="tests/kube_test.py" line="83" name="test_no_kube_server" time="0.069"></testcase><testcase classname="tests.kube_test.TestKube" file="tests/kube_test.py" line="100" name="test_kube_server_status" time="0.070"></testcase><testcase classname="tests.kube_test.TestKube" file="tests/kube_test.py" line="114" name="test_set_server_ip" time="0.068"></testcase><testcase classname="tests.kube_test.TestKube" file="tests/kube_test.py" line="127" name="test_set_server_invalid_port" time="0.068"></testcase><testcase classname="tests.kube_test.TestKube" file="tests/kube_test.py" line="138" name="test_set_insecure" time="0.068"></testcase><testcase classname="tests.kube_test.TestKube" file="tests/kube_test.py" line="151" name="test_set_disable" time="0.068"></testcase><testcase classname="tests.kube_test.TestKube" file="tests/kube_test.py" line="164" name="test_set_port" time="0.068"></testcase><testcase classname="tests.kube_test.TestKube" file="tests/kube_test.py" line="177" name="test_kube_labels" time="0.068"></testcase><testcase classname="tests.kube_test.TestKube" file="tests/kube_test.py" line="186" name="test_set_kube_labels" time="0.069"></testcase><testcase classname="tests.lldp_test.TestLldp" file="tests/lldp_test.py" line="66" name="test_show_lldp_2_macs_same_phy_interface" time="0.002"></testcase><testcase classname="tests.loopback_action_test.TestLoopbackAction" file="tests/loopback_action_test.py" line="21" name="test_config_loopback_action_on_physical_interface" time="0.069"></testcase><testcase classname="tests.loopback_action_test.TestLoopbackAction" file="tests/loopback_action_test.py" line="36" name="test_config_loopback_action_on_physical_interface_alias" time="0.069"></testcase><testcase classname="tests.loopback_action_test.TestLoopbackAction" file="tests/loopback_action_test.py" line="54" name="test_config_loopback_action_on_port_channel_interface" time="0.068"></testcase><testcase classname="tests.loopback_action_test.TestLoopbackAction" file="tests/loopback_action_test.py" line="69" name="test_config_loopback_action_on_vlan_interface" time="0.069"></testcase><testcase classname="tests.loopback_action_test.TestLoopbackAction" file="tests/loopback_action_test.py" line="84" name="test_config_loopback_action_on_subinterface" time="0.069"></testcase><testcase classname="tests.loopback_action_test.TestLoopbackAction" file="tests/loopback_action_test.py" line="99" name="test_show_ip_interfaces_loopback_action" time="0.018"></testcase><testcase classname="tests.loopback_action_test.TestLoopbackAction" file="tests/loopback_action_test.py" line="107" name="test_config_loopback_action_on_non_ip_interface" time="0.068"></testcase><testcase classname="tests.loopback_action_test.TestLoopbackAction" file="tests/loopback_action_test.py" line="121" name="test_config_loopback_action_invalid_action" time="0.068"></testcase><testcase classname="tests.mclag_test.TestMclag" file="tests/mclag_test.py" line="88" name="test_add_mclag_with_invalid_src_ip" time="0.068"></testcase><testcase classname="tests.mclag_test.TestMclag" file="tests/mclag_test.py" line="97" name="test_add_mclag_with_invalid_src_mcast_ip" time="0.068"></testcase><testcase classname="tests.mclag_test.TestMclag" file="tests/mclag_test.py" line="117" name="test_add_mclag_with_invalid_peer_ip" time="0.069"></testcase><testcase classname="tests.mclag_test.TestMclag" file="tests/mclag_test.py" line="138" name="test_add_mclag_with_invalid_peer_mcast_ip" time="0.067"></testcase><testcase classname="tests.mclag_test.TestMclag" file="tests/mclag_test.py" line="147" name="test_add_mclag_with_valid_peer_link" time="0.137"></testcase><testcase classname="tests.mclag_test.TestMclag" file="tests/mclag_test.py" line="164" name="test_add_mclag_with_invalid_peer_link" time="0.071"></testcase><testcase classname="tests.mclag_test.TestMclag" file="tests/mclag_test.py" line="213" name="test_add_invalid_mclag_domain" time="0.067"></testcase><testcase classname="tests.mclag_test.TestMclag" file="tests/mclag_test.py" line="227" name="test_add_mclag_domain" time="0.069"></testcase><testcase classname="tests.mclag_test.TestMclag" file="tests/mclag_test.py" line="244" name="test_mclag_invalid_keepalive_timer" time="0.068"></testcase><testcase classname="tests.mclag_test.TestMclag" file="tests/mclag_test.py" line="267" name="test_mclag_keepalive_timer" time="0.070"></testcase><testcase classname="tests.mclag_test.TestMclag" file="tests/mclag_test.py" line="309" name="test_mclag_session_timeout" time="0.069"></testcase><testcase classname="tests.mclag_test.TestMclag" file="tests/mclag_test.py" line="331" name="test_mclag_add_mclag_member_to_nonexisting_domain" time="0.068"></testcase><testcase classname="tests.mclag_test.TestMclag" file="tests/mclag_test.py" line="346" name="test_mclag_add_invalid_member" time="0.070"></testcase><testcase classname="tests.mclag_test.TestMclag" file="tests/mclag_test.py" line="380" name="test_mclag_add_member" time="0.072"></testcase><testcase classname="tests.mclag_test.TestMclag" file="tests/mclag_test.py" line="450" name="test_mclag_add_unique_ip" time="0.071"></testcase><testcase classname="tests.mclag_test.TestMclag" file="tests/mclag_test.py" line="485" name="test_mclag_add_unique_ip_non_default_vrf" time="0.068"></testcase><testcase classname="tests.mclag_test.TestMclag" file="tests/mclag_test.py" line="501" name="test_mclag_not_present_domain" time="0.067"></testcase><testcase classname="tests.mclag_test.TestMclag" file="tests/mclag_test.py" line="519" name="test_add_unique_ip_for_nonexisting_domain" time="0.069"></testcase><testcase classname="tests.mclag_test.TestMclag" file="tests/mclag_test.py" line="535" name="test_add_mclag_with_invalid_domain_id" time="0.069"></testcase><testcase classname="tests.mclag_test.TestMclag" file="tests/mclag_test.py" line="547" name="test_del_mclag_with_invalid_domain_id" time="0.067"></testcase><testcase classname="tests.mclag_test.TestMclag" file="tests/mclag_test.py" line="563" name="test_modify_mclag_domain" time="0.068"></testcase><testcase classname="tests.mclag_test.TestMclag" file="tests/mclag_test.py" line="582" name="test_add_mclag_domain_no_peer_link" time="0.068"></testcase><testcase classname="tests.mclag_test.TestMclag" file="tests/mclag_test.py" line="592" name="test_del_mclag_domain_with_members" time="0.069"></testcase><testcase classname="tests.mclag_test.TestMclag" file="tests/mclag_test.py" line="620" name="test_mclag_keepalive_for_non_existent_domain" time="0.067"></testcase><testcase classname="tests.mclag_test.TestMclag" file="tests/mclag_test.py" line="630" name="test_mclag_keepalive_config_with_nondefault_sess_tmout" time="0.069"></testcase><testcase classname="tests.mclag_test.TestMclag" file="tests/mclag_test.py" line="648" name="test_mclag_session_tmout_for_nonexistent_domain" time="0.068"></testcase><testcase classname="tests.memory_check_handler_test" file="tests/memory_check_handler_test.py" line="23" name="test_memory_threshold_check_handler_host" time="0.022"></testcase><testcase classname="tests.memory_threshold_check_test" file="tests/memory_threshold_check_test.py" line="50" name="test_memory_check_host_not_crossed" time="0.003"></testcase><testcase classname="tests.memory_threshold_check_test" file="tests/memory_threshold_check_test.py" line="55" name="test_memory_check_host_less_then_min_required" time="0.002"></testcase><testcase classname="tests.memory_threshold_check_test" file="tests/memory_threshold_check_test.py" line="60" name="test_memory_check_host_threshold_crossed" time="0.002"></testcase><testcase classname="tests.memory_threshold_check_test" file="tests/memory_threshold_check_test.py" line="65" name="test_memory_check_telemetry_threshold_crossed" time="0.002"></testcase><testcase classname="tests.memory_threshold_check_test" file="tests/memory_threshold_check_test.py" line="69" name="test_memory_check_swss_threshold_crossed" time="0.002"></testcase><testcase classname="tests.mpls_test.TestMpls" file="tests/mpls_test.py" line="99" name="test_config_mpls_add" time="0.065"></testcase><testcase classname="tests.mpls_test.TestMpls" file="tests/mpls_test.py" line="113" name="test_config_mpls_invalid_interface_add" time="0.067"></testcase><testcase classname="tests.mpls_test.TestMpls" file="tests/mpls_test.py" line="128" name="test_show_interfaces_mpls_frontend" time="0.122"></testcase><testcase classname="tests.mpls_test.TestMpls" file="tests/mpls_test.py" line="140" name="test_show_interfaces_mpls" time="0.123"></testcase><testcase classname="tests.mpls_test.TestMpls" file="tests/mpls_test.py" line="150" name="test_show_interfaces_mpls_dall" time="0.124"></testcase><testcase classname="tests.mpls_test.TestMpls" file="tests/mpls_test.py" line="160" name="test_show_interfaces_mpls_asic_interface" time="0.038"></testcase><testcase classname="tests.mpls_test.TestMpls" file="tests/mpls_test.py" line="170" name="test_show_interfaces_mpls_asic_invalid_interface" time="0.037"></testcase><testcase classname="tests.mpls_test.TestMpls" file="tests/mpls_test.py" line="180" name="test_config_mpls_remove" time="0.070"></testcase><testcase classname="tests.mpls_test.TestMpls" file="tests/mpls_test.py" line="194" name="test_config_mpls_invalid_interface_remove" time="0.069"></testcase><testcase classname="tests.mpls_test.TestMplsMasic" file="tests/mpls_test.py" line="229" name="test_config_mpls_masic_add" time="0.107"></testcase><testcase classname="tests.mpls_test.TestMplsMasic" file="tests/mpls_test.py" line="244" name="test_config_mpls_masic_invalid_interface_add" time="0.102"></testcase><testcase classname="tests.mpls_test.TestMplsMasic" file="tests/mpls_test.py" line="259" name="test_show_interfaces_mpls_masic_frontend" time="0.029"></testcase><testcase classname="tests.mpls_test.TestMplsMasic" file="tests/mpls_test.py" line="270" name="test_show_interfaces_mpls_masic_all" time="0.034"></testcase><testcase classname="tests.mpls_test.TestMplsMasic" file="tests/mpls_test.py" line="281" name="test_show_interfaces_mpls_masic_asic" time="0.028"></testcase><testcase classname="tests.mpls_test.TestMplsMasic" file="tests/mpls_test.py" line="291" name="test_show_interfaces_mpls_masic_asic_all" time="0.021"></testcase><testcase classname="tests.mpls_test.TestMplsMasic" file="tests/mpls_test.py" line="301" name="test_show_interfaces_mpls_masic_asic_interface" time="0.034"></testcase><testcase classname="tests.mpls_test.TestMplsMasic" file="tests/mpls_test.py" line="311" name="test_show_interfaces_mpls_masic_asic_invalid_interface" time="0.033"></testcase><testcase classname="tests.mpls_test.TestMplsMasic" file="tests/mpls_test.py" line="321" name="test_config_mpls_masic_remove" time="0.101"></testcase><testcase classname="tests.mpls_test.TestMplsMasic" file="tests/mpls_test.py" line="335" name="test_config_mpls_masic_invalid_interface_remove" time="0.102"></testcase><testcase classname="tests.multi_asic_intfutil_test.TestInterfacesMultiAsic" file="tests/multi_asic_intfutil_test.py" line="99" name="test_multi_asic_interface_status_all" time="0.587"></testcase><testcase classname="tests.multi_asic_intfutil_test.TestInterfacesMultiAsic" file="tests/multi_asic_intfutil_test.py" line="106" name="test_multi_asic_interface_status" time="0.573"></testcase><testcase classname="tests.multi_asic_intfutil_test.TestInterfacesMultiAsic" file="tests/multi_asic_intfutil_test.py" line="113" name="test_multi_asic_interface_status_asic0_all" time="0.565"></testcase><testcase classname="tests.multi_asic_intfutil_test.TestInterfacesMultiAsic" file="tests/multi_asic_intfutil_test.py" line="120" name="test_multi_asic_interface_status_asic0" time="0.570"></testcase><testcase classname="tests.multi_asic_intfutil_test.TestInterfacesMultiAsic" file="tests/multi_asic_intfutil_test.py" line="127" name="test_multi_asic_interface_desc" time="0.563"></testcase><testcase classname="tests.multi_asic_intfutil_test.TestInterfacesMultiAsic" file="tests/multi_asic_intfutil_test.py" line="134" name="test_multi_asic_interface_desc_all" time="0.580"></testcase><testcase classname="tests.multi_asic_intfutil_test.TestInterfacesMultiAsic" file="tests/multi_asic_intfutil_test.py" line="141" name="test_multi_asic_interface_asic0" time="0.568"></testcase><testcase classname="tests.multi_asic_intfutil_test.TestInterfacesMultiAsic" file="tests/multi_asic_intfutil_test.py" line="148" name="test_multi_asic_interface_desc_asic0_all" time="0.558"></testcase><testcase classname="tests.multi_asic_intfutil_test.TestInterfacesMultiAsic" file="tests/multi_asic_intfutil_test.py" line="162" name="test_invalid_asic_name" time="0.536"></testcase><testcase classname="tests.muxcable_test.TestMuxcable" file="tests/muxcable_test.py" line="556" name="test_muxcable_status" time="0.086"></testcase><testcase classname="tests.muxcable_test.TestMuxcable" file="tests/muxcable_test.py" line="567" name="test_muxcable_status_alias" time="0.080"></testcase><testcase classname="tests.muxcable_test.TestMuxcable" file="tests/muxcable_test.py" line="580" name="test_muxcable_status_json" time="0.080"></testcase><testcase classname="tests.muxcable_test.TestMuxcable" file="tests/muxcable_test.py" line="592" name="test_muxcable_status_json_alias" time="0.080"></testcase><testcase classname="tests.muxcable_test.TestMuxcable" file="tests/muxcable_test.py" line="606" name="test_muxcable_status_config" time="0.088"></testcase><testcase classname="tests.muxcable_test.TestMuxcable" file="tests/muxcable_test.py" line="615" name="test_muxcable_status_config_alias" time="0.087"></testcase><testcase classname="tests.muxcable_test.TestMuxcable" file="tests/muxcable_test.py" line="626" name="test_muxcable_status_config_json" time="0.086"></testcase><testcase classname="tests.muxcable_test.TestMuxcable" file="tests/muxcable_test.py" line="635" name="test_muxcable_status_config_json_alias" time="0.087"></testcase><testcase classname="tests.muxcable_test.TestMuxcable" file="tests/muxcable_test.py" line="647" name="test_muxcable_config_json_with_incorrect_port" time="0.083"></testcase><testcase classname="tests.muxcable_test.TestMuxcable" file="tests/muxcable_test.py" line="655" name="test_muxcable_status_json_with_correct_port" time="0.078"></testcase><testcase classname="tests.muxcable_test.TestMuxcable" file="tests/muxcable_test.py" line="667" name="test_muxcable_status_json_with_correct_port_alias" time="0.078"></testcase><testcase classname="tests.muxcable_test.TestMuxcable" file="tests/muxcable_test.py" line="682" name="test_muxcable_status_json_port_incorrect_index" time="0.077"></testcase><testcase classname="tests.muxcable_test.TestMuxcable" file="tests/muxcable_test.py" line="694" name="test_muxcable_status_with_patch" time="0.067"></testcase><testcase classname="tests.muxcable_test.TestMuxcable" file="tests/muxcable_test.py" line="700" name="test_muxcable_status_json_with_incorrect_port" time="0.077"></testcase><testcase classname="tests.muxcable_test.TestMuxcable" file="tests/muxcable_test.py" line="712" name="test_muxcable_config_with_correct_port" time="0.085"></testcase><testcase classname="tests.muxcable_test.TestMuxcable" file="tests/muxcable_test.py" line="721" name="test_muxcable_config_json_with_correct_port" time="0.084"></testcase><testcase classname="tests.muxcable_test.TestMuxcable" file="tests/muxcable_test.py" line="730" name="test_muxcable_config_json_port_with_incorrect_index" time="0.084"></testcase><testcase classname="tests.muxcable_test.TestMuxcable" file="tests/muxcable_test.py" line="739" name="test_muxcable_config_json_with_incorrect_port_patch" time="0.083"></testcase><testcase classname="tests.muxcable_test.TestMuxcable" file="tests/muxcable_test.py" line="748" name="test_muxcable_status_json_port_eth0" time="0.079"></testcase><testcase classname="tests.muxcable_test.TestMuxcable" file="tests/muxcable_test.py" line="760" name="test_config_muxcable_tabular_port_Ethernet8_active" time="0.090"></testcase><testcase classname="tests.muxcable_test.TestMuxcable" file="tests/muxcable_test.py" line="770" name="test_config_muxcable_tabular_port_Ethernet8_auto" time="0.091"></testcase><testcase classname="tests.muxcable_test.TestMuxcable" file="tests/muxcable_test.py" line="780" name="test_config_muxcable_tabular_port_Ethernet8_manual" time="0.090"></testcase><testcase classname="tests.muxcable_test.TestMuxcable" file="tests/muxcable_test.py" line="790" name="test_config_muxcable_tabular_port_Ethernet16_standby" time="0.090"></testcase><testcase classname="tests.muxcable_test.TestMuxcable" file="tests/muxcable_test.py" line="800" name="test_config_muxcable_mode_auto_json" time="0.090"></testcase><testcase classname="tests.muxcable_test.TestMuxcable" file="tests/muxcable_test.py" line="809" name="test_config_muxcable_mode_auto_json_alias" time="0.091"></testcase><testcase classname="tests.muxcable_test.TestMuxcable" file="tests/muxcable_test.py" line="820" name="test_config_muxcable_mode_active_json" time="0.091"></testcase><testcase classname="tests.muxcable_test.TestMuxcable" file="tests/muxcable_test.py" line="829" name="test_config_muxcable_mode_active_json_alias" time="0.091"></testcase><testcase classname="tests.muxcable_test.TestMuxcable" file="tests/muxcable_test.py" line="840" name="test_config_muxcable_json_port_auto_Ethernet0" time="0.090"></testcase><testcase classname="tests.muxcable_test.TestMuxcable" file="tests/muxcable_test.py" line="851" name="test_config_muxcable_json_port_active_Ethernet0" time="0.089"></testcase><testcase classname="tests.muxcable_test.TestMuxcable" file="tests/muxcable_test.py" line="862" name="test_config_muxcable_mode_auto_tabular" time="0.092"></testcase><testcase classname="tests.muxcable_test.TestMuxcable" file="tests/muxcable_test.py" line="868" name="test_config_muxcable_mode_active_tabular" time="0.091"></testcase><testcase classname="tests.muxcable_test.TestMuxcable" file="tests/muxcable_test.py" line="878" name="test_config_muxcable_tabular_port" time="0.091"></testcase><testcase classname="tests.muxcable_test.TestMuxcable" file="tests/muxcable_test.py" line="888" name="test_config_muxcable_tabular_port_Ethernet4_active" time="0.089"></testcase><testcase classname="tests.muxcable_test.TestMuxcable" file="tests/muxcable_test.py" line="898" name="test_config_muxcable_tabular_port_Ethernet4_auto" time="0.090"></testcase><testcase classname="tests.muxcable_test.TestMuxcable" file="tests/muxcable_test.py" line="908" name="test_config_muxcable_tabular_port_with_incorrect_index" time="0.089"></testcase><testcase classname="tests.muxcable_test.TestMuxcable" file="tests/muxcable_test.py" line="918" name="test_config_muxcable_tabular_port_with_incorrect_port_index" time="0.089"></testcase><testcase classname="tests.muxcable_test.TestMuxcable" file="tests/muxcable_test.py" line="929" name="test_config_muxcable_tabular_port_with_incorrect_port" time="0.089"></testcase><testcase classname="tests.muxcable_test.TestMuxcable" file="tests/muxcable_test.py" line="940" name="test_config_muxcable_packetloss_reset_Ethernet0" time="0.090"></testcase><testcase classname="tests.muxcable_test.TestMuxcable" file="tests/muxcable_test.py" line="950" name="test_show_muxcable_eye_info" time="0.069"></testcase><testcase classname="tests.muxcable_test.TestMuxcable" file="tests/muxcable_test.py" line="967" name="test_show_mux_debugdeumpregisters" time="0.069"></testcase><testcase classname="tests.muxcable_test.TestMuxcable" file="tests/muxcable_test.py" line="981" name="test_show_mux_pcsstatistics" time="0.069"></testcase><testcase classname="tests.muxcable_test.TestMuxcable" file="tests/muxcable_test.py" line="995" name="test_show_mux_fecstatistics" time="0.068"></testcase><testcase classname="tests.muxcable_test.TestMuxcable" file="tests/muxcable_test.py" line="1010" name="test_show_mux_event_log" time="0.069"></testcase><testcase classname="tests.muxcable_test.TestMuxcable" file="tests/muxcable_test.py" line="1026" name="test_show_mux_get_fec_anlt_speed" time="0.069"></testcase><testcase classname="tests.muxcable_test.TestMuxcable" file="tests/muxcable_test.py" line="1460" name="test_show_muxcable_firmware_version_all" time="0.103"></testcase><testcase classname="tests.muxcable_test.TestMuxcable" file="tests/muxcable_test.py" line="1481" name="test_show_muxcable_firmware_version_all_active" time="0.104"></testcase><testcase classname="tests.muxcable_test.TestMuxcable" file="tests/muxcable_test.py" line="1501" name="test_show_muxcable_firmware_version_all_bad_asic_index" time="0.081"></testcase><testcase classname="tests.muxcable_test.TestMuxcable" file="tests/muxcable_test.py" line="1668" name="test_show_muxcable_ber_info" time="0.068"></testcase><testcase classname="tests.muxcable_test.TestMuxcable" file="tests/muxcable_test.py" line="1681" name="test_config_muxcable_enable_prbs" time="0.069"></testcase><testcase classname="tests.muxcable_test.TestMuxcable" file="tests/muxcable_test.py" line="1698" name="test_config_muxcable_enable_loopback" time="0.068"></testcase><testcase classname="tests.muxcable_test.TestMuxcable" file="tests/muxcable_test.py" line="1715" name="test_config_muxcable_disble_prbs" time="0.068"></testcase><testcase classname="tests.muxcable_test.TestMuxcable" file="tests/muxcable_test.py" line="1732" name="test_config_muxcable_disable_loopback" time="0.068"></testcase><testcase classname="tests.muxcable_test.TestMuxcable" file="tests/muxcable_test.py" line="1749" name="test_show_muxcable_cableinfo" time="0.068"></testcase><testcase classname="tests.muxcable_test.TestMuxcable" file="tests/muxcable_test.py" line="1763" name="test_show_muxcable_cableinfo_incorrect_port" time="0.067"></testcase><testcase classname="tests.muxcable_test.TestMuxcable" file="tests/muxcable_test.py" line="1775" name="test_show_muxcable_cableinfo_incorrect_port_return_value" time="0.068"></testcase><testcase classname="tests.muxcable_test.TestMuxcable" file="tests/muxcable_test.py" line="1787" name="test_show_muxcable_cableinfo_incorrect_logical_port_return_value" time="0.067"></testcase><testcase classname="tests.muxcable_test.TestMuxcable" file="tests/muxcable_test.py" line="1800" name="test_show_muxcable_hwmode_muxdirection_port_active" time="0.068"></testcase><testcase classname="tests.muxcable_test.TestMuxcable" file="tests/muxcable_test.py" line="1824" name="test_show_muxcable_hwmode_muxdirection_active_expected_output_alias" time="0.068"></testcase><testcase classname="tests.muxcable_test.TestMuxcable" file="tests/muxcable_test.py" line="1850" name="test_show_muxcable_hwmode_muxdirection_active" time="0.068"></testcase><testcase classname="tests.muxcable_test.TestMuxcable" file="tests/muxcable_test.py" line="1872" name="test_show_muxcable_hwmode_muxdirection_port_standby" time="0.068"></testcase><testcase classname="tests.muxcable_test.TestMuxcable" file="tests/muxcable_test.py" line="1896" name="test_show_muxcable_hwmode_muxdirection_port_standby_alias" time="0.069"></testcase><testcase classname="tests.muxcable_test.TestMuxcable" file="tests/muxcable_test.py" line="1922" name="test_show_muxcable_hwmode_muxdirection_standby" time="0.068"></testcase><testcase classname="tests.muxcable_test.TestMuxcable" file="tests/muxcable_test.py" line="1944" name="test_config_muxcable_hwmode_state_port_active" time="0.069"></testcase><testcase classname="tests.muxcable_test.TestMuxcable" file="tests/muxcable_test.py" line="1969" name="test_config_muxcable_hwmode_state_active" time="0.068"></testcase><testcase classname="tests.muxcable_test.TestMuxcable" file="tests/muxcable_test.py" line="1994" name="test_config_muxcable_hwmode_state_port_standby" time="0.068"></testcase><testcase classname="tests.muxcable_test.TestMuxcable" file="tests/muxcable_test.py" line="2019" name="test_config_muxcable_hwmode_state_standby" time="0.068"></testcase><testcase classname="tests.muxcable_test.TestMuxcable" file="tests/muxcable_test.py" line="2044" name="test_show_muxcable_firmware_version" time="0.069"></testcase><testcase classname="tests.muxcable_test.TestMuxcable" file="tests/muxcable_test.py" line="2075" name="test_config_muxcable_download_firmware" time="0.069"></testcase><testcase classname="tests.muxcable_test.TestMuxcable" file="tests/muxcable_test.py" line="2099" name="test_config_muxcable_activate_firmware" time="0.069"></testcase><testcase classname="tests.muxcable_test.TestMuxcable" file="tests/muxcable_test.py" line="2123" name="test_config_muxcable_rollback_firmware" time="0.069"></testcase><testcase classname="tests.muxcable_test.TestMuxcable" file="tests/muxcable_test.py" line="2147" name="test_show_muxcable_metrics_port" time="0.076"></testcase><testcase classname="tests.muxcable_test.TestMuxcable" file="tests/muxcable_test.py" line="2160" name="test_show_muxcable_metrics_port_alias" time="0.076"></testcase><testcase classname="tests.muxcable_test.TestMuxcable" file="tests/muxcable_test.py" line="2176" name="test_show_muxcable_metrics_port_json" time="0.074"></testcase><testcase classname="tests.muxcable_test.TestMuxcable" file="tests/muxcable_test.py" line="2189" name="test_show_muxcable_firmware_active_version" time="0.067"></testcase><testcase classname="tests.muxcable_test.TestMuxcable" file="tests/muxcable_test.py" line="2220" name="test_show_muxcable_packetloss_port" time="0.076"></testcase><testcase classname="tests.muxcable_test.TestMuxcable" file="tests/muxcable_test.py" line="2233" name="test_show_muxcable_packetloss_port_json" time="0.074"></testcase><testcase classname="tests.muxcable_test.TestMuxcable" file="tests/muxcable_test.py" line="2246" name="test_show_muxcable_tunnel_route" time="0.087"></testcase><testcase classname="tests.muxcable_test.TestMuxcable" file="tests/muxcable_test.py" line="2259" name="test_show_muxcable_tunnel_route_json" time="0.084"></testcase><testcase classname="tests.muxcable_test.TestMuxcable" file="tests/muxcable_test.py" line="2273" name="test_show_muxcable_tunnel_route_port" time="0.084"></testcase><testcase classname="tests.muxcable_test.TestMuxcable" file="tests/muxcable_test.py" line="2287" name="test_show_muxcable_tunnel_route_json_port" time="0.083"></testcase><testcase classname="tests.muxcable_test.TestMuxcable" file="tests/muxcable_test.py" line="2300" name="test_config_muxcable_telemetry_enable_without_patch" time="0.081"></testcase><testcase classname="tests.muxcable_test.TestMuxcable" file="tests/muxcable_test.py" line="2311" name="test_config_muxcable_telemetry_disable_without_patch" time="0.080"></testcase><testcase classname="tests.muxcable_test.TestMuxcable" file="tests/muxcable_test.py" line="2322" name="test_config_muxcable_telemetry_enable" time="0.082"></testcase><testcase classname="tests.neighbor_advertiser_test.TestNeighborAdvertiser" file="tests/neighbor_advertiser_test.py" line="25" name="test_neighbor_advertiser_slice" time="0.022"></testcase><testcase classname="tests.neighbor_advertiser_test.TestNeighborAdvertiser" file="tests/neighbor_advertiser_test.py" line="60" name="test_set_vxlan" time="0.018"></testcase><testcase classname="tests.null_route_helper_test" file="tests/null_route_helper_test.py" line="24" name="test_ip_validation" time="0.002"></testcase><testcase classname="tests.null_route_helper_test" file="tests/null_route_helper_test.py" line="52" name="test_confirm_required_table_existence" time="0.015"></testcase><testcase classname="tests.null_route_helper_test" file="tests/null_route_helper_test.py" line="64" name="test_build_rule" time="0.001"></testcase><testcase classname="tests.null_route_helper_test" file="tests/null_route_helper_test.py" line="82" name="test_get_rule" time="0.017"></testcase><testcase classname="tests.null_route_helper_test" file="tests/null_route_helper_test.py" line="95" name="test_run_when_table_absent" time="0.030"></testcase><testcase classname="tests.null_route_helper_test" file="tests/null_route_helper_test.py" line="107" name="test_run_with_invalid_ip" time="0.089"></testcase><testcase classname="tests.null_route_helper_test" file="tests/null_route_helper_test.py" line="135" name="test_block" time="0.089"></testcase><testcase classname="tests.null_route_helper_test" file="tests/null_route_helper_test.py" line="163" name="test_unblock" time="0.090"></testcase><testcase classname="tests.null_route_helper_test" file="tests/null_route_helper_test.py" line="191" name="test_list" time="0.045"></testcase><testcase classname="tests.nvgre_tunnel_test.TestNvgreTunnel" file="tests/nvgre_tunnel_test.py" line="49" name="test_nvgre_tunnel_add_del" time="0.337"></testcase><testcase classname="tests.nvgre_tunnel_test.TestNvgreTunnel" file="tests/nvgre_tunnel_test.py" line="81" name="test_nvgre_tunnels_add_del" time="0.792"></testcase><testcase classname="tests.nvgre_tunnel_test.TestNvgreTunnel" file="tests/nvgre_tunnel_test.py" line="131" name="test_nvgre_tunnel_add_invalid" time="0.174"></testcase><testcase classname="tests.nvgre_tunnel_test.TestNvgreTunnel" file="tests/nvgre_tunnel_test.py" line="152" name="test_nvgre_tunnel_maps_add_del" time="0.657"></testcase><testcase classname="tests.nvgre_tunnel_test.TestNvgreTunnel" file="tests/nvgre_tunnel_test.py" line="202" name="test_nvgre_tunnel_map_add_invalid_vlan" time="0.178"></testcase><testcase classname="tests.nvgre_tunnel_test.TestNvgreTunnel" file="tests/nvgre_tunnel_test.py" line="220" name="test_nvgre_tunnel_map_add_invalid_vsid" time="0.174"></testcase><testcase classname="tests.passw_hardening_test.TestPasswHardening" file="tests/passw_hardening_test.py" line="63" name="test_passw_hardening_default" time="0.031"></testcase><testcase classname="tests.passw_hardening_test.TestPasswHardening" file="tests/passw_hardening_test.py" line="70" name="test_passw_hardening_feature_enabled" time="0.183"></testcase><testcase classname="tests.passw_hardening_test.TestPasswHardening" file="tests/passw_hardening_test.py" line="79" name="test_passw_hardening_feature_disabled" time="0.338"></testcase><testcase classname="tests.passw_hardening_test.TestPasswHardening" file="tests/passw_hardening_test.py" line="89" name="test_passw_hardening_policies_classes_disabled" time="0.807"></testcase><testcase classname="tests.passw_hardening_test.TestPasswHardening" file="tests/passw_hardening_test.py" line="108" name="test_passw_hardening_policies_exp_time" time="0.354"></testcase><testcase classname="tests.passw_hardening_test.TestPasswHardening" file="tests/passw_hardening_test.py" line="119" name="test_passw_hardening_policies_history" time="0.183"></testcase><testcase classname="tests.passw_hardening_test.TestPasswHardening" file="tests/passw_hardening_test.py" line="128" name="test_passw_hardening_policies_len_min" time="0.182"></testcase><testcase classname="tests.passw_hardening_test.TestPasswHardening" file="tests/passw_hardening_test.py" line="137" name="test_passw_hardening_bad_flow_len_min" time="0.335"></testcase><testcase classname="tests.passw_hardening_test.TestPasswHardening" file="tests/passw_hardening_test.py" line="145" name="test_passw_hardening_bad_flow_history_cnt" time="0.339"></testcase><testcase classname="tests.passw_hardening_test.TestPasswHardening" file="tests/passw_hardening_test.py" line="153" name="test_passw_hardening_bad_flow_state" time="0.182"></testcase><testcase classname="tests.passw_hardening_test.TestPasswHardening" file="tests/passw_hardening_test.py" line="160" name="test_passw_hardening_bad_flow_expiration" time="0.281"></testcase><testcase classname="tests.passw_hardening_test.TestPasswHardening" file="tests/passw_hardening_test.py" line="167" name="test_passw_hardening_bad_flow_expiration_warning" time="0.182"></testcase><testcase classname="tests.passw_hardening_test.TestPasswHardening" file="tests/passw_hardening_test.py" line="174" name="test_passw_hardening_bad_flow_upper_class" time="0.182"></testcase><testcase classname="tests.passw_hardening_test.TestPasswHardening" file="tests/passw_hardening_test.py" line="181" name="test_passw_hardening_bad_flow_lower_class" time="0.185"></testcase><testcase classname="tests.passw_hardening_test.TestPasswHardening" file="tests/passw_hardening_test.py" line="188" name="test_passw_hardening_bad_flow_special_class" time="0.180"></testcase><testcase classname="tests.passw_hardening_test.TestPasswHardening" file="tests/passw_hardening_test.py" line="195" name="test_passw_hardening_bad_flow_digits_class" time="0.184"></testcase><testcase classname="tests.passw_hardening_test.TestPasswHardening" file="tests/passw_hardening_test.py" line="202" name="test_passw_hardening_bad_flow_reject_user_passw_match" time="0.181"></testcase><testcase classname="tests.passw_hardening_test.TestPasswHardening" file="tests/passw_hardening_test.py" line="209" name="test_passw_hardening_bad_flow_policy" time="0.029"></testcase><testcase classname="tests.pbh_test.TestPBH" file="tests/pbh_test.py" line="47" name="test_config_pbh_hash_field_add_delete_no_ip_mask" time="0.080"></testcase><testcase classname="tests.pbh_test.TestPBH" file="tests/pbh_test.py" line="71" name="test_config_pbh_hash_field_add_ip_mask[inner_dst_ipv6-INNER_DST_IPV6-ffff::]" time="0.073"></testcase><testcase classname="tests.pbh_test.TestPBH" file="tests/pbh_test.py" line="71" name="test_config_pbh_hash_field_add_ip_mask[inner_dst_ipv4-INNER_DST_IPV4-255.0.0.0]" time="0.075"></testcase><testcase classname="tests.pbh_test.TestPBH" file="tests/pbh_test.py" line="97" name="test_config_pbh_hash_field_add_mismatch_hash_field_ip_mask[inner_ip_protocol-INNER_IP_PROTOCOL-255.0.0.0]" time="0.067"></testcase><testcase classname="tests.pbh_test.TestPBH" file="tests/pbh_test.py" line="97" name="test_config_pbh_hash_field_add_mismatch_hash_field_ip_mask[inner_src_ipv6-INNER_SRC_IPV6-255.0.0.0]" time="0.067"></testcase><testcase classname="tests.pbh_test.TestPBH" file="tests/pbh_test.py" line="97" name="test_config_pbh_hash_field_add_mismatch_hash_field_ip_mask[inner_src_ipv4-INNER_SRC_IPV4-ffff::]" time="0.067"></testcase><testcase classname="tests.pbh_test.TestPBH" file="tests/pbh_test.py" line="123" name="test_config_pbh_hash_field_add_invalid_ip" time="0.066"></testcase><testcase classname="tests.pbh_test.TestPBH" file="tests/pbh_test.py" line="139" name="test_config_pbh_hash_field_add_none_ip_mask[inner_src_ipv6-INNER_SRC_IPV6]" time="0.067"></testcase><testcase classname="tests.pbh_test.TestPBH" file="tests/pbh_test.py" line="139" name="test_config_pbh_hash_field_add_none_ip_mask[inner_src_ipv4-INNER_SRC_IPV4]" time="0.067"></testcase><testcase classname="tests.pbh_test.TestPBH" file="tests/pbh_test.py" line="162" name="test_config_pbh_hash_field_update_hash_field_sequence_id_no_ip[inner_ip_proto-INNER_IP_PROTOCOL-INNER_L4_DST_PORT-1]" time="0.075"></testcase><testcase classname="tests.pbh_test.TestPBH" file="tests/pbh_test.py" line="162" name="test_config_pbh_hash_field_update_hash_field_sequence_id_no_ip[inner_l4_src_port-INNER_L4_SRC_PORT-INNER_L4_DST_PORT-2]" time="0.076"></testcase><testcase classname="tests.pbh_test.TestPBH" file="tests/pbh_test.py" line="199" name="test_config_pbh_hash_field_update_hash_field_ip_mask[inner_dst_ipv4-INNER_DST_IPV4-INNER_SRC_IPV4-255.0.0.0-0.0.0.255]" time="0.075"></testcase><testcase classname="tests.pbh_test.TestPBH" file="tests/pbh_test.py" line="199" name="test_config_pbh_hash_field_update_hash_field_ip_mask[inner_dst_ipv6-INNER_DST_IPV6-INNER_SRC_IPV6-ffff::-::ffff]" time="0.076"></testcase><testcase classname="tests.pbh_test.TestPBH" file="tests/pbh_test.py" line="238" name="test_config_pbh_hash_field_update_invalid_hash_field" time="0.068"></testcase><testcase classname="tests.pbh_test.TestPBH" file="tests/pbh_test.py" line="265" name="test_config_pbh_hash_field_update_invalid_ipv4_mask" time="0.068"></testcase><testcase classname="tests.pbh_test.TestPBH" file="tests/pbh_test.py" line="292" name="test_config_pbh_hash_field_update_invalid_ip_mask[inner_dst_ipv6-INNER_DST_IPV6-ffff::-255.0.0.0]" time="0.069"></testcase><testcase classname="tests.pbh_test.TestPBH" file="tests/pbh_test.py" line="292" name="test_config_pbh_hash_field_update_invalid_ip_mask[inner_dst_ipv4-INNER_DST_IPV4-255.0.0.0-ffff::]" time="0.068"></testcase><testcase classname="tests.pbh_test.TestPBH" file="tests/pbh_test.py" line="333" name="test_config_pbh_hash_add_delete_ipv4" time="0.020"></testcase><testcase classname="tests.pbh_test.TestPBH" file="tests/pbh_test.py" line="360" name="test_config_pbh_hash_add_update_ipv6" time="0.020"></testcase><testcase classname="tests.pbh_test.TestPBH" file="tests/pbh_test.py" line="389" name="test_config_pbh_hash_add_invalid_hash_field_list[inner_v6_hash-INVALID-2]" time="0.020"></testcase><testcase classname="tests.pbh_test.TestPBH" file="tests/pbh_test.py" line="389" name="test_config_pbh_hash_add_invalid_hash_field_list[inner_v6_hash--2]" time="0.020"></testcase><testcase classname="tests.pbh_test.TestPBH" file="tests/pbh_test.py" line="389" name="test_config_pbh_hash_add_invalid_hash_field_list[inner_v6_hash-None-2]" time="0.020"></testcase><testcase classname="tests.pbh_test.TestPBH" file="tests/pbh_test.py" line="419" name="test_config_pbh_table_add_delete_ports" time="0.019"></testcase><testcase classname="tests.pbh_test.TestPBH" file="tests/pbh_test.py" line="445" name="test_config_pbh_table_add_update_portchannels" time="0.021"></testcase><testcase classname="tests.pbh_test.TestPBH" file="tests/pbh_test.py" line="493" name="test_config_pbh_table_add_port_and_portchannel" time="0.019"></testcase><testcase classname="tests.pbh_test.TestPBH" file="tests/pbh_test.py" line="511" name="test_config_pbh_table_add_invalid_port" time="0.019"></testcase><testcase classname="tests.pbh_test.TestPBH" file="tests/pbh_test.py" line="528" name="test_config_pbh_table_add_update_invalid_interface" time="0.020"></testcase><testcase classname="tests.pbh_test.TestPBH" file="tests/pbh_test.py" line="559" name="test_config_pbh_rule_add_delete_nvgre" time="0.021"></testcase><testcase classname="tests.pbh_test.TestPBH" file="tests/pbh_test.py" line="587" name="test_config_pbh_rule_add_update_vxlan" time="0.021"></testcase><testcase classname="tests.pbh_test.TestPBH" file="tests/pbh_test.py" line="621" name="test_config_pbh_rule_update_nvgre_to_vxlan" time="0.022"></testcase><testcase classname="tests.pbh_test.TestPBH" file="tests/pbh_test.py" line="667" name="test_config_pbh_rule_update_invalid" time="0.020"></testcase><testcase classname="tests.pbh_test.TestPBH" file="tests/pbh_test.py" line="697" name="test_config_pbh_rule_add_invalid_ip_protocol" time="0.020"></testcase><testcase classname="tests.pbh_test.TestPBH" file="tests/pbh_test.py" line="717" name="test_config_pbh_rule_add_invalid_inner_ether_type" time="0.020"></testcase><testcase classname="tests.pbh_test.TestPBH" file="tests/pbh_test.py" line="737" name="test_config_pbh_rule_add_invalid_hash" time="0.020"></testcase><testcase classname="tests.pbh_test.TestPBH" file="tests/pbh_test.py" line="757" name="test_config_pbh_rule_add_invalid_packet_action" time="0.019"></testcase><testcase classname="tests.pbh_test.TestPBH" file="tests/pbh_test.py" line="777" name="test_config_pbh_rule_add_invalid_flow_counter" time="0.019"></testcase><testcase classname="tests.pbh_test.TestPBH" file="tests/pbh_test.py" line="798" name="test_show_pbh_hash_field" time="0.022"></testcase><testcase classname="tests.pbh_test.TestPBH" file="tests/pbh_test.py" line="818" name="test_show_pbh_hash" time="0.021"></testcase><testcase classname="tests.pbh_test.TestPBH" file="tests/pbh_test.py" line="838" name="test_show_pbh_table" time="0.020"></testcase><testcase classname="tests.pbh_test.TestPBH" file="tests/pbh_test.py" line="858" name="test_show_pbh_rule" time="0.022"></testcase><testcase classname="tests.pbh_test.TestPBH" file="tests/pbh_test.py" line="881" name="test_show_pbh_statistics_on_empty_config" time="0.076"></testcase><testcase classname="tests.pbh_test.TestPBH" file="tests/pbh_test.py" line="901" name="test_show_pbh_statistics" time="0.007"></testcase><testcase classname="tests.pbh_test.TestPBH" file="tests/pbh_test.py" line="921" name="test_show_pbh_statistics_after_clear" time="0.008"></testcase><testcase classname="tests.pbh_test.TestPBH" file="tests/pbh_test.py" line="949" name="test_show_pbh_statistics_after_clear_and_counters_updated" time="0.008"></testcase><testcase classname="tests.pbh_test.TestPBH" file="tests/pbh_test.py" line="979" name="test_show_pbh_statistics_after_disabling_rule" time="0.009"></testcase><testcase classname="tests.pbh_test.TestPBH" file="tests/pbh_test.py" line="1019" name="test_show_pbh_statistics_after_flow_counter_toggle" time="0.010"></testcase><testcase classname="tests.pbh_test.TestPBH" file="tests/pbh_test.py" line="1070" name="test_show_pbh_statistics_after_rule_toggle" time="0.011"></testcase><testcase classname="tests.pcieutil_test.TestPcieUtil" file="tests/pcieutil_test.py" line="164" name="test_aer_all" time="0.022"></testcase><testcase classname="tests.pcieutil_test.TestPcieUtil" file="tests/pcieutil_test.py" line="170" name="test_aer_correctable" time="0.008"></testcase><testcase classname="tests.pcieutil_test.TestPcieUtil" file="tests/pcieutil_test.py" line="175" name="test_aer_fatal" time="0.008"></testcase><testcase classname="tests.pcieutil_test.TestPcieUtil" file="tests/pcieutil_test.py" line="180" name="test_aer_non_fatal" time="0.008"></testcase><testcase classname="tests.pcieutil_test.TestPcieUtil" file="tests/pcieutil_test.py" line="185" name="test_aer_option_verbose" time="0.025"></testcase><testcase classname="tests.pcieutil_test.TestPcieUtil" file="tests/pcieutil_test.py" line="196" name="test_aer_option_device" time="0.009"></testcase><testcase classname="tests.pfcstat_test.TestPfcstat" file="tests/pfcstat_test.py" line="164" name="test_pfc_counters" time="0.609"></testcase><testcase classname="tests.pfcstat_test.TestPfcstat" file="tests/pfcstat_test.py" line="174" name="test_pfc_clear" time="1.224"></testcase><testcase classname="tests.pfcstat_test.TestMultiAsicPfcstat" file="tests/pfcstat_test.py" line="197" name="test_pfc_counters_all" time="0.591"></testcase><testcase classname="tests.pfcstat_test.TestMultiAsicPfcstat" file="tests/pfcstat_test.py" line="206" name="test_pfc_counters_frontend" time="0.562"></testcase><testcase classname="tests.pfcstat_test.TestMultiAsicPfcstat" file="tests/pfcstat_test.py" line="213" name="test_pfc_counters_asic" time="0.555"></testcase><testcase classname="tests.pfcstat_test.TestMultiAsicPfcstat" file="tests/pfcstat_test.py" line="220" name="test_pfc_counters_asic_all" time="0.552"></testcase><testcase classname="tests.pfcstat_test.TestMultiAsicPfcstat" file="tests/pfcstat_test.py" line="227" name="test_masic_pfc_clear" time="1.181"></testcase><testcase classname="tests.pfcwd_test.TestPfcwd" file="tests/pfcwd_test.py" line="25" name="test_pfcwd_show_config" time="0.137"></testcase><testcase classname="tests.pfcwd_test.TestPfcwd" file="tests/pfcwd_test.py" line="28" name="test_pfcwd_show_config_single_port" time="0.134"></testcase><testcase classname="tests.pfcwd_test.TestPfcwd" file="tests/pfcwd_test.py" line="31" name="test_pfcwd_show_config_multi_port" time="0.134"></testcase><testcase classname="tests.pfcwd_test.TestPfcwd" file="tests/pfcwd_test.py" line="34" name="test_pfcwd_show_config_invalid_port" time="0.133"></testcase><testcase classname="tests.pfcwd_test.TestPfcwd" file="tests/pfcwd_test.py" line="37" name="test_pfcwd_show_stats" time="0.136"></testcase><testcase classname="tests.pfcwd_test.TestPfcwd" file="tests/pfcwd_test.py" line="40" name="test_pfcwd_show_stats_single_queue" time="0.133"></testcase><testcase classname="tests.pfcwd_test.TestPfcwd" file="tests/pfcwd_test.py" line="43" name="test_pfcwd_show_stats_multi_queue" time="0.133"></testcase><testcase classname="tests.pfcwd_test.TestPfcwd" file="tests/pfcwd_test.py" line="46" name="test_pfcwd_show_stats_invalid_queue" time="0.134"></testcase><testcase classname="tests.pfcwd_test.TestPfcwd" file="tests/pfcwd_test.py" line="82" name="test_pfcwd_start_ports_valid" time="0.070"></testcase><testcase classname="tests.pfcwd_test.TestPfcwd" file="tests/pfcwd_test.py" line="118" name="test_pfcwd_start_actions" time="0.078"></testcase><testcase classname="tests.pfcwd_test.TestPfcwd" file="tests/pfcwd_test.py" line="213" name="test_pfcwd_pfc_not_enabled" time="0.071"></testcase><testcase classname="tests.pfcwd_test.TestPfcwd" file="tests/pfcwd_test.py" line="242" name="test_pfcwd_start_ports_invalid" time="0.067"></testcase><testcase classname="tests.pfcwd_test.TestMultiAsicPfcwdShow" file="tests/pfcwd_test.py" line="277" name="test_pfcwd_stats_all" time="0.121"></testcase><testcase classname="tests.pfcwd_test.TestMultiAsicPfcwdShow" file="tests/pfcwd_test.py" line="288" name="test_pfcwd_stats_with_queues" time="0.103"></testcase><testcase classname="tests.pfcwd_test.TestMultiAsicPfcwdShow" file="tests/pfcwd_test.py" line="302" name="test_pfcwd_config_all" time="0.102"></testcase><testcase classname="tests.pfcwd_test.TestMultiAsicPfcwdShow" file="tests/pfcwd_test.py" line="312" name="test_pfcwd_config_with_ports" time="0.102"></testcase><testcase classname="tests.pfcwd_test.TestMultiAsicPfcwdShow" file="tests/pfcwd_test.py" line="323" name="test_pfcwd_start_ports_masic_valid" time="0.107"></testcase><testcase classname="tests.pfcwd_test.TestMultiAsicPfcwdShow" file="tests/pfcwd_test.py" line="358" name="test_pfcwd_start_actions_masic" time="0.116"></testcase><testcase classname="tests.pfcwd_test.TestMultiAsicPfcwdShow" file="tests/pfcwd_test.py" line="434" name="test_pfcwd_start_ports_masic_invalid" time="0.107"></testcase><testcase classname="tests.pfcwd_test.TestMultiAsicPfcwdShow" file="tests/pfcwd_test.py" line="462" name="test_pfcwd_pfc_not_enabled_masic" time="0.108"></testcase><testcase classname="tests.pgdropstat_test.TestPgDropstat" file="tests/pgdropstat_test.py" line="95" name="test_show_pg_drop_pg_port_map" time="0.530"></testcase><testcase classname="tests.pgdropstat_test.TestPgDropstat" file="tests/pgdropstat_test.py" line="105" name="test_show_pg_drop_pg_index_map" time="0.520"></testcase><testcase classname="tests.pgdropstat_test.TestPgDropstat" file="tests/pgdropstat_test.py" line="115" name="test_show_pg_drop_port_name_map" time="0.518"></testcase><testcase classname="tests.pgdropstat_test.TestPgDropstat" file="tests/pgdropstat_test.py" line="125" name="test_show_pg_drop_pg_name_map" time="0.518"></testcase><testcase classname="tests.pgdropstat_test.TestPgDropstat" file="tests/pgdropstat_test.py" line="135" name="test_show_pg_drop_disabled" time="0.523"></testcase><testcase classname="tests.pgdropstat_test.TestPgDropstat" file="tests/pgdropstat_test.py" line="145" name="test_show_pg_drop_show" time="0.534"></testcase><testcase classname="tests.pgdropstat_test.TestPgDropstat" file="tests/pgdropstat_test.py" line="148" name="test_show_pg_drop_clear" time="1.072"></testcase><testcase classname="tests.port2alias_test.TestPort2Alias" file="tests/port2alias_test.py" line="24" name="test_main" time="0.022"></testcase><testcase classname="tests.port2alias_test.TestPort2Alias" file="tests/port2alias_test.py" line="51" name="test_translate_line_empty_ports" time="0.001"></testcase><testcase classname="tests.port2alias_test.TestPort2Alias" file="tests/port2alias_test.py" line="47" name="test_translate_line_multiple_words" time="0.001"></testcase><testcase classname="tests.port2alias_test.TestPort2Alias" file="tests/port2alias_test.py" line="30" name="test_translate_line_single_word" time="0.001"></testcase><testcase classname="tests.port2alias_test.TestPort2Alias" file="tests/port2alias_test.py" line="39" name="test_translate_line_with_symbol" time="0.001"></testcase><testcase classname="tests.port2alias_test.TestPort2AliasNamespace" file="tests/port2alias_test.py" line="66" name="test_main" time="0.008"></testcase><testcase classname="tests.portchannel_test.TestPortChannel" file="tests/portchannel_test.py" line="20" name="test_add_portchannel_with_invalid_name_yang_validation" time="0.070"></testcase><testcase classname="tests.portchannel_test.TestPortChannel" file="tests/portchannel_test.py" line="35" name="test_add_portchannel_with_invalid_name_adhoc_validation" time="0.068"></testcase><testcase classname="tests.portchannel_test.TestPortChannel" file="tests/portchannel_test.py" line="48" name="test_delete_nonexistent_portchannel_yang_validation" time="0.067"></testcase><testcase classname="tests.portchannel_test.TestPortChannel" file="tests/portchannel_test.py" line="63" name="test_delete_portchannel_with_invalid_name_adhoc_validation" time="0.068"></testcase><testcase classname="tests.portchannel_test.TestPortChannel" file="tests/portchannel_test.py" line="76" name="test_add_existing_portchannel_again" time="0.067"></testcase><testcase classname="tests.portchannel_test.TestPortChannel" file="tests/portchannel_test.py" line="88" name="test_delete_non_existing_portchannel_adhoc_validation" time="0.067"></testcase><testcase classname="tests.portchannel_test.TestPortChannel" file="tests/portchannel_test.py" line="101" name="test_add_portchannel_with_fast_rate_adhoc_validation[False]" time="0.068"></testcase><testcase classname="tests.portchannel_test.TestPortChannel" file="tests/portchannel_test.py" line="101" name="test_add_portchannel_with_fast_rate_adhoc_validation[True]" time="0.067"></testcase><testcase classname="tests.portchannel_test.TestPortChannel" file="tests/portchannel_test.py" line="101" name="test_add_portchannel_with_fast_rate_adhoc_validation[false]" time="0.067"></testcase><testcase classname="tests.portchannel_test.TestPortChannel" file="tests/portchannel_test.py" line="101" name="test_add_portchannel_with_fast_rate_adhoc_validation[true]" time="0.069"></testcase><testcase classname="tests.portchannel_test.TestPortChannel" file="tests/portchannel_test.py" line="114" name="test_add_portchannel_with_invalid_fast_rate[Fls]" time="0.067"></testcase><testcase classname="tests.portchannel_test.TestPortChannel" file="tests/portchannel_test.py" line="114" name="test_add_portchannel_with_invalid_fast_rate[tru]" time="0.067"></testcase><testcase classname="tests.portchannel_test.TestPortChannel" file="tests/portchannel_test.py" line="127" name="test_add_portchannel_member_with_invalid_name" time="0.070"></testcase><testcase classname="tests.portchannel_test.TestPortChannel" file="tests/portchannel_test.py" line="139" name="test_delete_portchannel_member_with_invalid_name" time="0.067"></testcase><testcase classname="tests.portchannel_test.TestPortChannel" file="tests/portchannel_test.py" line="151" name="test_add_non_existing_portchannel_member" time="0.069"></testcase><testcase classname="tests.portchannel_test.TestPortChannel" file="tests/portchannel_test.py" line="163" name="test_delete_non_existing_portchannel_member" time="0.069"></testcase><testcase classname="tests.portchannel_test.TestPortChannel" file="tests/portchannel_test.py" line="175" name="test_add_portchannel_member_which_has_ipaddress" time="0.071"></testcase><testcase classname="tests.portchannel_test.TestPortChannel" file="tests/portchannel_test.py" line="187" name="test_add_portchannel_member_which_has_subintf" time="0.069"></testcase><testcase classname="tests.portchannel_test.TestPortChannel" file="tests/portchannel_test.py" line="200" name="test_add_portchannel_member_which_is_member_of_vlan" time="0.070"></testcase><testcase classname="tests.portchannel_test.TestPortChannel" file="tests/portchannel_test.py" line="212" name="test_add_portchannel_member_which_is_member_of_another_po" time="0.070"></testcase><testcase classname="tests.portchannel_test.TestPortChannel" file="tests/portchannel_test.py" line="224" name="test_delete_portchannel_member_which_is_member_of_another_po" time="0.069"></testcase><testcase classname="tests.portchannel_test.TestPortChannel" file="tests/portchannel_test.py" line="236" name="test_add_portchannel_member_with_acl_bindngs" time="0.071"></testcase><testcase classname="tests.portchannel_test.TestPortChannel" file="tests/portchannel_test.py" line="247" name="test_add_portchannel_member_with_pbh_bindngs" time="0.070"></testcase><testcase classname="tests.portchannel_test.TestPortChannel" file="tests/portchannel_test.py" line="258" name="test_delete_portchannel_which_is_member_of_a_vlan" time="0.068"></testcase><testcase classname="tests.portstat_test.TestPortStat" file="tests/portstat_test.py" line="231" name="test_show_intf_counters" time="1.560"></testcase><testcase classname="tests.portstat_test.TestPortStat" file="tests/portstat_test.py" line="246" name="test_show_intf_counters_ethernet4" time="1.268"></testcase><testcase classname="tests.portstat_test.TestPortStat" file="tests/portstat_test.py" line="262" name="test_show_intf_counters_all" time="1.581"></testcase><testcase classname="tests.portstat_test.TestPortStat" file="tests/portstat_test.py" line="277" name="test_show_intf_fec_counters" time="1.568"></testcase><testcase classname="tests.portstat_test.TestPortStat" file="tests/portstat_test.py" line="292" name="test_show_intf_fec_counters_period" time="7.702"></testcase><testcase classname="tests.portstat_test.TestPortStat" file="tests/portstat_test.py" line="310" name="test_show_intf_counters_period" time="7.690"></testcase><testcase classname="tests.portstat_test.TestPortStat" file="tests/portstat_test.py" line="326" name="test_show_intf_counters_detailed" time="1.127"></testcase><testcase classname="tests.portstat_test.TestPortStat" file="tests/portstat_test.py" line="341" name="test_clear_intf_counters" time="2.695"></testcase><testcase classname="tests.portstat_test.TestMultiAsicPortStat" file="tests/portstat_test.py" line="387" name="test_multi_show_intf_counters" time="0.618"></testcase><testcase classname="tests.portstat_test.TestMultiAsicPortStat" file="tests/portstat_test.py" line="394" name="test_multi_show_intf_counters_all" time="0.828"></testcase><testcase classname="tests.portstat_test.TestMultiAsicPortStat" file="tests/portstat_test.py" line="401" name="test_multi_show_intf_counters_asic" time="0.628"></testcase><testcase classname="tests.portstat_test.TestMultiAsicPortStat" file="tests/portstat_test.py" line="408" name="test_multi_show_intf_counters_asic_all" time="0.687"></testcase><testcase classname="tests.portstat_test.TestMultiAsicPortStat" file="tests/portstat_test.py" line="416" name="test_multi_show_external_intf_counters_printall" time="0.617"></testcase><testcase classname="tests.portstat_test.TestMultiAsicPortStat" file="tests/portstat_test.py" line="423" name="test_multi_show_intf_counters_printall" time="0.835"></testcase><testcase classname="tests.portstat_test.TestMultiAsicPortStat" file="tests/portstat_test.py" line="430" name="test_multi_show_intf_counters_printall_asic" time="0.618"></testcase><testcase classname="tests.portstat_test.TestMultiAsicPortStat" file="tests/portstat_test.py" line="438" name="test_multi_show_intf_counters_printall_asic_all" time="0.695"></testcase><testcase classname="tests.portstat_test.TestMultiAsicPortStat" file="tests/portstat_test.py" line="446" name="test_multi_show_intf_counters_period" time="3.655"></testcase><testcase classname="tests.portstat_test.TestMultiAsicPortStat" file="tests/portstat_test.py" line="454" name="test_multi_show_intf_counters_period_all" time="3.877"></testcase><testcase classname="tests.portstat_test.TestMultiAsicPortStat" file="tests/portstat_test.py" line="462" name="test_multi_show_intf_counters_period_asic" time="3.660"></testcase><testcase classname="tests.portstat_test.TestMultiAsicPortStat" file="tests/portstat_test.py" line="470" name="test_multi_show_intf_counters_period_asic_all" time="3.721"></testcase><testcase classname="tests.portstat_test.TestMultiAsicPortStat" file="tests/portstat_test.py" line="478" name="test_multi_asic_clear_intf_counters" time="1.393"></testcase><testcase classname="tests.portstat_test.TestMultiAsicPortStat" file="tests/portstat_test.py" line="492" name="test_multi_asic_invalid_asic" time="0.526"></testcase><testcase classname="tests.psushow_test.TestPsushow" file="tests/psushow_test.py" line="26" name="test_get_psu_status_list" time="0.009"></testcase><testcase classname="tests.psushow_test.TestPsushow" file="tests/psushow_test.py" line="59" name="test_status_table" time="0.061"></testcase><testcase classname="tests.psushow_test.TestPsushow" file="tests/psushow_test.py" line="109" name="test_status_json" time="0.060"></testcase><testcase classname="tests.psushow_test.TestPsushow" file="tests/psushow_test.py" line="207" name="test_version" time="0.002"></testcase><testcase classname="tests.psuutil_test.TestPsuutil" file="tests/psuutil_test.py" line="17" name="test_version" time="0.001"></testcase><testcase classname="tests.queue_counter_test.TestQueue" file="tests/queue_counter_test.py" line="1162" name="test_queue_counters" time="0.539"></testcase><testcase classname="tests.queue_counter_test.TestQueue" file="tests/queue_counter_test.py" line="1172" name="test_queue_counters_port" time="0.531"></testcase><testcase classname="tests.queue_counter_test.TestQueue" file="tests/queue_counter_test.py" line="1182" name="test_queue_counters_json" time="0.536"></testcase><testcase classname="tests.queue_counter_test.TestQueue" file="tests/queue_counter_test.py" line="1197" name="test_queue_counters_port_json" time="0.532"></testcase><testcase classname="tests.queue_counter_test.TestQueue" file="tests/queue_counter_test.py" line="1212" name="test_queue_voq_counters" time="0.532"></testcase><testcase classname="tests.queue_counter_test.TestQueue" file="tests/queue_counter_test.py" line="1222" name="test_queue_port_voq_counters" time="0.528"></testcase><testcase classname="tests.queue_counter_test.TestQueue" file="tests/queue_counter_test.py" line="1232" name="test_queue_voq_counters_json" time="0.529"></testcase><testcase classname="tests.queue_counter_test.TestQueue" file="tests/queue_counter_test.py" line="1249" name="test_queue_voq_counters_port_json" time="0.529"></testcase><testcase classname="tests.radius_test.TestRadius" file="tests/radius_test.py" line="75" name="test_show_radius_default" time="0.172"></testcase><testcase classname="tests.radius_test.TestRadius" file="tests/radius_test.py" line="83" name="test_config_radius_server" time="0.131"></testcase><testcase classname="tests.radius_test.TestRadius" file="tests/radius_test.py" line="128" name="test_config_radius_server_invalidkey" time="0.002"></testcase><testcase classname="tests.radius_test.TestRadius" file="tests/radius_test.py" line="138" name="test_config_radius_nasip_invalid" time="0.001"></testcase><testcase classname="tests.radius_test.TestRadius" file="tests/radius_test.py" line="147" name="test_config_radius_sourceip_invalid" time="0.001"></testcase><testcase classname="tests.radius_test.TestRadius" file="tests/radius_test.py" line="156" name="test_config_radius_authtype" time="0.127"></testcase><testcase classname="tests.reboot_cause_test.TestShowRebootCause" file="tests/reboot_cause_test.py" line="32" name="test_reboot_cause_no_history_file" time="0.001"></testcase><testcase classname="tests.reboot_cause_test.TestShowRebootCause" file="tests/reboot_cause_test.py" line="39" name="test_reboot_cause_user" time="0.002"></testcase><testcase classname="tests.reboot_cause_test.TestShowRebootCause" file="tests/reboot_cause_test.py" line="49" name="test_reboot_cause_non_user" time="0.001"></testcase><testcase classname="tests.reboot_cause_test.TestShowRebootCause" file="tests/reboot_cause_test.py" line="58" name="test_reboot_cause_history" time="0.010"></testcase><testcase classname="tests.route_check_test.TestRouteCheck" file="tests/route_check_test.py" line="569" name="test_server" time="9.168"></testcase><testcase classname="tests.sflow_test.TestShowSflow" file="tests/sflow_test.py" line="47" name="test_show_sflow" time="0.067"></testcase><testcase classname="tests.sflow_test.TestShowSflow" file="tests/sflow_test.py" line="54" name="test_show_sflow_intf" time="0.071"></testcase><testcase classname="tests.sflow_test.TestShowSflow" file="tests/sflow_test.py" line="61" name="test_config_sflow_disable_enable" time="0.091"></testcase><testcase classname="tests.sflow_test.TestShowSflow" file="tests/sflow_test.py" line="99" name="test_config_sflow_agent_id" time="0.071"></testcase><testcase classname="tests.sflow_test.TestShowSflow" file="tests/sflow_test.py" line="139" name="test_config_sflow_collector" time="0.070"></testcase><testcase classname="tests.sflow_test.TestShowSflow" file="tests/sflow_test.py" line="179" name="test_config_sflow_polling_interval" time="0.069"></testcase><testcase classname="tests.sflow_test.TestShowSflow" file="tests/sflow_test.py" line="210" name="test_config_sflow_intf_enable_disable" time="0.069"></testcase><testcase classname="tests.sflow_test.TestShowSflow" file="tests/sflow_test.py" line="241" name="test_config_sflow_intf_sample_rate" time="0.069"></testcase><testcase classname="tests.sflow_test.TestShowSflow" file="tests/sflow_test.py" line="263" name="test_config_disable_all_intf" time="0.069"></testcase><testcase classname="tests.sflow_test.TestShowSflow" file="tests/sflow_test.py" line="278" name="test_config_enable_all_intf" time="0.068"></testcase><testcase classname="tests.sflow_test.TestShowSflow" file="tests/sflow_test.py" line="292" name="test_config_sflow_intf_sample_rate_default" time="0.211"></testcase><testcase classname="tests.sfp_test.TestSFP" file="tests/sfp_test.py" line="332" name="test_sfp_presence" time="3.939"></testcase><testcase classname="tests.sfp_test.TestSFP" file="tests/sfp_test.py" line="382" name="test_sfp_eeprom_with_dom" time="0.588"></testcase><testcase classname="tests.sfp_test.TestSFP" file="tests/sfp_test.py" line="388" name="test_qsfp_dd_eeprom_with_dom" time="0.586"></testcase><testcase classname="tests.sfp_test.TestSFP" file="tests/sfp_test.py" line="394" name="test_sfp_eeprom" time="1.169"></testcase><testcase classname="tests.sfp_test.TestSFP" file="tests/sfp_test.py" line="405" name="test_qsfp_dd_eeprom" time="0.584"></testcase><testcase classname="tests.sfp_test.TestSFP" file="tests/sfp_test.py" line="411" name="test_rj45_eeprom" time="0.583"></testcase><testcase classname="tests.sfp_test.Test_multiAsic_SFP" file="tests/sfp_test.py" line="433" name="test_sfp_presence_with_ns" time="1.258"></testcase><testcase classname="tests.sfp_test.Test_multiAsic_SFP" file="tests/sfp_test.py" line="451" name="test_sfp_presence_all" time="0.644"></testcase><testcase classname="tests.sfp_test.Test_multiAsic_SFP" file="tests/sfp_test.py" line="457" name="test_sfp_eeprom_with_dom_with_ns" time="0.560"></testcase><testcase classname="tests.sfp_test.Test_multiAsic_SFP" file="tests/sfp_test.py" line="474" name="test_sfp_eeprom_with_ns" time="1.117"></testcase><testcase classname="tests.sfp_test.Test_multiAsic_SFP" file="tests/sfp_test.py" line="485" name="test_sfp_eeprom_all" time="0.571"></testcase><testcase classname="tests.sfp_test.Test_multiAsic_SFP" file="tests/sfp_test.py" line="491" name="test_sfp_eeprom_dom_all" time="0.575"></testcase><testcase classname="tests.sfp_test.Test_multiAsic_SFP" file="tests/sfp_test.py" line="497" name="test_is_rj45_port" time="0.007"></testcase><testcase classname="tests.sfputil_test.TestSfputil" file="tests/sfputil_test.py" line="23" name="test_format_dict_value_to_string" time="0.001"></testcase><testcase classname="tests.sfputil_test.TestSfputil" file="tests/sfputil_test.py" line="82" name="test_convert_sfp_info_to_output_string[sfp_info_dict0-        Application Advertisement: N/A\n        Connector: No separable connector\n        Encoding: 64B66B\n        Extended Identifier: Power Class 1(1.5W max)\n        Extended RateSelect Compliance: QSFP+ Rate Select Version 1\n        Identifier: QSFP28 or later\n        Length Cable Assembly(m): 3\n        Nominal Bit Rate(100Mbs): 255\n        Specification compliance:\n                10/40G Ethernet Compliance Code: 40GBASE-CR4\n        Vendor Date Code(YYYY-MM-DD Lot): 2016-07-18\n        Vendor Name: Mellanox\n        Vendor OUI: 00-02-c9\n        Vendor PN: MCP1600-C003\n        Vendor Rev: A2\n        Vendor SN: MT1636VS10561\n]" time="0.002"></testcase><testcase classname="tests.sfputil_test.TestSfputil" file="tests/sfputil_test.py" line="82" name="test_convert_sfp_info_to_output_string[sfp_info_dict1-        Active App Selection Host Lane 1: 1\n        Active App Selection Host Lane 2: 1\n        Active App Selection Host Lane 3: 1\n        Active App Selection Host Lane 4: 1\n        Active App Selection Host Lane 5: 1\n        Active App Selection Host Lane 6: 1\n        Active App Selection Host Lane 7: 1\n        Active App Selection Host Lane 8: 1\n        Active Firmware Version: 0.1\n        Application Advertisement: N/A\n        CMIS Revision: 5.0\n        Connector: LC\n        Encoding: N/A\n        Extended Identifier: Power Class 8 (18.0W Max)\n        Extended RateSelect Compliance: N/A\n        Hardware Revision: 0.0\n        Host Electrical Interface: 400GAUI-8 C2M (Annex 120E)\n        Host Lane Assignment Options: 1\n        Host Lane Count: 8\n        Identifier: QSFP-DD Double Density 8X Pluggable Transceiver\n        Inactive Firmware Version: 0.0\n        Length Cable Assembly(m): 0\n        Media Interface Code: 400ZR, DWDM, amplified\n        Media Interface Technology: C-band tunable laser\n        Media Lane Assignment Options: 1\n        Media Lane Count: 1\n        Nominal Bit Rate(100Mbs): 0\n        Specification compliance: sm_media_interface\n        Supported Max Laser Frequency: 196100GHz\n        Supported Max TX Power: 0dBm\n        Supported Min Laser Frequency: 191300GHz\n        Supported Min TX Power: -20dBm\n        Vendor Date Code(YYYY-MM-DD Lot): 2000-01-01\n        Vendor Name: abc\n        Vendor OUI: 00-00-00\n        Vendor PN: def\n        Vendor Rev: ghi\n        Vendor SN: jkl\n]" time="0.001"></testcase><testcase classname="tests.sfputil_test.TestSfputil" file="tests/sfputil_test.py" line="215" name="test_convert_dom_to_output_string" time="0.001"></testcase><testcase classname="tests.sfputil_test.TestSfputil" file="tests/sfputil_test.py" line="257" name="test_get_physical_port_name" time="0.001"></testcase><testcase classname="tests.sfputil_test.TestSfputil" file="tests/sfputil_test.py" line="267" name="test_version" time="0.001"></testcase><testcase classname="tests.sfputil_test.TestSfputil" file="tests/sfputil_test.py" line="272" name="test_error_status_from_db" time="0.071"></testcase><testcase classname="tests.sfputil_test.TestSfputil" file="tests/sfputil_test.py" line="289" name="test_error_status_from_db_RJ45" time="0.066"></testcase><testcase classname="tests.sfputil_test.TestSfputil" file="tests/sfputil_test.py" line="306" name="test_fetch_error_status_from_platform_api" time="0.001"></testcase><testcase classname="tests.sfputil_test.TestSfputil" file="tests/sfputil_test.py" line="314" name="test_fetch_error_status_from_platform_api_RJ45" time="0.001"></testcase><testcase classname="tests.sfputil_test.TestSfputil" file="tests/sfputil_test.py" line="322" name="test_show_firmware_version" time="0.004"></testcase><testcase classname="tests.sfputil_test.TestSfputil" file="tests/sfputil_test.py" line="335" name="test_show_presence" time="0.007"></testcase><testcase classname="tests.sfputil_test.TestSfputil" file="tests/sfputil_test.py" line="369" name="test_show_error_status" time="0.009"></testcase><testcase classname="tests.sfputil_test.TestSfputil" file="tests/sfputil_test.py" line="387" name="test_show_error_status_error_case" time="0.001"></testcase><testcase classname="tests.sfputil_test.TestSfputil" file="tests/sfputil_test.py" line="396" name="test_show_lpmode" time="0.006"></testcase><testcase classname="tests.sfputil_test.TestSfputil" file="tests/sfputil_test.py" line="434" name="test_show_eeprom_RJ45" time="0.002"></testcase><testcase classname="tests.sfputil_test.TestSfputil" file="tests/sfputil_test.py" line="449" name="test_show_eeprom_hexdump_invalid_port" time="0.002"></testcase><testcase classname="tests.sfputil_test.TestSfputil" file="tests/sfputil_test.py" line="456" name="test_show_eeprom_hexdump_invalid_page" time="0.007"></testcase><testcase classname="tests.sfputil_test.TestSfputil" file="tests/sfputil_test.py" line="463" name="test_show_eeprom_hexdump_RJ45" time="0.002"></testcase><testcase classname="tests.sfputil_test.TestSfputil" file="tests/sfputil_test.py" line="474" name="test_show_eeprom_hexdump_xcvr_presence_not_implemented" time="0.003"></testcase><testcase classname="tests.sfputil_test.TestSfputil" file="tests/sfputil_test.py" line="488" name="test_show_eeprom_hexdump_xcvr_not_present" time="0.002"></testcase><testcase classname="tests.sfputil_test.TestSfputil" file="tests/sfputil_test.py" line="502" name="test_show_eeprom_hexdump_read_eeprom_failure" time="0.003"></testcase><testcase classname="tests.sfputil_test.TestSfputil" file="tests/sfputil_test.py" line="517" name="test_show_eeprom_hexdump_read_eeprom_not_implemented" time="0.003"></testcase><testcase classname="tests.sfputil_test.TestSfputil" file="tests/sfputil_test.py" line="532" name="test_show_eeprom_hexdump_sff8636_page" time="0.004"></testcase><testcase classname="tests.sfputil_test.TestSfputil" file="tests/sfputil_test.py" line="575" name="test_show_eeprom_hexdump_sff8472_page" time="0.004"></testcase><testcase classname="tests.sfputil_test.TestSfputil" file="tests/sfputil_test.py" line="640" name="test_lpmode_set" time="0.001"></testcase><testcase classname="tests.sfputil_test.TestSfputil" file="tests/sfputil_test.py" line="649" name="test_reset_RJ45" time="0.001"></testcase><testcase classname="tests.sfputil_test.TestSfputil" file="tests/sfputil_test.py" line="658" name="test_unlock_firmware" time="0.004"></testcase><testcase classname="tests.sfputil_test.TestSfputil" file="tests/sfputil_test.py" line="671" name="test_show_fwversion_Rj45" time="0.004"></testcase><testcase classname="tests.sfputil_test.TestSfputil" file="tests/sfputil_test.py" line="685" name="test_run_firmwre" time="0.003"></testcase><testcase classname="tests.sfputil_test.TestSfputil" file="tests/sfputil_test.py" line="697" name="test_commit_firmwre" time="0.003"></testcase><testcase classname="tests.sfputil_test.TestSfputil" file="tests/sfputil_test.py" line="709" name="test_firmware_run_RJ45" time="0.001"></testcase><testcase classname="tests.sfputil_test.TestSfputil" file="tests/sfputil_test.py" line="717" name="test_firmware_commit_RJ45" time="0.001"></testcase><testcase classname="tests.sfputil_test.TestSfputil" file="tests/sfputil_test.py" line="725" name="test_firmware_upgrade_RJ45" time="0.001"></testcase><testcase classname="tests.sfputil_test.TestSfputil" file="tests/sfputil_test.py" line="734" name="test_firmware_download_RJ45" time="0.001"></testcase><testcase classname="tests.show_bfd_test.TestShowBfd" file="tests/show_bfd_test.py" line="21" name="test_bfd_show" time="0.073"></testcase><testcase classname="tests.show_bfd_test.TestShowBfd" file="tests/show_bfd_test.py" line="87" name="test_bfd_show_no_session" time="0.068"></testcase><testcase classname="tests.show_bgp_neighbor_test.TestBgpNeighbors" file="tests/show_bgp_neighbor_test.py" line="49" name="test_bgp_neighbors[bgp_v4_neighbors_output-bgp_v4_neighbors]" time="0.003"></testcase><testcase classname="tests.show_bgp_neighbor_test.TestBgpNeighbors" file="tests/show_bgp_neighbor_test.py" line="49" name="test_bgp_neighbors[bgp_v4_neighbors_output-bgp_v4_neighbor_ip_address]" time="0.017"></testcase><testcase classname="tests.show_bgp_neighbor_test.TestBgpNeighbors" file="tests/show_bgp_neighbor_test.py" line="49" name="test_bgp_neighbors[bgp_v4_neighbor_invalid_neigh-bgp_v4_neighbor_invalid]" time="0.016"></testcase><testcase classname="tests.show_bgp_neighbor_test.TestBgpNeighbors" file="tests/show_bgp_neighbor_test.py" line="49" name="test_bgp_neighbors[bgp_v4_neighbor_invalid_address-bgp_v4_neighbor_invalid_address]" time="0.002"></testcase><testcase classname="tests.show_bgp_neighbor_test.TestBgpNeighbors" file="tests/show_bgp_neighbor_test.py" line="49" name="test_bgp_neighbors[bgp_v4_neighbor_output_adv_routes-bgp_v4_neighbor_adv_routes]" time="0.016"></testcase><testcase classname="tests.show_bgp_neighbor_test.TestBgpNeighbors" file="tests/show_bgp_neighbor_test.py" line="49" name="test_bgp_neighbors[bgp_v4_neighbor_output_recv_routes-bgp_v4_neighbor_recv_routes]" time="0.016"></testcase><testcase classname="tests.show_bgp_neighbor_test.TestBgpNeighbors" file="tests/show_bgp_neighbor_test.py" line="49" name="test_bgp_neighbors[bgp_v6_neighbors_output-bgp_v6_neighbors]" time="0.002"></testcase><testcase classname="tests.show_bgp_neighbor_test.TestBgpNeighbors" file="tests/show_bgp_neighbor_test.py" line="49" name="test_bgp_neighbors[bgp_v6_neighbors_output-bgp_v6_neighbor_ip_address]" time="0.016"></testcase><testcase classname="tests.show_bgp_neighbor_test.TestBgpNeighbors" file="tests/show_bgp_neighbor_test.py" line="49" name="test_bgp_neighbors[bgp_v6_neighbor_invalid-bgp_v6_neighbor_invalid]" time="0.016"></testcase><testcase classname="tests.show_bgp_neighbor_test.TestBgpNeighbors" file="tests/show_bgp_neighbor_test.py" line="49" name="test_bgp_neighbors[bgp_v6_neighbor_invalid_address-bgp_v6_neighbor_invalid_address]" time="0.002"></testcase><testcase classname="tests.show_bgp_neighbor_test.TestBgpNeighbors" file="tests/show_bgp_neighbor_test.py" line="49" name="test_bgp_neighbors[bgp_v6_neighbor_output_adv_routes-bgp_v6_neighbor_adv_routes]" time="0.017"></testcase><testcase classname="tests.show_bgp_neighbor_test.TestBgpNeighbors" file="tests/show_bgp_neighbor_test.py" line="49" name="test_bgp_neighbors[bgp_v6_neighbor_output_recv_routes-bgp_v6_neighbor_recv_routes]" time="0.016"></testcase><testcase classname="tests.show_bgp_neighbor_test.TestBgpNeighborsMultiAsic" file="tests/show_bgp_neighbor_test.py" line="92" name="test_bgp_neighbors[bgp_v4_neighbors_output_all_asics-bgp_v4_neighbors_multi_asic]" time="0.003"></testcase><testcase classname="tests.show_bgp_neighbor_test.TestBgpNeighborsMultiAsic" file="tests/show_bgp_neighbor_test.py" line="92" name="test_bgp_neighbors[bgp_v4_neighbors_output_asic1-bgp_v4_neighbors_asic]" time="0.002"></testcase><testcase classname="tests.show_bgp_neighbor_test.TestBgpNeighborsMultiAsic" file="tests/show_bgp_neighbor_test.py" line="92" name="test_bgp_neighbors[bgp_v4_neighbors_output_asic1-bgp_v4_neighbors_internal]" time="0.005"></testcase><testcase classname="tests.show_bgp_neighbor_test.TestBgpNeighborsMultiAsic" file="tests/show_bgp_neighbor_test.py" line="92" name="test_bgp_neighbors[bgp_v4_neighbors_output_asic0-bgp_v4_neighbors_external]" time="0.004"></testcase><testcase classname="tests.show_bgp_neighbor_test.TestBgpNeighborsMultiAsic" file="tests/show_bgp_neighbor_test.py" line="92" name="test_bgp_neighbors[bgp_v6_neighbor_output_warning-bgp_v6_neighbor_warning]" time="0.005"></testcase><testcase classname="tests.show_bgp_neighbor_test.TestBgpNeighborsMultiAsic" file="tests/show_bgp_neighbor_test.py" line="92" name="test_bgp_neighbors[bgp_v6_neighbors_output_all_asics-bgp_v6_neighbors_multi_asic]" time="0.002"></testcase><testcase classname="tests.show_bgp_neighbor_test.TestBgpNeighborsMultiAsic" file="tests/show_bgp_neighbor_test.py" line="92" name="test_bgp_neighbors[bgp_v6_neighbors_output_asic0-bgp_v6_neighbors_asic]" time="0.002"></testcase><testcase classname="tests.show_bgp_neighbor_test.TestBgpNeighborsMultiAsic" file="tests/show_bgp_neighbor_test.py" line="92" name="test_bgp_neighbors[bgp_v6_neighbors_output_asic0-bgp_v6_neighbors_external]" time="0.003"></testcase><testcase classname="tests.show_bgp_neighbor_test.TestBgpNeighborsMultiAsic" file="tests/show_bgp_neighbor_test.py" line="92" name="test_bgp_neighbors[bgp_v6_neighbors_output_asic1-bgp_v6_neighbors_internal]" time="0.006"></testcase><testcase classname="tests.show_bgp_network_test.TestBgpNetwork" file="tests/show_bgp_network_test.py" line="49" name="test_bgp_network[bgp_v4_network-bgp_v4_network]" time="0.002"></testcase><testcase classname="tests.show_bgp_network_test.TestBgpNetwork" file="tests/show_bgp_network_test.py" line="49" name="test_bgp_network[bgp_v6_network-bgp_v6_network]" time="0.002"></testcase><testcase classname="tests.show_bgp_network_test.TestBgpNetwork" file="tests/show_bgp_network_test.py" line="49" name="test_bgp_network[bgp_v4_network_ip_address-bgp_v4_network_ip_address]" time="0.002"></testcase><testcase classname="tests.show_bgp_network_test.TestBgpNetwork" file="tests/show_bgp_network_test.py" line="49" name="test_bgp_network[bgp_v6_network_ip_address-bgp_v6_network_ip_address]" time="0.002"></testcase><testcase classname="tests.show_bgp_network_test.TestBgpNetwork" file="tests/show_bgp_network_test.py" line="49" name="test_bgp_network[bgp_v6_network_bestpath-bgp_v6_network_bestpath]" time="0.002"></testcase><testcase classname="tests.show_bgp_network_test.TestBgpNetwork" file="tests/show_bgp_network_test.py" line="49" name="test_bgp_network[bgp_v4_network_bestpath-bgp_v4_network_bestpath]" time="0.002"></testcase><testcase classname="tests.show_bgp_network_test.TestBgpNetwork" file="tests/show_bgp_network_test.py" line="49" name="test_bgp_network[bgp_v6_network_longer_prefixes-bgp_v6_network_longer_prefixes]" time="0.002"></testcase><testcase classname="tests.show_bgp_network_test.TestBgpNetwork" file="tests/show_bgp_network_test.py" line="49" name="test_bgp_network[bgp_v4_network-bgp_v4_network_longer_prefixes_error]" time="0.002"></testcase><testcase classname="tests.show_bgp_network_test.TestBgpNetwork" file="tests/show_bgp_network_test.py" line="49" name="test_bgp_network[bgp_v4_network-bgp_v6_network_longer_prefixes_error]" time="0.002"></testcase><testcase classname="tests.show_bgp_network_test.TestMultiAsicBgpNetwork" file="tests/show_bgp_network_test.py" line="77" name="test_bgp_network[bgp_v4_network-bgp_v4_network_multi_asic]" time="0.003"></testcase><testcase classname="tests.show_bgp_network_test.TestMultiAsicBgpNetwork" file="tests/show_bgp_network_test.py" line="77" name="test_bgp_network[bgp_v6_network-bgp_v6_network_multi_asic]" time="0.002"></testcase><testcase classname="tests.show_bgp_network_test.TestMultiAsicBgpNetwork" file="tests/show_bgp_network_test.py" line="77" name="test_bgp_network[bgp_v4_network_asic0-bgp_v4_network_asic0]" time="0.002"></testcase><testcase classname="tests.show_bgp_network_test.TestMultiAsicBgpNetwork" file="tests/show_bgp_network_test.py" line="77" name="test_bgp_network[bgp_v4_network_ip_address_asic0-bgp_v4_network_ip_address_asic0]" time="0.002"></testcase><testcase classname="tests.show_bgp_network_test.TestMultiAsicBgpNetwork" file="tests/show_bgp_network_test.py" line="77" name="test_bgp_network[bgp_v4_network_bestpath_asic0-bgp_v4_network_bestpath_asic0]" time="0.002"></testcase><testcase classname="tests.show_bgp_network_test.TestMultiAsicBgpNetwork" file="tests/show_bgp_network_test.py" line="77" name="test_bgp_network[bgp_v6_network_asic0-bgp_v6_network_asic0]" time="0.001"></testcase><testcase classname="tests.show_bgp_network_test.TestMultiAsicBgpNetwork" file="tests/show_bgp_network_test.py" line="77" name="test_bgp_network[bgp_v6_network_ip_address_asic0-bgp_v6_network_ip_address_asic0]" time="0.002"></testcase><testcase classname="tests.show_bgp_network_test.TestMultiAsicBgpNetwork" file="tests/show_bgp_network_test.py" line="77" name="test_bgp_network[bgp_v6_network_bestpath_asic0-bgp_v6_network_bestpath_asic0]" time="0.002"></testcase><testcase classname="tests.show_breakout_test.TestBreakout" file="tests/show_breakout_test.py" line="60" name="test_all_intf_current_mode" time="0.016"></testcase><testcase classname="tests.show_breakout_test.TestBreakout" file="tests/show_breakout_test.py" line="72" name="test_single_intf_current_mode" time="0.016"></testcase><testcase classname="tests.show_event_counters_test.TestShowEventCounters" file="tests/show_event_counters_test.py" line="12" name="test_event_counters_show" time="0.055"></testcase><testcase classname="tests.show_ip_int_test.TestShowIpInt" file="tests/show_ip_int_test.py" line="102" name="test_show_ip_intf_v4" time="0.571"></testcase><testcase classname="tests.show_ip_int_test.TestShowIpInt" file="tests/show_ip_int_test.py" line="107" name="test_show_ip_intf_v6" time="0.569"></testcase><testcase classname="tests.show_ip_int_test.TestShowIpInt" file="tests/show_ip_int_test.py" line="113" name="test_show_intf_invalid_af_option" time="0.506"></testcase><testcase classname="tests.show_ip_int_test.TestMultiAsicShowIpInt" file="tests/show_ip_int_test.py" line="122" name="test_show_ip_intf_v4" time="0.624"></testcase><testcase classname="tests.show_ip_int_test.TestMultiAsicShowIpInt" file="tests/show_ip_int_test.py" line="127" name="test_show_ip_intf_v4_asic0" time="0.621"></testcase><testcase classname="tests.show_ip_int_test.TestMultiAsicShowIpInt" file="tests/show_ip_int_test.py" line="132" name="test_show_ip_intf_v4_all" time="0.779"></testcase><testcase classname="tests.show_ip_int_test.TestMultiAsicShowIpInt" file="tests/show_ip_int_test.py" line="137" name="test_show_ip_intf_v6" time="0.616"></testcase><testcase classname="tests.show_ip_int_test.TestMultiAsicShowIpInt" file="tests/show_ip_int_test.py" line="142" name="test_show_ip_intf_v6_asic0" time="0.612"></testcase><testcase classname="tests.show_ip_int_test.TestMultiAsicShowIpInt" file="tests/show_ip_int_test.py" line="147" name="test_show_ip_intf_v6_all" time="0.675"></testcase><testcase classname="tests.show_ip_int_test.TestMultiAsicShowIpInt" file="tests/show_ip_int_test.py" line="152" name="test_show_intf_invalid_af_option" time="0.505"></testcase><testcase classname="tests.show_mirror_test.TestShowMirror" file="tests/show_mirror_test.py" line="11" name="test_mirror_show" time="0.028"></testcase><testcase classname="tests.show_platform_test.TestShowPlatform" file="tests/show_platform_test.py" line="34" name="test_summary" time="0.003"></testcase><testcase classname="tests.show_platform_test.TestShowPlatformPsu" file="tests/show_platform_test.py" line="60" name="test_all_psus" time="0.002"></testcase><testcase classname="tests.show_platform_test.TestShowPlatformPsu" file="tests/show_platform_test.py" line="66" name="test_all_psus_json" time="0.002"></testcase><testcase classname="tests.show_platform_test.TestShowPlatformPsu" file="tests/show_platform_test.py" line="72" name="test_single_psu" time="0.002"></testcase><testcase classname="tests.show_platform_test.TestShowPlatformPsu" file="tests/show_platform_test.py" line="78" name="test_single_psu_json" time="0.002"></testcase><testcase classname="tests.show_platform_test.TestShowPlatformPsu" file="tests/show_platform_test.py" line="84" name="test_verbose" time="0.002"></testcase><testcase classname="tests.show_snmp_test.TestSNMPShowCommands" file="tests/show_snmp_test.py" line="154" name="test_show_run_snmp_location_tabular" time="0.070"></testcase><testcase classname="tests.show_snmp_test.TestSNMPShowCommands" file="tests/show_snmp_test.py" line="173" name="test_show_run_snmp_location_json" time="0.069"></testcase><testcase classname="tests.show_snmp_test.TestSNMPShowCommands" file="tests/show_snmp_test.py" line="192" name="test_show_run_snmp_location_json_bad_key" time="0.067"></testcase><testcase classname="tests.show_snmp_test.TestSNMPShowCommands" file="tests/show_snmp_test.py" line="202" name="test_show_run_snmp_location_bad_key" time="0.067"></testcase><testcase classname="tests.show_snmp_test.TestSNMPShowCommands" file="tests/show_snmp_test.py" line="211" name="test_show_run_snmp_contact_tabular" time="0.068"></testcase><testcase classname="tests.show_snmp_test.TestSNMPShowCommands" file="tests/show_snmp_test.py" line="230" name="test_show_run_snmp_contact_json" time="0.074"></testcase><testcase classname="tests.show_snmp_test.TestSNMPShowCommands" file="tests/show_snmp_test.py" line="249" name="test_show_run_snmp_contact_json_bad_key" time="0.067"></testcase><testcase classname="tests.show_snmp_test.TestSNMPShowCommands" file="tests/show_snmp_test.py" line="258" name="test_show_run_snmp_contact_tabular_bad_key" time="0.067"></testcase><testcase classname="tests.show_snmp_test.TestSNMPShowCommands" file="tests/show_snmp_test.py" line="268" name="test_show_run_snmp_community_tabular" time="0.068"></testcase><testcase classname="tests.show_snmp_test.TestSNMPShowCommands" file="tests/show_snmp_test.py" line="276" name="test_show_run_snmp_community_json" time="0.067"></testcase><testcase classname="tests.show_snmp_test.TestSNMPShowCommands" file="tests/show_snmp_test.py" line="285" name="test_show_run_snmp_user_tabular" time="0.071"></testcase><testcase classname="tests.show_snmp_test.TestSNMPShowCommands" file="tests/show_snmp_test.py" line="293" name="test_show_run_snmp_user_json" time="0.067"></testcase><testcase classname="tests.show_snmp_test.TestSNMPShowCommands" file="tests/show_snmp_test.py" line="301" name="test_show_run_snmp_user_json_bad_key" time="0.081"></testcase><testcase classname="tests.show_snmp_test.TestSNMPShowCommands" file="tests/show_snmp_test.py" line="433" name="test_show_run_snmp_tabular" time="0.075"></testcase><testcase classname="tests.show_vnet_test.TestShowVnetRoutesAll" file="tests/show_vnet_test.py" line="11" name="test_show_vnet_routes_all_basic" time="0.078"></testcase><testcase classname="tests.show_vnet_test.TestShowVnetAdvertisedRoutesIPX" file="tests/show_vnet_test.py" line="36" name="test_show_vnet_adv_routes_ip_basic" time="0.077"></testcase><testcase classname="tests.show_vnet_test.TestShowVnetAdvertisedRoutesIPX" file="tests/show_vnet_test.py" line="52" name="test_show_vnet_adv_routes_ip_string" time="0.076"></testcase><testcase classname="tests.show_vnet_test.TestShowVnetAdvertisedRoutesIPX" file="tests/show_vnet_test.py" line="67" name="test_show_vnet_adv_routes_ipv6_Error" time="0.077"></testcase><testcase classname="tests.show_vnet_vxlan_cli_test.TestShowVnet" file="tests/show_vnet_vxlan_cli_test.py" line="19" name="test_show_vnet_routes_all_basic" time="0.077"></testcase><testcase classname="tests.show_vnet_vxlan_cli_test.TestShowVnet" file="tests/show_vnet_vxlan_cli_test.py" line="37" name="test_show_vnet_endpoint" time="0.077"></testcase><testcase classname="tests.show_vnet_vxlan_cli_test.TestShowVnet" file="tests/show_vnet_vxlan_cli_test.py" line="51" name="test_show_vnet_endpoint_ipv4" time="0.077"></testcase><testcase classname="tests.show_vnet_vxlan_cli_test.TestShowVnet" file="tests/show_vnet_vxlan_cli_test.py" line="63" name="test_show_vnet_endpoint_ipv6" time="0.076"></testcase><testcase classname="tests.show_vrf_test.TestShowVrf" file="tests/show_vrf_test.py" line="18" name="test_vrf_show" time="0.028"></testcase><testcase classname="tests.show_vrf_test.TestShowVrf" file="tests/show_vrf_test.py" line="42" name="test_vrf_bind_unbind" time="0.082"></testcase><testcase classname="tests.show_vrf_test.TestShowVrf" file="tests/show_vrf_test.py" line="182" name="test_vrf_del" time="0.073"></testcase><testcase classname="tests.sku_create_test.TestSkuCreate" file="tests/sku_create_test.py" line="86" name="test_sku_from_xml_file" time="0.666"></testcase><testcase classname="tests.sku_create_test.TestSkuCreate" file="tests/sku_create_test.py" line="116" name="test_sku_from_minigraph_file" time="0.233"></testcase><testcase classname="tests.sku_create_test.TestSkuCreate" file="tests/sku_create_test.py" line="138" name="test_sku_from_config_db_file" time="0.217"></testcase><testcase classname="tests.sku_create_test.TestSkuCreate" file="tests/sku_create_test.py" line="160" name="test_sku_port_split" time="0.220"></testcase><testcase classname="tests.sku_create_test.TestSkuCreate" file="tests/sku_create_test.py" line="231" name="test_sku_port_unsplit" time="0.218"></testcase><testcase classname="tests.sonic_bootchart_test.TestSonicBootchart" file="tests/sonic_bootchart_test.py" line="38" name="test_enable" time="0.024"></testcase><testcase classname="tests.sonic_bootchart_test.TestSonicBootchart" file="tests/sonic_bootchart_test.py" line="44" name="test_disable" time="0.013"></testcase><testcase classname="tests.sonic_bootchart_test.TestSonicBootchart" file="tests/sonic_bootchart_test.py" line="50" name="test_config_show" time="0.020"></testcase><testcase classname="tests.sonic_bootchart_test.TestSonicBootchart" file="tests/sonic_bootchart_test.py" line="89" name="test_invalid_config_show" time="0.015"></testcase><testcase classname="tests.sonic_kdump_config_test.TestSonicKdumpConfig" file="tests/sonic_kdump_config_test.py" line="227" name="test_cmd_kdump_disable" time="0.012"></testcase><testcase classname="tests.sonic_kdump_config_test.TestSonicKdumpConfig" file="tests/sonic_kdump_config_test.py" line="257" name="test_kdump_disable" time="0.019"></testcase><testcase classname="tests.sonic_kdump_config_test.TestSonicKdumpConfig" file="tests/sonic_kdump_config_test.py" line="29" name="test_read_num_kdumps" time="0.002"></testcase><testcase classname="tests.sonic_kdump_config_test.TestSonicKdumpConfig" file="tests/sonic_kdump_config_test.py" line="75" name="test_read_use_kdump" time="0.001"></testcase><testcase classname="tests.sonic_kdump_config_test.TestSonicKdumpConfig" file="tests/sonic_kdump_config_test.py" line="118" name="test_write_num_kdump" time="0.003"></testcase><testcase classname="tests.static_routes_test.TestStaticRoutes" file="tests/static_routes_test.py" line="38" name="test_simple_static_route" time="0.069"></testcase><testcase classname="tests.static_routes_test.TestStaticRoutes" file="tests/static_routes_test.py" line="56" name="test_invalid_portchannel_static_route" time="0.068"></testcase><testcase classname="tests.static_routes_test.TestStaticRoutes" file="tests/static_routes_test.py" line="67" name="test_static_route_invalid_prefix_ip" time="0.067"></testcase><testcase classname="tests.static_routes_test.TestStaticRoutes" file="tests/static_routes_test.py" line="78" name="test_static_route_invalid_nexthop_ip" time="0.067"></testcase><testcase classname="tests.static_routes_test.TestStaticRoutes" file="tests/static_routes_test.py" line="89" name="test_vrf_static_route" time="0.069"></testcase><testcase classname="tests.static_routes_test.TestStaticRoutes" file="tests/static_routes_test.py" line="109" name="test_dest_vrf_static_route" time="0.069"></testcase><testcase classname="tests.static_routes_test.TestStaticRoutes" file="tests/static_routes_test.py" line="130" name="test_multiple_nexthops_with_vrf_static_route" time="0.069"></testcase><testcase classname="tests.static_routes_test.TestStaticRoutes" file="tests/static_routes_test.py" line="159" name="test_multiple_nexthops_static_route" time="0.071"></testcase><testcase classname="tests.static_routes_test.TestStaticRoutes" file="tests/static_routes_test.py" line="200" name="test_static_route_miss_prefix" time="0.066"></testcase><testcase classname="tests.static_routes_test.TestStaticRoutes" file="tests/static_routes_test.py" line="210" name="test_static_route_miss_nexthop" time="0.066"></testcase><testcase classname="tests.static_routes_test.TestStaticRoutes" file="tests/static_routes_test.py" line="220" name="test_static_route_ECMP_nexthop" time="0.070"></testcase><testcase classname="tests.static_routes_test.TestStaticRoutes" file="tests/static_routes_test.py" line="254" name="test_static_route_ECMP_nexthop_with_vrf" time="0.071"></testcase><testcase classname="tests.static_routes_test.TestStaticRoutes" file="tests/static_routes_test.py" line="292" name="test_static_route_ECMP_mixed_nextfop" time="0.071"></testcase><testcase classname="tests.static_routes_test.TestStaticRoutes" file="tests/static_routes_test.py" line="328" name="test_del_nonexist_key_static_route" time="0.068"></testcase><testcase classname="tests.static_routes_test.TestStaticRoutes" file="tests/static_routes_test.py" line="339" name="test_del_nonexist_entry_static_route" time="0.069"></testcase><testcase classname="tests.static_routes_test.TestStaticRoutes" file="tests/static_routes_test.py" line="363" name="test_del_entire_ECMP_static_route" time="0.069"></testcase><testcase classname="tests.static_routes_test.TestStaticRoutes" file="tests/static_routes_test.py" line="387" name="test_static_route_nexthop_subinterface" time="0.072"></testcase><testcase classname="tests.storm_control_test.TestStormControl" file="tests/storm_control_test.py" line="15" name="test_add_broadcast_storm" time="0.087"></testcase><testcase classname="tests.storm_control_test.TestStormControl" file="tests/storm_control_test.py" line="25" name="test_add_uucast_storm" time="0.088"></testcase><testcase classname="tests.storm_control_test.TestStormControl" file="tests/storm_control_test.py" line="35" name="test_add_umcast_storm" time="0.087"></testcase><testcase classname="tests.storm_control_test.TestStormControl" file="tests/storm_control_test.py" line="45" name="test_del_broadcast_storm" time="0.101"></testcase><testcase classname="tests.storm_control_test.TestStormControl" file="tests/storm_control_test.py" line="55" name="test_del_uucast_storm" time="0.081"></testcase><testcase classname="tests.storm_control_test.TestStormControl" file="tests/storm_control_test.py" line="65" name="test_del_umcast_storm" time="0.081"></testcase><testcase classname="tests.storm_control_test.TestStormControl" file="tests/storm_control_test.py" line="75" name="test_show_storm" time="0.017"></testcase><testcase classname="tests.subintf_test.TestSubinterface" file="tests/subintf_test.py" line="22" name="test_add_del_subintf_short_name" time="0.077"></testcase><testcase classname="tests.subintf_test.TestSubinterface" file="tests/subintf_test.py" line="51" name="test_add_del_subintf_with_long_name" time="0.074"></testcase><testcase classname="tests.subintf_test.TestSubinterface" file="tests/subintf_test.py" line="79" name="test_add_existing_subintf_again" time="0.074"></testcase><testcase classname="tests.subintf_test.TestSubinterface" file="tests/subintf_test.py" line="102" name="test_delete_non_existing_subintf" time="0.070"></testcase><testcase classname="tests.subintf_test.TestSubinterface" file="tests/subintf_test.py" line="123" name="test_invalid_subintf_creation" time="0.077"></testcase><testcase classname="tests.subintf_test.TestSubinterface" file="tests/subintf_test.py" line="149" name="test_subintf_creation_on_lag_member" time="0.071"></testcase><testcase classname="tests.subintf_test.TestSubinterface" file="tests/subintf_test.py" line="164" name="test_subintf_vrf_bind_unbind" time="0.105"></testcase><testcase classname="tests.swap_allocator_test.TestSWAPAllocator" file="tests/swap_allocator_test.py" line="15" name="test_read_from_meminfo" time="0.003"></testcase><testcase classname="tests.swap_allocator_test.TestSWAPAllocator" file="tests/swap_allocator_test.py" line="41" name="test_setup_swapmem" time="0.004"></testcase><testcase classname="tests.swap_allocator_test.TestSWAPAllocator" file="tests/swap_allocator_test.py" line="62" name="test_remove_swapmem" time="0.002"></testcase><testcase classname="tests.swap_allocator_test.TestSWAPAllocator" file="tests/swap_allocator_test.py" line="80" name="test_swap_allocator_initialization_default_args" time="0.001"></testcase><testcase classname="tests.swap_allocator_test.TestSWAPAllocator" file="tests/swap_allocator_test.py" line="92" name="test_swap_allocator_initialization_custom_args" time="0.001"></testcase><testcase classname="tests.swap_allocator_test.TestSWAPAllocator" file="tests/swap_allocator_test.py" line="109" name="test_swap_allocator_context_enter_allocate_true_insufficient_total_memory" time="0.003"></testcase><testcase classname="tests.swap_allocator_test.TestSWAPAllocator" file="tests/swap_allocator_test.py" line="133" name="test_swap_allocator_context_enter_allocate_true_insufficient_available_memory" time="0.003"></testcase><testcase classname="tests.swap_allocator_test.TestSWAPAllocator" file="tests/swap_allocator_test.py" line="157" name="test_swap_allocator_context_enter_allocate_true_insufficient_total_memory_plus_swap" time="0.004"></testcase><testcase classname="tests.swap_allocator_test.TestSWAPAllocator" file="tests/swap_allocator_test.py" line="181" name="test_swap_allocator_context_enter_allocate_true_insufficient_available_memory_plus_swap" time="0.003"></testcase><testcase classname="tests.swap_allocator_test.TestSWAPAllocator" file="tests/swap_allocator_test.py" line="205" name="test_swap_allocator_context_enter_allocate_true_insufficient_disk_space" time="0.002"></testcase><testcase classname="tests.swap_allocator_test.TestSWAPAllocator" file="tests/swap_allocator_test.py" line="229" name="test_swap_allocator_context_enter_allocate_true_swapfile_present" time="0.003"></testcase><testcase classname="tests.swap_allocator_test.TestSWAPAllocator" file="tests/swap_allocator_test.py" line="253" name="test_swap_allocator_context_enter_setup_error" time="0.003"></testcase><testcase classname="tests.swap_allocator_test.TestSWAPAllocator" file="tests/swap_allocator_test.py" line="279" name="test_swap_allocator_context_enter_allocate_false" time="0.003"></testcase><testcase classname="tests.swap_allocator_test.TestSWAPAllocator" file="tests/swap_allocator_test.py" line="303" name="test_swap_allocator_context_exit_is_allocated_true" time="0.001"></testcase><testcase classname="tests.swap_allocator_test.TestSWAPAllocator" file="tests/swap_allocator_test.py" line="310" name="test_swap_allocator_context_exit_is_allocated_false" time="0.001"></testcase><testcase classname="tests.synchronous_mode_test.TestSynchronousMode" file="tests/synchronous_mode_test.py" line="20" name="test_synchronous_mode" time="0.030"></testcase><testcase classname="tests.syslog_test.TestSyslog" file="tests/syslog_test.py" line="53" name="test_config_syslog_basic[2.2.2.2]" time="0.078"></testcase><testcase classname="tests.syslog_test.TestSyslog" file="tests/syslog_test.py" line="53" name="test_config_syslog_basic[2222::2222]" time="0.080"></testcase><testcase classname="tests.syslog_test.TestSyslog" file="tests/syslog_test.py" line="75" name="test_config_syslog_extended[2.2.2.2-1.1.1.1-514-default]" time="0.027"></testcase><testcase classname="tests.syslog_test.TestSyslog" file="tests/syslog_test.py" line="75" name="test_config_syslog_extended[4.4.4.4-3.3.3.3-514-mgmt]" time="0.027"></testcase><testcase classname="tests.syslog_test.TestSyslog" file="tests/syslog_test.py" line="75" name="test_config_syslog_extended[2222::2222-1111::1111-514-Vrf-Data]" time="0.026"></testcase><testcase classname="tests.syslog_test.TestSyslog" file="tests/syslog_test.py" line="105" name="test_config_syslog_invalid_ip[2.2.2.2-1.1.1.1111]" time="0.026"></testcase><testcase classname="tests.syslog_test.TestSyslog" file="tests/syslog_test.py" line="105" name="test_config_syslog_invalid_ip[4.4.4.4444-3.3.3.3]" time="0.025"></testcase><testcase classname="tests.syslog_test.TestSyslog" file="tests/syslog_test.py" line="123" name="test_config_syslog_prohibited_sip[127.0.0.1]" time="0.025"></testcase><testcase classname="tests.syslog_test.TestSyslog" file="tests/syslog_test.py" line="123" name="test_config_syslog_prohibited_sip[224.0.0.1]" time="0.025"></testcase><testcase classname="tests.syslog_test.TestSyslog" file="tests/syslog_test.py" line="138" name="test_config_syslog_ip_family_mismatch" time="0.025"></testcase><testcase classname="tests.syslog_test.TestSyslog" file="tests/syslog_test.py" line="152" name="test_config_syslog_invalid_port" time="0.025"></testcase><testcase classname="tests.syslog_test.TestSyslog" file="tests/syslog_test.py" line="166" name="test_config_syslog_invalid_port_range[-1]" time="0.025"></testcase><testcase classname="tests.syslog_test.TestSyslog" file="tests/syslog_test.py" line="166" name="test_config_syslog_invalid_port_range[65536]" time="0.025"></testcase><testcase classname="tests.syslog_test.TestSyslog" file="tests/syslog_test.py" line="181" name="test_config_syslog_invalid_vrf" time="0.026"></testcase><testcase classname="tests.syslog_test.TestSyslog" file="tests/syslog_test.py" line="195" name="test_config_syslog_nonexistent_vrf[mgmt]" time="0.026"></testcase><testcase classname="tests.syslog_test.TestSyslog" file="tests/syslog_test.py" line="195" name="test_config_syslog_nonexistent_vrf[Vrf-Data]" time="0.026"></testcase><testcase classname="tests.syslog_test.TestSyslog" file="tests/syslog_test.py" line="217" name="test_show_syslog_empty" time="0.025"></testcase><testcase classname="tests.syslog_test.TestSyslog" file="tests/syslog_test.py" line="230" name="test_show_syslog" time="0.027"></testcase><testcase classname="tests.system_health_test.TestHealth" file="tests/system_health_test.py" line="71" name="test_health_summary" time="0.002"></testcase><testcase classname="tests.system_health_test.TestHealth" file="tests/system_health_test.py" line="105" name="test_health_monitor" time="0.004"></testcase><testcase classname="tests.system_health_test.TestHealth" file="tests/system_health_test.py" line="163" name="test_health_detail" time="0.008"></testcase><testcase classname="tests.system_health_test.TestHealth" file="tests/system_health_test.py" line="308" name="test_health_systemready" time="1.030"></testcase><testcase classname="tests.techsupport_cleanup_test.TestTechsupportCreationEvent" file="tests/techsupport_cleanup_test.py" line="70" name="test_dump_cleanup" time="0.089"></testcase><testcase classname="tests.techsupport_cleanup_test.TestTechsupportCreationEvent" file="tests/techsupport_cleanup_test.py" line="28" name="test_no_cleanup_state_disabled" time="0.078"></testcase><testcase classname="tests.techsupport_cleanup_test.TestTechsupportCreationEvent" file="tests/techsupport_cleanup_test.py" line="49" name="test_no_cleanup_state_enabled" time="0.079"></testcase><testcase classname="tests.techsupport_cleanup_test.TestTechsupportCreationEvent" file="tests/techsupport_cleanup_test.py" line="90" name="test_state_db_update" time="0.079"></testcase><testcase classname="tests.techsupport_test" file="tests/techsupport_test.py" line="7" name="test_techsupport[cli_arguments0-generate_dump -v -t 5]" time="0.003"></testcase><testcase classname="tests.techsupport_test" file="tests/techsupport_test.py" line="7" name="test_techsupport[cli_arguments1-generate_dump -v -s &apos;2 days ago&apos; -t 5]" time="0.002"></testcase><testcase classname="tests.techsupport_test" file="tests/techsupport_test.py" line="7" name="test_techsupport[cli_arguments2-timeout --kill-after=300s -s SIGTERM --foreground 50m generate_dump -v -t 5]" time="0.002"></testcase><testcase classname="tests.techsupport_test" file="tests/techsupport_test.py" line="7" name="test_techsupport[cli_arguments3--a generate_dump -v -t 5]" time="0.002"></testcase><testcase classname="tests.techsupport_test" file="tests/techsupport_test.py" line="7" name="test_techsupport[cli_arguments4-generate_dump -t 5]" time="0.002"></testcase><testcase classname="tests.techsupport_test" file="tests/techsupport_test.py" line="7" name="test_techsupport[cli_arguments5-generate_dump -v -d -t 5 -r]" time="0.002"></testcase><testcase classname="tests.test_sonic_installer" file="tests/test_sonic_installer.py" line="6" name="test_install" time="0.022"></testcase><testcase classname="tests.test_sonic_installer" file="tests/test_sonic_installer.py" line="84" name="test_set_fips" time="0.004"></testcase><testcase classname="tests.tpid_test.TestTpid" file="tests/tpid_test.py" line="80" name="test_tpid_config_bad_tpid" time="0.424"></testcase><testcase classname="tests.tpid_test.TestTpid" file="tests/tpid_test.py" line="91" name="test_tpid_config_lag_mbr" time="0.430"></testcase><testcase classname="tests.tpid_test.TestTpid" file="tests/tpid_test.py" line="101" name="test_tpid_add_lag_mbr_with_non_default_tpid" time="0.071"></testcase><testcase classname="tests.tpid_test.TestTpid" file="tests/tpid_test.py" line="111" name="test_tpid_config_port_interface" time="1.866"></testcase><testcase classname="tests.tpid_test.TestTpid" file="tests/tpid_test.py" line="141" name="test_tpid_config_portchannel_interface" time="1.881"></testcase><testcase classname="tests.tpid_test.TestTpid" file="tests/tpid_test.py" line="171" name="test_show_tpid" time="0.601"></testcase><testcase classname="tests.tpid_test.TestTpid" file="tests/tpid_test.py" line="179" name="test_show_tpid_ethernet0" time="0.585"></testcase><testcase classname="tests.tunnelstat_test.TestTunnelstat" file="tests/tunnelstat_test.py" line="60" name="test_no_param" time="0.534"></testcase><testcase classname="tests.tunnelstat_test.TestTunnelstat" file="tests/tunnelstat_test.py" line="69" name="test_single_tunnel" time="0.532"></testcase><testcase classname="tests.tunnelstat_test.TestTunnelstat" file="tests/tunnelstat_test.py" line="75" name="test_clear" time="1.573"></testcase><testcase classname="tests.tunnelstat_test.TestTunnelstat" file="tests/tunnelstat_test.py" line="89" name="test_clear_interface" time="1.566"></testcase><testcase classname="tests.validated_config_db_connector_test.TestValidatedConfigDBConnector" file="tests/validated_config_db_connector_test.py" line="73" name="test_apply_patch" time="0.003"></testcase><testcase classname="tests.validated_config_db_connector_test.TestValidatedConfigDBConnector" file="tests/validated_config_db_connector_test.py" line="65" name="test_create_gcu_patch_mod_entry" time="0.002"></testcase><testcase classname="tests.validated_config_db_connector_test.TestValidatedConfigDBConnector" file="tests/validated_config_db_connector_test.py" line="57" name="test_create_gcu_patch_set_entry" time="0.001"></testcase><testcase classname="tests.validated_config_db_connector_test.TestValidatedConfigDBConnector" file="tests/validated_config_db_connector_test.py" line="48" name="test_validated_delete_table_invalid_delete" time="0.002"></testcase><testcase classname="tests.validated_config_db_connector_test.TestValidatedConfigDBConnector" file="tests/validated_config_db_connector_test.py" line="40" name="test_validated_mod_entry" time="0.002"></testcase><testcase classname="tests.validated_config_db_connector_test.TestValidatedConfigDBConnector" file="tests/validated_config_db_connector_test.py" line="31" name="test_validated_set_entry_empty_table" time="0.002"></testcase><testcase classname="tests.vlan_test.TestVlan" file="tests/vlan_test.py" line="155" name="test_show_vlan" time="0.003"></testcase><testcase classname="tests.vlan_test.TestVlan" file="tests/vlan_test.py" line="162" name="test_show_vlan_brief" time="0.074"></testcase><testcase classname="tests.vlan_test.TestVlan" file="tests/vlan_test.py" line="170" name="test_show_vlan_brief_verbose" time="0.073"></testcase><testcase classname="tests.vlan_test.TestVlan" file="tests/vlan_test.py" line="178" name="test_show_vlan_brief_in_alias_mode" time="0.073"></testcase><testcase classname="tests.vlan_test.TestVlan" file="tests/vlan_test.py" line="188" name="test_show_vlan_brief_explicit_proxy_arp_disable" time="0.066"></testcase><testcase classname="tests.vlan_test.TestVlan" file="tests/vlan_test.py" line="194" name="test_show_vlan_config" time="0.069"></testcase><testcase classname="tests.vlan_test.TestVlan" file="tests/vlan_test.py" line="202" name="test_show_vlan_config_in_alias_mode" time="0.069"></testcase><testcase classname="tests.vlan_test.TestVlan" file="tests/vlan_test.py" line="212" name="test_config_vlan_add_vlan_with_invalid_vlanid" time="0.066"></testcase><testcase classname="tests.vlan_test.TestVlan" file="tests/vlan_test.py" line="220" name="test_config_vlan_add_vlan_with_exist_vlanid" time="0.067"></testcase><testcase classname="tests.vlan_test.TestVlan" file="tests/vlan_test.py" line="228" name="test_config_vlan_del_vlan_with_invalid_vlanid" time="0.068"></testcase><testcase classname="tests.vlan_test.TestVlan" file="tests/vlan_test.py" line="236" name="test_config_vlan_del_vlan_with_nonexist_vlanid" time="0.066"></testcase><testcase classname="tests.vlan_test.TestVlan" file="tests/vlan_test.py" line="244" name="test_config_vlan_add_member_with_invalid_vlanid" time="0.067"></testcase><testcase classname="tests.vlan_test.TestVlan" file="tests/vlan_test.py" line="252" name="test_config_vlan_add_member_with_nonexist_vlanid" time="0.067"></testcase><testcase classname="tests.vlan_test.TestVlan" file="tests/vlan_test.py" line="260" name="test_config_vlan_add_exist_port_member" time="0.067"></testcase><testcase classname="tests.vlan_test.TestVlan" file="tests/vlan_test.py" line="268" name="test_config_vlan_add_nonexist_port_member" time="0.068"></testcase><testcase classname="tests.vlan_test.TestVlan" file="tests/vlan_test.py" line="276" name="test_config_vlan_add_nonexist_portchannel_member" time="0.068"></testcase><testcase classname="tests.vlan_test.TestVlan" file="tests/vlan_test.py" line="285" name="test_config_vlan_add_portchannel_member" time="0.075"></testcase><testcase classname="tests.vlan_test.TestVlan" file="tests/vlan_test.py" line="302" name="test_config_vlan_add_rif_portchannel_member" time="0.069"></testcase><testcase classname="tests.vlan_test.TestVlan" file="tests/vlan_test.py" line="313" name="test_config_vlan_with_vxlanmap_del_vlan" time="0.069"></testcase><testcase classname="tests.vlan_test.TestVlan" file="tests/vlan_test.py" line="337" name="test_config_vlan_del_vlan" time="0.109"></testcase><testcase classname="tests.vlan_test.TestVlan" file="tests/vlan_test.py" line="385" name="test_config_vlan_del_nonexist_vlan_member" time="0.070"></testcase><testcase classname="tests.vlan_test.TestVlan" file="tests/vlan_test.py" line="395" name="test_config_add_del_vlan_and_vlan_member" time="0.085"></testcase><testcase classname="tests.vlan_test.TestVlan" file="tests/vlan_test.py" line="438" name="test_config_add_del_vlan_and_vlan_member_in_alias_mode" time="0.085"></testcase><testcase classname="tests.vlan_test.TestVlan" file="tests/vlan_test.py" line="486" name="test_config_vlan_proxy_arp_with_nonexist_vlan_intf_table" time="0.069"></testcase><testcase classname="tests.vlan_test.TestVlan" file="tests/vlan_test.py" line="501" name="test_config_vlan_proxy_arp_with_nonexist_vlan_intf" time="0.068"></testcase><testcase classname="tests.vlan_test.TestVlan" file="tests/vlan_test.py" line="515" name="test_config_vlan_proxy_arp_enable" time="0.115"></testcase><testcase classname="tests.vlan_test.TestVlan" file="tests/vlan_test.py" line="527" name="test_config_vlan_proxy_arp_disable" time="0.118"></testcase><testcase classname="tests.vlan_test.TestVlan" file="tests/vlan_test.py" line="539" name="test_config_2_untagged_vlan_on_same_interface" time="0.074"></testcase><testcase classname="tests.vlan_test.TestVlan" file="tests/vlan_test.py" line="555" name="test_config_set_router_port_on_member_interface" time="0.067"></testcase><testcase classname="tests.vlan_test.TestVlan" file="tests/vlan_test.py" line="567" name="test_config_vlan_add_member_of_portchannel" time="0.070"></testcase><testcase classname="tests.vnet_route_check_test.TestVnetRouteCheck" file="tests/vnet_route_check_test.py" line="375" name="test_vnet_route_check" time="0.220"></testcase><testcase classname="tests.vxlan_test.TestVxlan" file="tests/vxlan_test.py" line="120" name="test_show_vxlan_interface" time="0.017"></testcase><testcase classname="tests.vxlan_test.TestVxlan" file="tests/vxlan_test.py" line="128" name="test_show_vxlan_vlanvnimap" time="0.016"></testcase><testcase classname="tests.vxlan_test.TestVxlan" file="tests/vxlan_test.py" line="136" name="test_show_vxlan_vrfvnimap" time="0.016"></testcase><testcase classname="tests.vxlan_test.TestVxlan" file="tests/vxlan_test.py" line="144" name="test_show_vxlan_tunnel" time="0.009"></testcase><testcase classname="tests.vxlan_test.TestVxlan" file="tests/vxlan_test.py" line="152" name="test_show_vxlan_tunnel_output" time="0.017"></testcase><testcase classname="tests.vxlan_test.TestVxlan" file="tests/vxlan_test.py" line="160" name="test_show_vxlan_name_vtep" time="0.016"></testcase><testcase classname="tests.vxlan_test.TestVxlan" file="tests/vxlan_test.py" line="168" name="test_show_vxlan_remotevni" time="0.004"></testcase><testcase classname="tests.vxlan_test.TestVxlan" file="tests/vxlan_test.py" line="177" name="test_show_vxlan_remotevni_specific" time="0.004"></testcase><testcase classname="tests.vxlan_test.TestVxlan" file="tests/vxlan_test.py" line="185" name="test_show_vxlan_vlanvnimap_cnt" time="0.015"></testcase><testcase classname="tests.vxlan_test.TestVxlan" file="tests/vxlan_test.py" line="193" name="test_show_vxlan_tunnel_cnt" time="0.007"></testcase><testcase classname="tests.vxlan_test.TestVxlan" file="tests/vxlan_test.py" line="201" name="test_show_vxlan_remotevni_cnt" time="0.003"></testcase><testcase classname="tests.vxlan_test.TestVxlan" file="tests/vxlan_test.py" line="209" name="test_show_vxlan_remotevni_specific_cnt" time="0.004"></testcase><testcase classname="tests.vxlan_test.TestVxlan" file="tests/vxlan_test.py" line="217" name="test_config_vxlan_add" time="0.106"></testcase><testcase classname="tests.vxlan_test.TestVxlan" file="tests/vxlan_test.py" line="278" name="test_config_vxlan_del" time="0.027"></testcase><testcase classname="tests.watermarkstat_test.TestWatermarkstat" file="tests/watermarkstat_test.py" line="32" name="test_show_pg_shared_wm" time="0.365"></testcase><testcase classname="tests.watermarkstat_test.TestWatermarkstat" file="tests/watermarkstat_test.py" line="35" name="test_show_pg_headroom_wm" time="0.358"></testcase><testcase classname="tests.watermarkstat_test.TestWatermarkstat" file="tests/watermarkstat_test.py" line="38" name="test_show_queue_unicast_wm" time="0.360"></testcase><testcase classname="tests.watermarkstat_test.TestWatermarkstat" file="tests/watermarkstat_test.py" line="41" name="test_show_queue_multicast_wm" time="0.359"></testcase><testcase classname="tests.watermarkstat_test.TestWatermarkstat" file="tests/watermarkstat_test.py" line="44" name="test_show_queue_multicast_wm_neg" time="0.351"></testcase><testcase classname="tests.watermarkstat_test.TestWatermarkstat" file="tests/watermarkstat_test.py" line="47" name="test_show_queue_all_wm" time="0.363"></testcase><testcase classname="tests.watermarkstat_test.TestWatermarkstat" file="tests/watermarkstat_test.py" line="50" name="test_show_buffer_pool_wm" time="0.360"></testcase><testcase classname="tests.watermarkstat_test.TestWatermarkstat" file="tests/watermarkstat_test.py" line="53" name="test_show_headroom_pool_wm" time="0.360"></testcase><testcase classname="tests.watermarkstat_test.TestWatermarkstat" file="tests/watermarkstat_test.py" line="56" name="test_show_pg_shared_peristent_wm" time="0.362"></testcase><testcase classname="tests.watermarkstat_test.TestWatermarkstat" file="tests/watermarkstat_test.py" line="59" name="test_show_pg_headroom_persistent_wm" time="0.364"></testcase><testcase classname="tests.watermarkstat_test.TestWatermarkstat" file="tests/watermarkstat_test.py" line="62" name="test_show_queue_unicast_persistent_wm" time="0.364"></testcase><testcase classname="tests.watermarkstat_test.TestWatermarkstat" file="tests/watermarkstat_test.py" line="65" name="test_show_queue_multicast_persistent_wm" time="0.367"></testcase><testcase classname="tests.watermarkstat_test.TestWatermarkstat" file="tests/watermarkstat_test.py" line="68" name="test_show_queue_all_persistent_wm" time="0.363"></testcase><testcase classname="tests.watermarkstat_test.TestWatermarkstat" file="tests/watermarkstat_test.py" line="71" name="test_show_buffer_pool_persistent_wm" time="0.361"></testcase><testcase classname="tests.watermarkstat_test.TestWatermarkstat" file="tests/watermarkstat_test.py" line="74" name="test_show_headroom_pool_persistent_wm" time="0.365"></testcase><testcase classname="tests.yang_config_validation_test.TestYangConfigValidation" file="tests/yang_config_validation_test.py" line="16" name="test_yang_config_validation" time="0.032"></testcase><testcase classname="tests.dump_tests.dump_state_test.TestDumpState" file="tests/dump_tests/dump_state_test.py" line="146" name="test_identifier_single" time="0.041"></testcase><testcase classname="tests.dump_tests.dump_state_test.TestDumpState" file="tests/dump_tests/dump_state_test.py" line="158" name="test_identifier_multiple" time="0.011"></testcase><testcase classname="tests.dump_tests.dump_state_test.TestDumpState" file="tests/dump_tests/dump_state_test.py" line="176" name="test_option_key_map" time="0.004"></testcase><testcase classname="tests.dump_tests.dump_state_test.TestDumpState" file="tests/dump_tests/dump_state_test.py" line="187" name="test_option_db_filtering" time="0.005"></testcase><testcase classname="tests.dump_tests.dump_state_test.TestDumpState" file="tests/dump_tests/dump_state_test.py" line="196" name="test_option_tabular_display" time="0.004"></testcase><testcase classname="tests.dump_tests.dump_state_test.TestDumpState" file="tests/dump_tests/dump_state_test.py" line="202" name="test_option_tabular_display_no_db_filter" time="0.004"></testcase><testcase classname="tests.dump_tests.dump_state_test.TestDumpState" file="tests/dump_tests/dump_state_test.py" line="208" name="test_identifier_all_with_filtering" time="0.011"></testcase><testcase classname="tests.dump_tests.dump_state_test.TestDumpState" file="tests/dump_tests/dump_state_test.py" line="220" name="test_namespace_single_asic" time="0.001"></testcase><testcase classname="tests.dump_tests.dump_state_test.TestDumpState" file="tests/dump_tests/dump_state_test.py" line="226" name="test_populate_fv_config_file" time="0.025"></testcase><testcase classname="tests.dump_tests.dump_state_test.TestDumpStateMultiAsic" file="tests/dump_tests/dump_state_test.py" line="300" name="test_default_namespace" time="0.236"></testcase><testcase classname="tests.dump_tests.dump_state_test.TestDumpStateMultiAsic" file="tests/dump_tests/dump_state_test.py" line="311" name="test_namespace_asic0" time="0.006"></testcase><testcase classname="tests.dump_tests.dump_state_test.TestDumpStateMultiAsic" file="tests/dump_tests/dump_state_test.py" line="322" name="test_namespace_asic1" time="0.007"></testcase><testcase classname="tests.dump_tests.dump_state_test.TestDumpStateMultiAsic" file="tests/dump_tests/dump_state_test.py" line="334" name="test_invalid_namespace" time="0.001"></testcase><testcase classname="tests.dump_tests.match_engine_test.TestMatchRequestValidation" file="tests/dump_tests/match_engine_test.py" line="74" name="test_bad_request" time="0.040"></testcase><testcase classname="tests.dump_tests.match_engine_test.TestMatchRequestValidation" file="tests/dump_tests/match_engine_test.py" line="79" name="test_no_source" time="0.001"></testcase><testcase classname="tests.dump_tests.match_engine_test.TestMatchRequestValidation" file="tests/dump_tests/match_engine_test.py" line="82" name="test_vague_source" time="0.001"></testcase><testcase classname="tests.dump_tests.match_engine_test.TestMatchRequestValidation" file="tests/dump_tests/match_engine_test.py" line="85" name="test_no_file" time="0.001"></testcase><testcase classname="tests.dump_tests.match_engine_test.TestMatchRequestValidation" file="tests/dump_tests/match_engine_test.py" line="88" name="test_invalid_db" time="0.001"></testcase><testcase classname="tests.dump_tests.match_engine_test.TestMatchRequestValidation" file="tests/dump_tests/match_engine_test.py" line="91" name="test_invalid_namespace" time="0.001"></testcase><testcase classname="tests.dump_tests.match_engine_test.TestMatchRequestValidation" file="tests/dump_tests/match_engine_test.py" line="95" name="test_bad_key_pattern" time="0.001"></testcase><testcase classname="tests.dump_tests.match_engine_test.TestMatchRequestValidation" file="tests/dump_tests/match_engine_test.py" line="100" name="test_no_value" time="0.001"></testcase><testcase classname="tests.dump_tests.match_engine_test.TestMatchRequestValidation" file="tests/dump_tests/match_engine_test.py" line="103" name="test_no_table" time="0.001"></testcase><testcase classname="tests.dump_tests.match_engine_test.TestMatchRequestValidation" file="tests/dump_tests/match_engine_test.py" line="106" name="test_just_keys_return_fields_compat" time="0.001"></testcase><testcase classname="tests.dump_tests.match_engine_test.TestMatchRequestValidation" file="tests/dump_tests/match_engine_test.py" line="110" name="test_invalid_combination" time="0.001"></testcase><testcase classname="tests.dump_tests.match_engine_test.TestMatchRequestValidation" file="tests/dump_tests/match_engine_test.py" line="115" name="test_return_fields_bad_format" time="0.001"></testcase><testcase classname="tests.dump_tests.match_engine_test.TestMatchRequestValidation" file="tests/dump_tests/match_engine_test.py" line="118" name="test_valid_match_request" time="0.001"></testcase><testcase classname="tests.dump_tests.match_engine_test.TestMatchEngine" file="tests/dump_tests/match_engine_test.py" line="127" name="test_key_pattern_wildcard" time="0.001"></testcase><testcase classname="tests.dump_tests.match_engine_test.TestMatchEngine" file="tests/dump_tests/match_engine_test.py" line="135" name="test_key_pattern_complex" time="0.001"></testcase><testcase classname="tests.dump_tests.match_engine_test.TestMatchEngine" file="tests/dump_tests/match_engine_test.py" line="143" name="test_field_value_match" time="0.001"></testcase><testcase classname="tests.dump_tests.match_engine_test.TestMatchEngine" file="tests/dump_tests/match_engine_test.py" line="150" name="test_field_value_match_list_type" time="0.001"></testcase><testcase classname="tests.dump_tests.match_engine_test.TestMatchEngine" file="tests/dump_tests/match_engine_test.py" line="157" name="test_for_no_match" time="0.001"></testcase><testcase classname="tests.dump_tests.match_engine_test.TestMatchEngine" file="tests/dump_tests/match_engine_test.py" line="163" name="test_for_no_key_match" time="0.001"></testcase><testcase classname="tests.dump_tests.match_engine_test.TestMatchEngine" file="tests/dump_tests/match_engine_test.py" line="168" name="test_field_value_no_match" time="0.001"></testcase><testcase classname="tests.dump_tests.match_engine_test.TestMatchEngine" file="tests/dump_tests/match_engine_test.py" line="174" name="test_return_keys" time="0.001"></testcase><testcase classname="tests.dump_tests.match_engine_test.TestMatchEngine" file="tests/dump_tests/match_engine_test.py" line="182" name="test_return_fields_with_key_filtering" time="0.001"></testcase><testcase classname="tests.dump_tests.match_engine_test.TestMatchEngine" file="tests/dump_tests/match_engine_test.py" line="189" name="test_return_fields_with_field_value_filtering" time="0.001"></testcase><testcase classname="tests.dump_tests.match_engine_test.TestMatchEngine" file="tests/dump_tests/match_engine_test.py" line="196" name="test_return_fields_with_all_filtering" time="0.001"></testcase><testcase classname="tests.dump_tests.match_engine_test.TestMatchEngine" file="tests/dump_tests/match_engine_test.py" line="205" name="test_just_keys_false" time="0.002"></testcase><testcase classname="tests.dump_tests.match_engine_test.TestMatchEngine" file="tests/dump_tests/match_engine_test.py" line="216" name="test_file_source" time="0.001"></testcase><testcase classname="tests.dump_tests.match_engine_test.TestMatchEngine" file="tests/dump_tests/match_engine_test.py" line="224" name="test_file_source_with_key_ptrn" time="0.001"></testcase><testcase classname="tests.dump_tests.match_engine_test.TestMatchEngine" file="tests/dump_tests/match_engine_test.py" line="232" name="test_file_source_with_not_only_return_keys" time="0.002"></testcase><testcase classname="tests.dump_tests.match_engine_test.TestMatchEngine" file="tests/dump_tests/match_engine_test.py" line="243" name="test_match_entire_list" time="0.001"></testcase><testcase classname="tests.dump_tests.match_engine_test.TestNonDefaultNameSpace" file="tests/dump_tests/match_engine_test.py" line="253" name="test_namespace_asic0" time="0.003"></testcase><testcase classname="tests.dump_tests.match_engine_test.TestNonDefaultNameSpace" file="tests/dump_tests/match_engine_test.py" line="261" name="test_namespace_asic1" time="0.002"></testcase><testcase classname="tests.dump_tests.match_engine_test.TestMatchEngineOptimizer" file="tests/dump_tests/match_engine_test.py" line="271" name="test_caching" time="0.002"></testcase><testcase classname="tests.dump_tests.match_engine_test.TestMatchEngineOptimizer" file="tests/dump_tests/match_engine_test.py" line="291" name="test_missing_field" time="0.002"></testcase><testcase classname="tests.dump_tests.module_tests.acl_test.TestAclTableModule" file="tests/dump_tests/module_tests/acl_test.py" line="51" name="test_basic" time="0.039"></testcase><testcase classname="tests.dump_tests.module_tests.acl_test.TestAclTableModule" file="tests/dump_tests/module_tests/acl_test.py" line="68" name="test_no_counter_mapping" time="0.002"></testcase><testcase classname="tests.dump_tests.module_tests.acl_test.TestAclTableModule" file="tests/dump_tests/module_tests/acl_test.py" line="80" name="test_with_table_type" time="0.005"></testcase><testcase classname="tests.dump_tests.module_tests.acl_test.TestAclRuleModule" file="tests/dump_tests/module_tests/acl_test.py" line="100" name="test_basic" time="0.036"></testcase><testcase classname="tests.dump_tests.module_tests.acl_test.TestAclRuleModule" file="tests/dump_tests/module_tests/acl_test.py" line="114" name="test_with_ranges" time="0.004"></testcase><testcase classname="tests.dump_tests.module_tests.copp_test.TestCoppModule" file="tests/dump_tests/module_tests/copp_test.py" line="61" name="test_usr_cfg_trap_and_copp_cfg_file_grp" time="0.036"></testcase><testcase classname="tests.dump_tests.module_tests.copp_test.TestCoppModule" file="tests/dump_tests/module_tests/copp_test.py" line="79" name="test_copp_cfg_file_trap_and_copp_cfg_file_grp" time="0.007"></testcase><testcase classname="tests.dump_tests.module_tests.copp_test.TestCoppModule" file="tests/dump_tests/module_tests/copp_test.py" line="96" name="test_copp_cfg_file_trap_and_copp_cfg_file_grp_with_diff" time="0.009"></testcase><testcase classname="tests.dump_tests.module_tests.copp_test.TestCoppModule" file="tests/dump_tests/module_tests/copp_test.py" line="116" name="test_usr_cfg_trap_with_missing_group" time="0.006"></testcase><testcase classname="tests.dump_tests.module_tests.copp_test.TestCoppModule" file="tests/dump_tests/module_tests/copp_test.py" line="133" name="test_copp_cfg_file_group_and_copp_cfg_file_trap_with_diff" time="0.007"></testcase><testcase classname="tests.dump_tests.module_tests.copp_test.TestCoppModule" file="tests/dump_tests/module_tests/copp_test.py" line="152" name="test_invalid_trap_id" time="0.005"></testcase><testcase classname="tests.dump_tests.module_tests.copp_test.TestCoppModule" file="tests/dump_tests/module_tests/copp_test.py" line="166" name="test_missing_asic_dump" time="0.005"></testcase><testcase classname="tests.dump_tests.module_tests.copp_test.TestCoppModule" file="tests/dump_tests/module_tests/copp_test.py" line="180" name="test_missing_appl" time="0.007"></testcase><testcase classname="tests.dump_tests.module_tests.copp_test.TestCoppModule" file="tests/dump_tests/module_tests/copp_test.py" line="193" name="test_missing_state" time="0.008"></testcase><testcase classname="tests.dump_tests.module_tests.copp_test.TestCoppModule" file="tests/dump_tests/module_tests/copp_test.py" line="207" name="test_all_args" time="0.003"></testcase><testcase classname="tests.dump_tests.module_tests.evpn_test.TestEvpnModule" file="tests/dump_tests/module_tests/evpn_test.py" line="54" name="test_working_state" time="0.018"></testcase><testcase classname="tests.dump_tests.module_tests.evpn_test.TestEvpnModule" file="tests/dump_tests/module_tests/evpn_test.py" line="73" name="test_missing_asic_evpn_info" time="0.004"></testcase><testcase classname="tests.dump_tests.module_tests.evpn_test.TestEvpnModule" file="tests/dump_tests/module_tests/evpn_test.py" line="89" name="test_missing_asic_evpn_term" time="0.005"></testcase><testcase classname="tests.dump_tests.module_tests.evpn_test.TestEvpnModule" file="tests/dump_tests/module_tests/evpn_test.py" line="108" name="test_missing_state" time="0.005"></testcase><testcase classname="tests.dump_tests.module_tests.evpn_test.TestEvpnModule" file="tests/dump_tests/module_tests/evpn_test.py" line="127" name="test_no_evpn" time="0.004"></testcase><testcase classname="tests.dump_tests.module_tests.evpn_test.TestEvpnModule" file="tests/dump_tests/module_tests/evpn_test.py" line="143" name="test_all_args" time="0.002"></testcase><testcase classname="tests.dump_tests.module_tests.fdb_test.TestFdbModule" file="tests/dump_tests/module_tests/fdb_test.py" line="59" name="test_fdb_asic_learn_state" time="0.017"></testcase><testcase classname="tests.dump_tests.module_tests.fdb_test.TestFdbModule" file="tests/dump_tests/module_tests/fdb_test.py" line="73" name="test_fdb_app_program_state" time="0.006"></testcase><testcase classname="tests.dump_tests.module_tests.fdb_test.TestFdbModule" file="tests/dump_tests/module_tests/fdb_test.py" line="88" name="test_fdb_evpn_learn_state" time="0.006"></testcase><testcase classname="tests.dump_tests.module_tests.fdb_test.TestFdbModule" file="tests/dump_tests/module_tests/fdb_test.py" line="103" name="test_fdb_mclag_sync_state" time="0.006"></testcase><testcase classname="tests.dump_tests.module_tests.fdb_test.TestFdbModule" file="tests/dump_tests/module_tests/fdb_test.py" line="118" name="test_missing_asic_bridgeport" time="0.006"></testcase><testcase classname="tests.dump_tests.module_tests.fdb_test.TestFdbModule" file="tests/dump_tests/module_tests/fdb_test.py" line="132" name="test_missing_asic_vlan" time="0.005"></testcase><testcase classname="tests.dump_tests.module_tests.fdb_test.TestFdbModule" file="tests/dump_tests/module_tests/fdb_test.py" line="146" name="test_missing_asic" time="0.005"></testcase><testcase classname="tests.dump_tests.module_tests.fdb_test.TestFdbModule" file="tests/dump_tests/module_tests/fdb_test.py" line="160" name="test_no_fdb" time="0.005"></testcase><testcase classname="tests.dump_tests.module_tests.fdb_test.TestFdbModule" file="tests/dump_tests/module_tests/fdb_test.py" line="174" name="test_invalid_key" time="0.004"></testcase><testcase classname="tests.dump_tests.module_tests.fdb_test.TestFdbModule" file="tests/dump_tests/module_tests/fdb_test.py" line="188" name="test_invalid_mac" time="0.004"></testcase><testcase classname="tests.dump_tests.module_tests.fdb_test.TestFdbModule" file="tests/dump_tests/module_tests/fdb_test.py" line="202" name="test_invalid_vlan" time="0.005"></testcase><testcase classname="tests.dump_tests.module_tests.fdb_test.TestFdbModule" file="tests/dump_tests/module_tests/fdb_test.py" line="216" name="test_all_args" time="0.002"></testcase><testcase classname="tests.dump_tests.module_tests.interface_test.TestInterfaceModule" file="tests/dump_tests/module_tests/interface_test.py" line="58" name="test_port_type_interface" time="0.034"></testcase><testcase classname="tests.dump_tests.module_tests.interface_test.TestInterfaceModule" file="tests/dump_tests/module_tests/interface_test.py" line="73" name="test_vlan_type_interface" time="0.006"></testcase><testcase classname="tests.dump_tests.module_tests.interface_test.TestInterfaceModule" file="tests/dump_tests/module_tests/interface_test.py" line="88" name="test_lag_type_interface_no_members" time="0.007"></testcase><testcase classname="tests.dump_tests.module_tests.interface_test.TestInterfaceModule" file="tests/dump_tests/module_tests/interface_test.py" line="103" name="test_lag_type_interface" time="0.008"></testcase><testcase classname="tests.dump_tests.module_tests.interface_test.TestInterfaceModule" file="tests/dump_tests/module_tests/interface_test.py" line="118" name="test_subintf_type_interface" time="0.007"></testcase><testcase classname="tests.dump_tests.module_tests.interface_test.TestInterfaceModule" file="tests/dump_tests/module_tests/interface_test.py" line="133" name="test_no_interface" time="0.006"></testcase><testcase classname="tests.dump_tests.module_tests.interface_test.TestInterfaceModule" file="tests/dump_tests/module_tests/interface_test.py" line="148" name="test_invalid_interface" time="0.005"></testcase><testcase classname="tests.dump_tests.module_tests.interface_test.TestInterfaceModule" file="tests/dump_tests/module_tests/interface_test.py" line="167" name="test_loopback_interface" time="0.006"></testcase><testcase classname="tests.dump_tests.module_tests.interface_test.TestInterfaceModule" file="tests/dump_tests/module_tests/interface_test.py" line="181" name="test_subintf_with_invalid_vlan" time="0.006"></testcase><testcase classname="tests.dump_tests.module_tests.interface_test.TestInterfaceModule" file="tests/dump_tests/module_tests/interface_test.py" line="196" name="test_all_args" time="0.002"></testcase><testcase classname="tests.dump_tests.module_tests.port_test.TestPortModule" file="tests/dump_tests/module_tests/port_test.py" line="59" name="test_working_state" time="0.031"></testcase><testcase classname="tests.dump_tests.module_tests.port_test.TestPortModule" file="tests/dump_tests/module_tests/port_test.py" line="75" name="test_missing_asic_port" time="0.004"></testcase><testcase classname="tests.dump_tests.module_tests.port_test.TestPortModule" file="tests/dump_tests/module_tests/port_test.py" line="91" name="test_missing_asic_hostif" time="0.004"></testcase><testcase classname="tests.dump_tests.module_tests.port_test.TestPortModule" file="tests/dump_tests/module_tests/port_test.py" line="107" name="test_missing_state_and_appl" time="0.003"></testcase><testcase classname="tests.dump_tests.module_tests.port_test.TestPortModule" file="tests/dump_tests/module_tests/port_test.py" line="123" name="test_no_port" time="0.004"></testcase><testcase classname="tests.dump_tests.module_tests.port_test.TestPortModule" file="tests/dump_tests/module_tests/port_test.py" line="139" name="test_all_args" time="0.002"></testcase><testcase classname="tests.dump_tests.module_tests.portchannel_member_test.TestPortChannelMemberModule" file="tests/dump_tests/module_tests/portchannel_member_test.py" line="57" name="test_get_all_args" time="0.028"></testcase><testcase classname="tests.dump_tests.module_tests.portchannel_member_test.TestPortChannelMemberModule" file="tests/dump_tests/module_tests/portchannel_member_test.py" line="67" name="test_missing_appl_state_asic" time="0.005"></testcase><testcase classname="tests.dump_tests.module_tests.portchannel_member_test.TestPortChannelMemberModule" file="tests/dump_tests/module_tests/portchannel_member_test.py" line="82" name="test_working_config" time="0.005"></testcase><testcase classname="tests.dump_tests.module_tests.portchannel_test.TestPortChannelModule" file="tests/dump_tests/module_tests/portchannel_test.py" line="57" name="test_get_all_args" time="0.028"></testcase><testcase classname="tests.dump_tests.module_tests.portchannel_test.TestPortChannelModule" file="tests/dump_tests/module_tests/portchannel_test.py" line="67" name="test_missing_appl_state_asic" time="0.005"></testcase><testcase classname="tests.dump_tests.module_tests.portchannel_test.TestPortChannelModule" file="tests/dump_tests/module_tests/portchannel_test.py" line="82" name="test_lag_with_no_members" time="0.005"></testcase><testcase classname="tests.dump_tests.module_tests.portchannel_test.TestPortChannelModule" file="tests/dump_tests/module_tests/portchannel_test.py" line="98" name="test_lag_with_members" time="0.007"></testcase><testcase classname="tests.dump_tests.module_tests.route_test.TestRouteModule" file="tests/dump_tests/module_tests/route_test.py" line="61" name="test_static_route" time="0.027"></testcase><testcase classname="tests.dump_tests.module_tests.route_test.TestRouteModule" file="tests/dump_tests/module_tests/route_test.py" line="81" name="test_ip2me_route" time="0.005"></testcase><testcase classname="tests.dump_tests.module_tests.route_test.TestRouteModule" file="tests/dump_tests/module_tests/route_test.py" line="101" name="test_directly_connected_route" time="0.005"></testcase><testcase classname="tests.dump_tests.module_tests.route_test.TestRouteModule" file="tests/dump_tests/module_tests/route_test.py" line="120" name="test_route_with_next_hop" time="0.005"></testcase><testcase classname="tests.dump_tests.module_tests.route_test.TestRouteModule" file="tests/dump_tests/module_tests/route_test.py" line="140" name="test_no_next_hop_id" time="0.004"></testcase><testcase classname="tests.dump_tests.module_tests.route_test.TestRouteModule" file="tests/dump_tests/module_tests/route_test.py" line="181" name="test_route_with_next_hop_group" time="0.012"></testcase><testcase classname="tests.dump_tests.module_tests.route_test.TestRouteModule" file="tests/dump_tests/module_tests/route_test.py" line="198" name="test_caching_redis_keys" time="0.016"></testcase><testcase classname="tests.dump_tests.module_tests.route_test.TestRouteModule" file="tests/dump_tests/module_tests/route_test.py" line="252" name="test_no_route_entry" time="0.004"></testcase><testcase classname="tests.dump_tests.module_tests.route_test.TestRouteModule" file="tests/dump_tests/module_tests/route_test.py" line="283" name="test_route_with_nhgrp_appl_table" time="0.005"></testcase><testcase classname="tests.dump_tests.module_tests.route_test.TestRouteModule" file="tests/dump_tests/module_tests/route_test.py" line="302" name="test_all_args" time="0.002"></testcase><testcase classname="tests.dump_tests.module_tests.vlan_test.TestVlanModule" file="tests/dump_tests/module_tests/vlan_test.py" line="62" name="test_working_state_vlan" time="0.031"></testcase><testcase classname="tests.dump_tests.module_tests.vlan_test.TestVlanModule" file="tests/dump_tests/module_tests/vlan_test.py" line="76" name="test_working_state_vlan_member1" time="0.006"></testcase><testcase classname="tests.dump_tests.module_tests.vlan_test.TestVlanModule" file="tests/dump_tests/module_tests/vlan_test.py" line="91" name="test_working_state_vlan_member2" time="0.006"></testcase><testcase classname="tests.dump_tests.module_tests.vlan_test.TestVlanModule" file="tests/dump_tests/module_tests/vlan_test.py" line="107" name="test_working_state_vlan_member_wildcard" time="0.005"></testcase><testcase classname="tests.dump_tests.module_tests.vlan_test.TestVlanModule" file="tests/dump_tests/module_tests/vlan_test.py" line="125" name="test_missing_members" time="0.004"></testcase><testcase classname="tests.dump_tests.module_tests.vlan_test.TestVlanModule" file="tests/dump_tests/module_tests/vlan_test.py" line="139" name="test_wrong_case_vlan" time="0.004"></testcase><testcase classname="tests.dump_tests.module_tests.vlan_test.TestVlanModule" file="tests/dump_tests/module_tests/vlan_test.py" line="153" name="test_wrong_case_vlan_member" time="0.004"></testcase><testcase classname="tests.dump_tests.module_tests.vlan_test.TestVlanModule" file="tests/dump_tests/module_tests/vlan_test.py" line="168" name="test_unconfigured_vlan" time="0.004"></testcase><testcase classname="tests.dump_tests.module_tests.vlan_test.TestVlanModule" file="tests/dump_tests/module_tests/vlan_test.py" line="182" name="test_unconfigured_vlan_member" time="0.006"></testcase><testcase classname="tests.dump_tests.module_tests.vlan_test.TestVlanModule" file="tests/dump_tests/module_tests/vlan_test.py" line="197" name="test_garbage_alpha_vlan" time="0.004"></testcase><testcase classname="tests.dump_tests.module_tests.vlan_test.TestVlanModule" file="tests/dump_tests/module_tests/vlan_test.py" line="211" name="test_garbage_alpha_vlan_member" time="0.003"></testcase><testcase classname="tests.dump_tests.module_tests.vlan_test.TestVlanModule" file="tests/dump_tests/module_tests/vlan_test.py" line="226" name="test_garbage_number_vlan" time="0.004"></testcase><testcase classname="tests.dump_tests.module_tests.vlan_test.TestVlanModule" file="tests/dump_tests/module_tests/vlan_test.py" line="240" name="test_garbage_number_vlan_member" time="0.003"></testcase><testcase classname="tests.dump_tests.module_tests.vlan_test.TestVlanModule" file="tests/dump_tests/module_tests/vlan_test.py" line="256" name="test_missing_appl_db" time="0.004"></testcase><testcase classname="tests.dump_tests.module_tests.vlan_test.TestVlanModule" file="tests/dump_tests/module_tests/vlan_test.py" line="270" name="test_missing_appl_db_member" time="0.006"></testcase><testcase classname="tests.dump_tests.module_tests.vlan_test.TestVlanModule" file="tests/dump_tests/module_tests/vlan_test.py" line="286" name="test_missing_state_db" time="0.004"></testcase><testcase classname="tests.dump_tests.module_tests.vlan_test.TestVlanModule" file="tests/dump_tests/module_tests/vlan_test.py" line="300" name="test_missing_state_db_member" time="0.006"></testcase><testcase classname="tests.dump_tests.module_tests.vlan_test.TestVlanModule" file="tests/dump_tests/module_tests/vlan_test.py" line="316" name="test_missing_asic_db" time="0.004"></testcase><testcase classname="tests.dump_tests.module_tests.vlan_test.TestVlanModule" file="tests/dump_tests/module_tests/vlan_test.py" line="330" name="test_missing_asic_db_member" time="0.004"></testcase><testcase classname="tests.dump_tests.module_tests.vlan_test.TestVlanModule" file="tests/dump_tests/module_tests/vlan_test.py" line="345" name="test_all_args" time="0.002"></testcase><testcase classname="tests.dump_tests.module_tests.vlan_test.TestVlanModule" file="tests/dump_tests/module_tests/vlan_test.py" line="353" name="test_all_args_member" time="0.002"></testcase><testcase classname="tests.dump_tests.module_tests.vxlan_tunnel_map_test.TestVxlantunnelmapModule" file="tests/dump_tests/module_tests/vxlan_tunnel_map_test.py" line="54" name="test_working_state" time="0.025"></testcase><testcase classname="tests.dump_tests.module_tests.vxlan_tunnel_map_test.TestVxlantunnelmapModule" file="tests/dump_tests/module_tests/vxlan_tunnel_map_test.py" line="69" name="test_missing_asic_vxlan_tunnel_map_entry" time="0.004"></testcase><testcase classname="tests.dump_tests.module_tests.vxlan_tunnel_map_test.TestVxlantunnelmapModule" file="tests/dump_tests/module_tests/vxlan_tunnel_map_test.py" line="84" name="test_missing_appl" time="0.004"></testcase><testcase classname="tests.dump_tests.module_tests.vxlan_tunnel_map_test.TestVxlantunnelmapModule" file="tests/dump_tests/module_tests/vxlan_tunnel_map_test.py" line="99" name="test_no_vxlan_tunnel_map" time="0.003"></testcase><testcase classname="tests.dump_tests.module_tests.vxlan_tunnel_map_test.TestVxlantunnelmapModule" file="tests/dump_tests/module_tests/vxlan_tunnel_map_test.py" line="114" name="test_all_args" time="0.002"></testcase><testcase classname="tests.dump_tests.module_tests.vxlan_tunnel_test.TestVxlantunnelModule" file="tests/dump_tests/module_tests/vxlan_tunnel_test.py" line="54" name="test_working_state" time="0.032"></testcase><testcase classname="tests.dump_tests.module_tests.vxlan_tunnel_test.TestVxlantunnelModule" file="tests/dump_tests/module_tests/vxlan_tunnel_test.py" line="74" name="test_missing_asic_vxlan_tunnel" time="0.005"></testcase><testcase classname="tests.dump_tests.module_tests.vxlan_tunnel_test.TestVxlantunnelModule" file="tests/dump_tests/module_tests/vxlan_tunnel_test.py" line="91" name="test_missing_asic_vxlan_tunnel_term" time="0.007"></testcase><testcase classname="tests.dump_tests.module_tests.vxlan_tunnel_test.TestVxlantunnelModule" file="tests/dump_tests/module_tests/vxlan_tunnel_test.py" line="111" name="test_missing_asic_vxlan_tunnel_map" time="0.005"></testcase><testcase classname="tests.dump_tests.module_tests.vxlan_tunnel_test.TestVxlantunnelModule" file="tests/dump_tests/module_tests/vxlan_tunnel_test.py" line="128" name="test_missing_appl" time="0.004"></testcase><testcase classname="tests.dump_tests.module_tests.vxlan_tunnel_test.TestVxlantunnelModule" file="tests/dump_tests/module_tests/vxlan_tunnel_test.py" line="145" name="test_no_vxlan_tunnel" time="0.004"></testcase><testcase classname="tests.dump_tests.module_tests.vxlan_tunnel_test.TestVxlantunnelModule" file="tests/dump_tests/module_tests/vxlan_tunnel_test.py" line="162" name="test_all_args" time="0.002"></testcase><testcase classname="tests.generic_config_updater.change_applier_test.TestChangeApplier" file="tests/generic_config_updater/change_applier_test.py" line="215" name="test_change_apply" time="0.021"></testcase><testcase classname="tests.generic_config_updater.change_applier_test.TestDryRunChangeApplier" file="tests/generic_config_updater/change_applier_test.py" line="275" name="test_apply__calls_apply_change_to_config_db" time="0.002"></testcase><testcase classname="tests.generic_config_updater.generic_updater_test.TestPatchApplier" file="tests/generic_config_updater/generic_updater_test.py" line="16" name="test_apply__invalid_patch_producing_empty_tables__failure" time="0.004"></testcase><testcase classname="tests.generic_config_updater.generic_updater_test.TestPatchApplier" file="tests/generic_config_updater/generic_updater_test.py" line="23" name="test_apply__json_not_fully_updated__failure" time="0.006"></testcase><testcase classname="tests.generic_config_updater.generic_updater_test.TestPatchApplier" file="tests/generic_config_updater/generic_updater_test.py" line="30" name="test_apply__no_errors__update_successful" time="0.006"></testcase><testcase classname="tests.generic_config_updater.generic_updater_test.TestConfigReplacer" file="tests/generic_config_updater/generic_updater_test.py" line="79" name="test_replace__json_not_fully_updated__failure" time="0.004"></testcase><testcase classname="tests.generic_config_updater.generic_updater_test.TestConfigReplacer" file="tests/generic_config_updater/generic_updater_test.py" line="86" name="test_replace__no_errors__update_successful" time="0.005"></testcase><testcase classname="tests.generic_config_updater.generic_updater_test.TestFileSystemConfigRollbacker" file="tests/generic_config_updater/generic_updater_test.py" line="157" name="test_checkpoint__checkpoints_dir_does_not_exist__checkpoint_created" time="0.002"></testcase><testcase classname="tests.generic_config_updater.generic_updater_test.TestFileSystemConfigRollbacker" file="tests/generic_config_updater/generic_updater_test.py" line="169" name="test_checkpoint__checkpoints_dir_exists__checkpoint_created" time="0.002"></testcase><testcase classname="tests.generic_config_updater.generic_updater_test.TestFileSystemConfigRollbacker" file="tests/generic_config_updater/generic_updater_test.py" line="237" name="test_delete_checkpoint__checkpoint_does_not_exist__failure" time="0.002"></testcase><testcase classname="tests.generic_config_updater.generic_updater_test.TestFileSystemConfigRollbacker" file="tests/generic_config_updater/generic_updater_test.py" line="244" name="test_delete_checkpoint__checkpoint_exist__success" time="0.002"></testcase><testcase classname="tests.generic_config_updater.generic_updater_test.TestFileSystemConfigRollbacker" file="tests/generic_config_updater/generic_updater_test.py" line="180" name="test_list_checkpoints__checkpoints_dir_does_not_exist__empty_list" time="0.002"></testcase><testcase classname="tests.generic_config_updater.generic_updater_test.TestFileSystemConfigRollbacker" file="tests/generic_config_updater/generic_updater_test.py" line="193" name="test_list_checkpoints__checkpoints_dir_exist_but_no_files__empty_list" time="0.002"></testcase><testcase classname="tests.generic_config_updater.generic_updater_test.TestFileSystemConfigRollbacker" file="tests/generic_config_updater/generic_updater_test.py" line="206" name="test_list_checkpoints__checkpoints_dir_has_multiple_files__multiple_files" time="0.002"></testcase><testcase classname="tests.generic_config_updater.generic_updater_test.TestFileSystemConfigRollbacker" file="tests/generic_config_updater/generic_updater_test.py" line="221" name="test_list_checkpoints__checkpoints_names_have_special_characters__multiple_files" time="0.002"></testcase><testcase classname="tests.generic_config_updater.generic_updater_test.TestFileSystemConfigRollbacker" file="tests/generic_config_updater/generic_updater_test.py" line="256" name="test_multiple_operations" time="0.003"></testcase><testcase classname="tests.generic_config_updater.generic_updater_test.TestFileSystemConfigRollbacker" file="tests/generic_config_updater/generic_updater_test.py" line="138" name="test_rollback__checkpoint_does_not_exist__failure" time="0.002"></testcase><testcase classname="tests.generic_config_updater.generic_updater_test.TestFileSystemConfigRollbacker" file="tests/generic_config_updater/generic_updater_test.py" line="145" name="test_rollback__no_errors__success" time="0.002"></testcase><testcase classname="tests.generic_config_updater.generic_updater_test.TestGenericUpdateFactory" file="tests/generic_config_updater/generic_updater_test.py" line="363" name="test_create_config_replacer__different_options" time="1.592"></testcase><testcase classname="tests.generic_config_updater.generic_updater_test.TestGenericUpdateFactory" file="tests/generic_config_updater/generic_updater_test.py" line="350" name="test_create_config_replacer__invalid_config_format__failure" time="0.001"></testcase><testcase classname="tests.generic_config_updater.generic_updater_test.TestGenericUpdateFactory" file="tests/generic_config_updater/generic_updater_test.py" line="381" name="test_create_config_rollbacker__different_options" time="0.458"></testcase><testcase classname="tests.generic_config_updater.generic_updater_test.TestGenericUpdateFactory" file="tests/generic_config_updater/generic_updater_test.py" line="332" name="test_create_patch_applier__different_options" time="1.595"></testcase><testcase classname="tests.generic_config_updater.generic_updater_test.TestGenericUpdateFactory" file="tests/generic_config_updater/generic_updater_test.py" line="319" name="test_create_patch_applier__invalid_config_format__failure" time="0.001"></testcase><testcase classname="tests.generic_config_updater.generic_updater_test.TestGenericUpdater" file="tests/generic_config_updater/generic_updater_test.py" line="525" name="test_apply_patch__creates_applier_and_apply" time="0.002"></testcase><testcase classname="tests.generic_config_updater.generic_updater_test.TestGenericUpdater" file="tests/generic_config_updater/generic_updater_test.py" line="603" name="test_checkpoint__creates_rollbacker_and_checkpoint" time="0.001"></testcase><testcase classname="tests.generic_config_updater.generic_updater_test.TestGenericUpdater" file="tests/generic_config_updater/generic_updater_test.py" line="620" name="test_delete_checkpoint__creates_rollbacker_and_deletes_checkpoint" time="0.001"></testcase><testcase classname="tests.generic_config_updater.generic_updater_test.TestGenericUpdater" file="tests/generic_config_updater/generic_updater_test.py" line="637" name="test_list_checkpoints__creates_rollbacker_and_list_checkpoints" time="0.001"></testcase><testcase classname="tests.generic_config_updater.generic_updater_test.TestGenericUpdater" file="tests/generic_config_updater/generic_updater_test.py" line="552" name="test_replace__creates_replacer_and_replace" time="0.002"></testcase><testcase classname="tests.generic_config_updater.generic_updater_test.TestGenericUpdater" file="tests/generic_config_updater/generic_updater_test.py" line="579" name="test_rollback__creates_rollbacker_and_rollback" time="0.002"></testcase><testcase classname="tests.generic_config_updater.generic_updater_test.TestDecorator" file="tests/generic_config_updater/generic_updater_test.py" line="670" name="test_apply__calls_decorated_applier" time="0.046"></testcase><testcase classname="tests.generic_config_updater.generic_updater_test.TestDecorator" file="tests/generic_config_updater/generic_updater_test.py" line="691" name="test_checkpoint__calls_decorated_rollbacker" time="0.045"></testcase><testcase classname="tests.generic_config_updater.generic_updater_test.TestDecorator" file="tests/generic_config_updater/generic_updater_test.py" line="698" name="test_delete_checkpoint__calls_decorated_rollbacker" time="0.045"></testcase><testcase classname="tests.generic_config_updater.generic_updater_test.TestDecorator" file="tests/generic_config_updater/generic_updater_test.py" line="705" name="test_list_checkpoints__calls_decorated_rollbacker" time="0.044"></testcase><testcase classname="tests.generic_config_updater.generic_updater_test.TestDecorator" file="tests/generic_config_updater/generic_updater_test.py" line="677" name="test_replace__calls_decorated_replacer" time="0.046"></testcase><testcase classname="tests.generic_config_updater.generic_updater_test.TestDecorator" file="tests/generic_config_updater/generic_updater_test.py" line="684" name="test_rollback__calls_decorated_rollbacker" time="0.045"></testcase><testcase classname="tests.generic_config_updater.generic_updater_test.TestSonicYangDecorator" file="tests/generic_config_updater/generic_updater_test.py" line="717" name="test_apply__converts_to_config_db_and_calls_decorated_class" time="0.046"></testcase><testcase classname="tests.generic_config_updater.generic_updater_test.TestSonicYangDecorator" file="tests/generic_config_updater/generic_updater_test.py" line="730" name="test_replace__converts_to_config_db_and_calls_decorated_class" time="0.046"></testcase><testcase classname="tests.generic_config_updater.generic_updater_test.TestConfigLockDecorator" file="tests/generic_config_updater/generic_updater_test.py" line="767" name="test_apply__lock_config" time="0.048"></testcase><testcase classname="tests.generic_config_updater.generic_updater_test.TestConfigLockDecorator" file="tests/generic_config_updater/generic_updater_test.py" line="804" name="test_checkpoint__lock_config" time="0.046"></testcase><testcase classname="tests.generic_config_updater.generic_updater_test.TestConfigLockDecorator" file="tests/generic_config_updater/generic_updater_test.py" line="780" name="test_replace__lock_config" time="0.046"></testcase><testcase classname="tests.generic_config_updater.generic_updater_test.TestConfigLockDecorator" file="tests/generic_config_updater/generic_updater_test.py" line="792" name="test_rollback__lock_config" time="0.046"></testcase><testcase classname="tests.generic_config_updater.gu_common_test.TestDryRunConfigWrapper" file="tests/generic_config_updater/gu_common_test.py" line="33" name="test_apply_change_to_config_db__multiple_calls__changes_imitated_config_db" time="0.003"></testcase><testcase classname="tests.generic_config_updater.gu_common_test.TestDryRunConfigWrapper" file="tests/generic_config_updater/gu_common_test.py" line="11" name="test_get_config_db_as_json__returns_imitated_config_db" time="0.001"></testcase><testcase classname="tests.generic_config_updater.gu_common_test.TestDryRunConfigWrapper" file="tests/generic_config_updater/gu_common_test.py" line="22" name="test_get_sonic_yang_as_json__returns_imitated_config_db_as_yang" time="0.171"></testcase><testcase classname="tests.generic_config_updater.gu_common_test.TestConfigWrapper" file="tests/generic_config_updater/gu_common_test.py" line="75" name="test_convert_config_db_to_sonic_yang__empty_config_db__returns_empty_sonic_yang" time="0.166"></testcase><testcase classname="tests.generic_config_updater.gu_common_test.TestConfigWrapper" file="tests/generic_config_updater/gu_common_test.py" line="86" name="test_convert_config_db_to_sonic_yang__non_empty_config_db__returns_sonic_yang_as_json" time="0.168"></testcase><testcase classname="tests.generic_config_updater.gu_common_test.TestConfigWrapper" file="tests/generic_config_updater/gu_common_test.py" line="97" name="test_convert_sonic_yang_to_config_db__empty_sonic_yang__returns_empty_config_db" time="0.166"></testcase><testcase classname="tests.generic_config_updater.gu_common_test.TestConfigWrapper" file="tests/generic_config_updater/gu_common_test.py" line="108" name="test_convert_sonic_yang_to_config_db__non_empty_sonic_yang__returns_config_db_as_json" time="0.167"></testcase><testcase classname="tests.generic_config_updater.gu_common_test.TestConfigWrapper" file="tests/generic_config_updater/gu_common_test.py" line="130" name="test_convert_sonic_yang_to_config_db__table_name_with_unexpected_colons__returns_config_db_as_json" time="0.167"></testcase><testcase classname="tests.generic_config_updater.gu_common_test.TestConfigWrapper" file="tests/generic_config_updater/gu_common_test.py" line="119" name="test_convert_sonic_yang_to_config_db__table_name_without_colons__returns_config_db_as_json" time="0.167"></testcase><testcase classname="tests.generic_config_updater.gu_common_test.TestConfigWrapper" file="tests/generic_config_updater/gu_common_test.py" line="417" name="test_create_sonic_yang_with_loaded_models__creates_new_sonic_yang_every_call" time="0.168"></testcase><testcase classname="tests.generic_config_updater.gu_common_test.TestConfigWrapper" file="tests/generic_config_updater/gu_common_test.py" line="340" name="test_crop_tables_without_yang__returns_cropped_config_db_as_json" time="0.167"></testcase><testcase classname="tests.generic_config_updater.gu_common_test.TestConfigWrapper" file="tests/generic_config_updater/gu_common_test.py" line="59" name="test_ctor__default_values_set" time="0.001"></testcase><testcase classname="tests.generic_config_updater.gu_common_test.TestConfigWrapper" file="tests/generic_config_updater/gu_common_test.py" line="373" name="test_get_empty_tables__multiple_empty_tables__returns_multiple_tables" time="0.001"></testcase><testcase classname="tests.generic_config_updater.gu_common_test.TestConfigWrapper" file="tests/generic_config_updater/gu_common_test.py" line="351" name="test_get_empty_tables__no_empty_tables__returns_no_tables" time="0.001"></testcase><testcase classname="tests.generic_config_updater.gu_common_test.TestConfigWrapper" file="tests/generic_config_updater/gu_common_test.py" line="362" name="test_get_empty_tables__single_empty_table__returns_one_table" time="0.001"></testcase><testcase classname="tests.generic_config_updater.gu_common_test.TestConfigWrapper" file="tests/generic_config_updater/gu_common_test.py" line="64" name="test_get_sonic_yang_as_json__returns_sonic_yang_as_json" time="0.168"></testcase><testcase classname="tests.generic_config_updater.gu_common_test.TestConfigWrapper" file="tests/generic_config_updater/gu_common_test.py" line="406" name="test_remove_empty_tables__multiple_empty_tables__returns_config_without_empty_tables" time="0.001"></testcase><testcase classname="tests.generic_config_updater.gu_common_test.TestConfigWrapper" file="tests/generic_config_updater/gu_common_test.py" line="384" name="test_remove_empty_tables__no_empty_tables__returns_whole_config" time="0.001"></testcase><testcase classname="tests.generic_config_updater.gu_common_test.TestConfigWrapper" file="tests/generic_config_updater/gu_common_test.py" line="395" name="test_remove_empty_tables__single_empty_tables__returns_config_without_empty_table" time="0.001"></testcase><testcase classname="tests.generic_config_updater.gu_common_test.TestConfigWrapper" file="tests/generic_config_updater/gu_common_test.py" line="210" name="test_validate_bgp_peer_group__same_ip_prefix__return_false" time="0.001"></testcase><testcase classname="tests.generic_config_updater.gu_common_test.TestConfigWrapper" file="tests/generic_config_updater/gu_common_test.py" line="188" name="test_validate_bgp_peer_group__valid_non_intersecting_ip_ranges__returns_true" time="0.001"></testcase><testcase classname="tests.generic_config_updater.gu_common_test.TestConfigWrapper" file="tests/generic_config_updater/gu_common_test.py" line="176" name="test_validate_config_db_config__invalid_config__returns_false" time="0.164"></testcase><testcase classname="tests.generic_config_updater.gu_common_test.TestConfigWrapper" file="tests/generic_config_updater/gu_common_test.py" line="164" name="test_validate_config_db_config__valid_config__returns_true" time="0.170"></testcase><testcase classname="tests.generic_config_updater.gu_common_test.TestConfigWrapper" file="tests/generic_config_updater/gu_common_test.py" line="294" name="test_validate_lanes__different_valid_and_invalid_empty_lanes_single_port__failure" time="0.001"></testcase><testcase classname="tests.generic_config_updater.gu_common_test.TestConfigWrapper" file="tests/generic_config_updater/gu_common_test.py" line="298" name="test_validate_lanes__different_valid_and_invalid_non_digit_lanes_single_port__failure" time="0.001"></testcase><testcase classname="tests.generic_config_updater.gu_common_test.TestConfigWrapper" file="tests/generic_config_updater/gu_common_test.py" line="302" name="test_validate_lanes__different_valid_lanes_multi_ports__success" time="0.001"></testcase><testcase classname="tests.generic_config_updater.gu_common_test.TestConfigWrapper" file="tests/generic_config_updater/gu_common_test.py" line="290" name="test_validate_lanes__different_valid_lanes_single_port__success" time="0.001"></testcase><testcase classname="tests.generic_config_updater.gu_common_test.TestConfigWrapper" file="tests/generic_config_updater/gu_common_test.py" line="270" name="test_validate_lanes__empty_lane__failure" time="0.001"></testcase><testcase classname="tests.generic_config_updater.gu_common_test.TestConfigWrapper" file="tests/generic_config_updater/gu_common_test.py" line="266" name="test_validate_lanes__empty_port_table__success" time="0.001"></testcase><testcase classname="tests.generic_config_updater.gu_common_test.TestConfigWrapper" file="tests/generic_config_updater/gu_common_test.py" line="262" name="test_validate_lanes__no_port_table__success" time="0.001"></testcase><testcase classname="tests.generic_config_updater.gu_common_test.TestConfigWrapper" file="tests/generic_config_updater/gu_common_test.py" line="278" name="test_validate_lanes__non_digits_lane__failure" time="0.001"></testcase><testcase classname="tests.generic_config_updater.gu_common_test.TestConfigWrapper" file="tests/generic_config_updater/gu_common_test.py" line="313" name="test_validate_lanes__same_valid_lanes_multi_ports__failure" time="0.001"></testcase><testcase classname="tests.generic_config_updater.gu_common_test.TestConfigWrapper" file="tests/generic_config_updater/gu_common_test.py" line="320" name="test_validate_lanes__same_valid_lanes_multi_ports_no_spaces__failure" time="0.001"></testcase><testcase classname="tests.generic_config_updater.gu_common_test.TestConfigWrapper" file="tests/generic_config_updater/gu_common_test.py" line="309" name="test_validate_lanes__same_valid_lanes_single_port__failure" time="0.001"></testcase><testcase classname="tests.generic_config_updater.gu_common_test.TestConfigWrapper" file="tests/generic_config_updater/gu_common_test.py" line="286" name="test_validate_lanes__single_valid_lane__success" time="0.001"></testcase><testcase classname="tests.generic_config_updater.gu_common_test.TestConfigWrapper" file="tests/generic_config_updater/gu_common_test.py" line="282" name="test_validate_lanes__space_between_digits_lane__failure" time="0.001"></testcase><testcase classname="tests.generic_config_updater.gu_common_test.TestConfigWrapper" file="tests/generic_config_updater/gu_common_test.py" line="274" name="test_validate_lanes__whitespace_lane__failure" time="0.001"></testcase><testcase classname="tests.generic_config_updater.gu_common_test.TestConfigWrapper" file="tests/generic_config_updater/gu_common_test.py" line="152" name="test_validate_sonic_yang_config__invvalid_config__returns_false" time="0.165"></testcase><testcase classname="tests.generic_config_updater.gu_common_test.TestConfigWrapper" file="tests/generic_config_updater/gu_common_test.py" line="140" name="test_validate_sonic_yang_config__valid_config__returns_true" time="0.173"></testcase><testcase classname="tests.generic_config_updater.gu_common_test.TestPatchWrapper" file="tests/generic_config_updater/gu_common_test.py" line="558" name="test_convert_config_db_patch_to_sonic_yang_patch__empty_patch__returns_empty_patch" time="0.161"></testcase><testcase classname="tests.generic_config_updater.gu_common_test.TestPatchWrapper" file="tests/generic_config_updater/gu_common_test.py" line="489" name="test_convert_config_db_patch_to_sonic_yang_patch__invalid_config_db_patch__failure" time="0.161"></testcase><testcase classname="tests.generic_config_updater.gu_common_test.TestPatchWrapper" file="tests/generic_config_updater/gu_common_test.py" line="582" name="test_convert_config_db_patch_to_sonic_yang_patch__multiple_operations_patch__returns_sonic_yang_patch" time="0.168"></testcase><testcase classname="tests.generic_config_updater.gu_common_test.TestPatchWrapper" file="tests/generic_config_updater/gu_common_test.py" line="570" name="test_convert_config_db_patch_to_sonic_yang_patch__single_operation_patch__returns_sonic_yang_patch" time="0.164"></testcase><testcase classname="tests.generic_config_updater.gu_common_test.TestPatchWrapper" file="tests/generic_config_updater/gu_common_test.py" line="594" name="test_convert_sonic_yang_patch_to_config_db_patch__empty_patch__returns_empty_patch" time="0.178"></testcase><testcase classname="tests.generic_config_updater.gu_common_test.TestPatchWrapper" file="tests/generic_config_updater/gu_common_test.py" line="618" name="test_convert_sonic_yang_patch_to_config_db_patch__multiple_operations_patch__returns_config_db_patch" time="0.168"></testcase><testcase classname="tests.generic_config_updater.gu_common_test.TestPatchWrapper" file="tests/generic_config_updater/gu_common_test.py" line="606" name="test_convert_sonic_yang_patch_to_config_db_patch__single_operation_patch__returns_config_db_patch" time="0.158"></testcase><testcase classname="tests.generic_config_updater.gu_common_test.TestPatchWrapper" file="tests/generic_config_updater/gu_common_test.py" line="545" name="test_generate_patch__diff__non_empty_patch" time="0.002"></testcase><testcase classname="tests.generic_config_updater.gu_common_test.TestPatchWrapper" file="tests/generic_config_updater/gu_common_test.py" line="511" name="test_generate_patch__no_diff__empty_patch" time="0.002"></testcase><testcase classname="tests.generic_config_updater.gu_common_test.TestPatchWrapper" file="tests/generic_config_updater/gu_common_test.py" line="504" name="test_same_patch__diff__returns_false" time="0.002"></testcase><testcase classname="tests.generic_config_updater.gu_common_test.TestPatchWrapper" file="tests/generic_config_updater/gu_common_test.py" line="497" name="test_same_patch__no_diff__returns_true" time="0.002"></testcase><testcase classname="tests.generic_config_updater.gu_common_test.TestPatchWrapper" file="tests/generic_config_updater/gu_common_test.py" line="521" name="test_simulate_patch__empty_patch__no_changes" time="0.002"></testcase><testcase classname="tests.generic_config_updater.gu_common_test.TestPatchWrapper" file="tests/generic_config_updater/gu_common_test.py" line="533" name="test_simulate_patch__non_empty_patch__changes_applied" time="0.002"></testcase><testcase classname="tests.generic_config_updater.gu_common_test.TestPatchWrapper" file="tests/generic_config_updater/gu_common_test.py" line="477" name="test_validate_config_db_patch_has_yang_models__table_with_yang_model__returns_true" time="0.162"></testcase><testcase classname="tests.generic_config_updater.gu_common_test.TestPatchWrapper" file="tests/generic_config_updater/gu_common_test.py" line="465" name="test_validate_config_db_patch_has_yang_models__table_without_yang_model__returns_false" time="0.298"></testcase><testcase classname="tests.generic_config_updater.gu_common_test.TestPathAddressing" file="tests/generic_config_updater/gu_common_test.py" line="872" name="test_convert_path_to_xpath" time="0.326"></testcase><testcase classname="tests.generic_config_updater.gu_common_test.TestPathAddressing" file="tests/generic_config_updater/gu_common_test.py" line="945" name="test_convert_xpath_to_path" time="0.331"></testcase><testcase classname="tests.generic_config_updater.gu_common_test.TestPathAddressing" file="tests/generic_config_updater/gu_common_test.py" line="665" name="test_create_path" time="0.162"></testcase><testcase classname="tests.generic_config_updater.gu_common_test.TestPathAddressing" file="tests/generic_config_updater/gu_common_test.py" line="710" name="test_create_xpath" time="0.162"></testcase><testcase classname="tests.generic_config_updater.gu_common_test.TestPathAddressing" file="tests/generic_config_updater/gu_common_test.py" line="847" name="test_find_ref_paths__does_not_remove_tables_without_yang" time="0.330"></testcase><testcase classname="tests.generic_config_updater.gu_common_test.TestPathAddressing" file="tests/generic_config_updater/gu_common_test.py" line="833" name="test_find_ref_paths__path_and_ref_paths_are_under_same_yang_container__returns_ref_paths" time="0.323"></testcase><testcase classname="tests.generic_config_updater.gu_common_test.TestPathAddressing" file="tests/generic_config_updater/gu_common_test.py" line="793" name="test_find_ref_paths__path_is_table__returns_ref_paths" time="0.328"></testcase><testcase classname="tests.generic_config_updater.gu_common_test.TestPathAddressing" file="tests/generic_config_updater/gu_common_test.py" line="751" name="test_find_ref_paths__ref_is_a_part_of_key__returns_ref_paths" time="0.327"></testcase><testcase classname="tests.generic_config_updater.gu_common_test.TestPathAddressing" file="tests/generic_config_updater/gu_common_test.py" line="780" name="test_find_ref_paths__ref_is_in_leafref_union__returns_ref_paths" time="0.324"></testcase><testcase classname="tests.generic_config_updater.gu_common_test.TestPathAddressing" file="tests/generic_config_updater/gu_common_test.py" line="766" name="test_find_ref_paths__ref_is_in_multilist__returns_ref_paths" time="0.455"></testcase><testcase classname="tests.generic_config_updater.gu_common_test.TestPathAddressing" file="tests/generic_config_updater/gu_common_test.py" line="737" name="test_find_ref_paths__ref_is_the_whole_key__returns_ref_paths" time="0.328"></testcase><testcase classname="tests.generic_config_updater.gu_common_test.TestPathAddressing" file="tests/generic_config_updater/gu_common_test.py" line="859" name="test_find_ref_paths__ref_path_is_leaflist_in_yang_but_string_in_config_db__path_to_string_returned" time="0.328"></testcase><testcase classname="tests.generic_config_updater.gu_common_test.TestPathAddressing" file="tests/generic_config_updater/gu_common_test.py" line="813" name="test_find_ref_paths__whole_config_path__returns_all_refs" time="0.333"></testcase><testcase classname="tests.generic_config_updater.gu_common_test.TestPathAddressing" file="tests/generic_config_updater/gu_common_test.py" line="649" name="test_get_path_tokens" time="0.162"></testcase><testcase classname="tests.generic_config_updater.gu_common_test.TestPathAddressing" file="tests/generic_config_updater/gu_common_test.py" line="682" name="test_get_xpath_tokens" time="0.162"></testcase><testcase classname="tests.generic_config_updater.gu_common_test.TestPathAddressing" file="tests/generic_config_updater/gu_common_test.py" line="1044" name="test_has_path" time="0.170"></testcase><testcase classname="tests.generic_config_updater.patch_sorter_test.TestDiff" file="tests/generic_config_updater/patch_sorter_test.py" line="11" name="test_apply_move__updates_current_config" time="0.002"></testcase><testcase classname="tests.generic_config_updater.patch_sorter_test.TestDiff" file="tests/generic_config_updater/patch_sorter_test.py" line="83" name="test_eq__different_current_config__returns_false" time="0.001"></testcase><testcase classname="tests.generic_config_updater.patch_sorter_test.TestDiff" file="tests/generic_config_updater/patch_sorter_test.py" line="92" name="test_eq__different_target_config__returns_false" time="0.001"></testcase><testcase classname="tests.generic_config_updater.patch_sorter_test.TestDiff" file="tests/generic_config_updater/patch_sorter_test.py" line="101" name="test_eq__different_target_config__returns_true" time="0.001"></testcase><testcase classname="tests.generic_config_updater.patch_sorter_test.TestDiff" file="tests/generic_config_updater/patch_sorter_test.py" line="25" name="test_has_no_diff__diff_exists__returns_false" time="0.001"></testcase><testcase classname="tests.generic_config_updater.patch_sorter_test.TestDiff" file="tests/generic_config_updater/patch_sorter_test.py" line="33" name="test_has_no_diff__no_diff__returns_true" time="0.001"></testcase><testcase classname="tests.generic_config_updater.patch_sorter_test.TestDiff" file="tests/generic_config_updater/patch_sorter_test.py" line="41" name="test_hash__different_current_config__different_hashes" time="0.001"></testcase><testcase classname="tests.generic_config_updater.patch_sorter_test.TestDiff" file="tests/generic_config_updater/patch_sorter_test.py" line="56" name="test_hash__different_target_config__different_hashes" time="0.001"></testcase><testcase classname="tests.generic_config_updater.patch_sorter_test.TestDiff" file="tests/generic_config_updater/patch_sorter_test.py" line="71" name="test_hash__swapped_current_and_target_configs__different_hashes" time="0.001"></testcase><testcase classname="tests.generic_config_updater.patch_sorter_test.TestJsonMove" file="tests/generic_config_updater/patch_sorter_test.py" line="262" name="test_ctor__add_op_path_doesnot_exist__value_and_path_of_parent" time="0.001"></testcase><testcase classname="tests.generic_config_updater.patch_sorter_test.TestJsonMove" file="tests/generic_config_updater/patch_sorter_test.py" line="295" name="test_ctor__add_op_path_doesnot_exist_include_list__value_and_path_of_parent" time="0.001"></testcase><testcase classname="tests.generic_config_updater.patch_sorter_test.TestJsonMove" file="tests/generic_config_updater/patch_sorter_test.py" line="191" name="test_ctor__add_op_path_exist__same_value_and_path" time="0.001"></testcase><testcase classname="tests.generic_config_updater.patch_sorter_test.TestJsonMove" file="tests/generic_config_updater/patch_sorter_test.py" line="202" name="test_ctor__add_op_path_exist_include_list__same_value_and_path" time="0.001"></testcase><testcase classname="tests.generic_config_updater.patch_sorter_test.TestJsonMove" file="tests/generic_config_updater/patch_sorter_test.py" line="232" name="test_ctor__add_op_path_exist_list_index_doesnot_exist_in_target___same_value_and_path" time="0.001"></testcase><testcase classname="tests.generic_config_updater.patch_sorter_test.TestJsonMove" file="tests/generic_config_updater/patch_sorter_test.py" line="176" name="test_ctor__add_op_whole_config__whole_config_value_and_empty_path" time="0.001"></testcase><testcase classname="tests.generic_config_updater.patch_sorter_test.TestJsonMove" file="tests/generic_config_updater/patch_sorter_test.py" line="125" name="test_ctor__delete_op_whole_config__none_value_and_empty_path" time="0.001"></testcase><testcase classname="tests.generic_config_updater.patch_sorter_test.TestJsonMove" file="tests/generic_config_updater/patch_sorter_test.py" line="139" name="test_ctor__remove_op__operation_created_directly" time="0.001"></testcase><testcase classname="tests.generic_config_updater.patch_sorter_test.TestJsonMove" file="tests/generic_config_updater/patch_sorter_test.py" line="165" name="test_ctor__replace_op__operation_created_directly" time="0.001"></testcase><testcase classname="tests.generic_config_updater.patch_sorter_test.TestJsonMove" file="tests/generic_config_updater/patch_sorter_test.py" line="150" name="test_ctor__replace_op_whole_config__whole_config_value_and_empty_path" time="0.001"></testcase><testcase classname="tests.generic_config_updater.patch_sorter_test.TestJsonMove" file="tests/generic_config_updater/patch_sorter_test.py" line="361" name="test_from_patch__add_op__add_jsonmove" time="0.001"></testcase><testcase classname="tests.generic_config_updater.patch_sorter_test.TestJsonMove" file="tests/generic_config_updater/patch_sorter_test.py" line="376" name="test_from_patch__add_op_with_list_indexes__add_jsonmove" time="0.001"></testcase><testcase classname="tests.generic_config_updater.patch_sorter_test.TestJsonMove" file="tests/generic_config_updater/patch_sorter_test.py" line="331" name="test_from_patch__delete_op__delete_jsonmove" time="0.001"></testcase><testcase classname="tests.generic_config_updater.patch_sorter_test.TestJsonMove" file="tests/generic_config_updater/patch_sorter_test.py" line="324" name="test_from_patch__more_than_1_op__failure" time="0.001"></testcase><testcase classname="tests.generic_config_updater.patch_sorter_test.TestJsonMove" file="tests/generic_config_updater/patch_sorter_test.py" line="346" name="test_from_patch__replace_op__replace_jsonmove" time="0.001"></testcase><testcase classname="tests.generic_config_updater.patch_sorter_test.TestJsonMove" file="tests/generic_config_updater/patch_sorter_test.py" line="396" name="test_from_patch__replace_whole_config__whole_config_jsonmove" time="0.001"></testcase><testcase classname="tests.generic_config_updater.patch_sorter_test.TestMoveWrapper" file="tests/generic_config_updater/patch_sorter_test.py" line="497" name="test_ctor__assigns_values_correctly" time="0.004"></testcase><testcase classname="tests.generic_config_updater.patch_sorter_test.TestMoveWrapper" file="tests/generic_config_updater/patch_sorter_test.py" line="624" name="test_generate__different_move_extenders__different_extended_moves_returned" time="0.004"></testcase><testcase classname="tests.generic_config_updater.patch_sorter_test.TestMoveWrapper" file="tests/generic_config_updater/patch_sorter_test.py" line="537" name="test_generate__different_move_generators__different_moves_returned" time="0.004"></testcase><testcase classname="tests.generic_config_updater.patch_sorter_test.TestMoveWrapper" file="tests/generic_config_updater/patch_sorter_test.py" line="561" name="test_generate__different_move_non_extendable_generators__different_moves_returned" time="0.004"></testcase><testcase classname="tests.generic_config_updater.patch_sorter_test.TestMoveWrapper" file="tests/generic_config_updater/patch_sorter_test.py" line="637" name="test_generate__duplicate_extended_moves__unique_moves_returned" time="0.004"></testcase><testcase classname="tests.generic_config_updater.patch_sorter_test.TestMoveWrapper" file="tests/generic_config_updater/patch_sorter_test.py" line="549" name="test_generate__duplicate_generated_moves__unique_moves_returned" time="0.004"></testcase><testcase classname="tests.generic_config_updater.patch_sorter_test.TestMoveWrapper" file="tests/generic_config_updater/patch_sorter_test.py" line="573" name="test_generate__duplicate_generated_non_extendable_moves__unique_moves_returned" time="0.004"></testcase><testcase classname="tests.generic_config_updater.patch_sorter_test.TestMoveWrapper" file="tests/generic_config_updater/patch_sorter_test.py" line="585" name="test_generate__duplicate_move_between_extendable_and_non_extendable_generators__unique_move_returned" time="0.004"></testcase><testcase classname="tests.generic_config_updater.patch_sorter_test.TestMoveWrapper" file="tests/generic_config_updater/patch_sorter_test.py" line="680" name="test_generate__mixed_extendable_non_extendable_moves__only_extendable_moves_extended" time="0.004"></testcase><testcase classname="tests.generic_config_updater.patch_sorter_test.TestMoveWrapper" file="tests/generic_config_updater/patch_sorter_test.py" line="650" name="test_generate__mixed_extended_moves__unique_moves_returned" time="0.004"></testcase><testcase classname="tests.generic_config_updater.patch_sorter_test.TestMoveWrapper" file="tests/generic_config_updater/patch_sorter_test.py" line="696" name="test_generate__move_is_extendable_and_non_extendable__move_is_extended" time="0.004"></testcase><testcase classname="tests.generic_config_updater.patch_sorter_test.TestMoveWrapper" file="tests/generic_config_updater/patch_sorter_test.py" line="611" name="test_generate__multiple_move_extender__multiple_extended_move_returned" time="0.004"></testcase><testcase classname="tests.generic_config_updater.patch_sorter_test.TestMoveWrapper" file="tests/generic_config_updater/patch_sorter_test.py" line="525" name="test_generate__multiple_move_generator__multiple_move_returned" time="0.004"></testcase><testcase classname="tests.generic_config_updater.patch_sorter_test.TestMoveWrapper" file="tests/generic_config_updater/patch_sorter_test.py" line="667" name="test_generate__multiple_non_extendable_moves__no_moves_extended" time="0.004"></testcase><testcase classname="tests.generic_config_updater.patch_sorter_test.TestMoveWrapper" file="tests/generic_config_updater/patch_sorter_test.py" line="598" name="test_generate__single_move_extender__one_extended_move_returned" time="0.004"></testcase><testcase classname="tests.generic_config_updater.patch_sorter_test.TestMoveWrapper" file="tests/generic_config_updater/patch_sorter_test.py" line="513" name="test_generate__single_move_generator__single_move_returned" time="0.004"></testcase><testcase classname="tests.generic_config_updater.patch_sorter_test.TestMoveWrapper" file="tests/generic_config_updater/patch_sorter_test.py" line="743" name="test_simulate__applies_move" time="0.004"></testcase><testcase classname="tests.generic_config_updater.patch_sorter_test.TestMoveWrapper" file="tests/generic_config_updater/patch_sorter_test.py" line="727" name="test_validate__multiple_validators_last_fail___false_returned" time="0.004"></testcase><testcase classname="tests.generic_config_updater.patch_sorter_test.TestMoveWrapper" file="tests/generic_config_updater/patch_sorter_test.py" line="735" name="test_validate__multiple_validators_succeed___true_returned" time="0.004"></testcase><testcase classname="tests.generic_config_updater.patch_sorter_test.TestMoveWrapper" file="tests/generic_config_updater/patch_sorter_test.py" line="711" name="test_validate__validation_fail__false_returned" time="0.004"></testcase><testcase classname="tests.generic_config_updater.patch_sorter_test.TestMoveWrapper" file="tests/generic_config_updater/patch_sorter_test.py" line="719" name="test_validate__validation_succeed__true_returned" time="0.004"></testcase><testcase classname="tests.generic_config_updater.patch_sorter_test.TestJsonPointerFilter" file="tests/generic_config_updater/patch_sorter_test.py" line="756" name="test_get_paths__common_prefix__exact_match_returned" time="0.001"></testcase><testcase classname="tests.generic_config_updater.patch_sorter_test.TestJsonPointerFilter" file="tests/generic_config_updater/patch_sorter_test.py" line="773" name="test_get_paths__common_suffix__exact_match_returned" time="0.001"></testcase><testcase classname="tests.generic_config_updater.patch_sorter_test.TestRequiredValueIdentifier" file="tests/generic_config_updater/patch_sorter_test.py" line="791" name="test_hard_coded_required_value_data" time="0.001"></testcase><testcase classname="tests.generic_config_updater.patch_sorter_test.TestDeleteWholeConfigMoveValidator" file="tests/generic_config_updater/patch_sorter_test.py" line="876" name="test_validate__non_remove_op_non_whole_config__success" time="0.002"></testcase><testcase classname="tests.generic_config_updater.patch_sorter_test.TestDeleteWholeConfigMoveValidator" file="tests/generic_config_updater/patch_sorter_test.py" line="883" name="test_validate__non_remove_op_whole_config__success" time="0.002"></testcase><testcase classname="tests.generic_config_updater.patch_sorter_test.TestDeleteWholeConfigMoveValidator" file="tests/generic_config_updater/patch_sorter_test.py" line="880" name="test_validate__remove_op_non_whole_config__success" time="0.001"></testcase><testcase classname="tests.generic_config_updater.patch_sorter_test.TestDeleteWholeConfigMoveValidator" file="tests/generic_config_updater/patch_sorter_test.py" line="887" name="test_validate__remove_op_whole_config__failure" time="0.001"></testcase><testcase classname="tests.generic_config_updater.patch_sorter_test.TestFullConfigMoveValidator" file="tests/generic_config_updater/patch_sorter_test.py" line="915" name="test_validate__invalid_config_db_after_applying_move__failure" time="0.002"></testcase><testcase classname="tests.generic_config_updater.patch_sorter_test.TestFullConfigMoveValidator" file="tests/generic_config_updater/patch_sorter_test.py" line="925" name="test_validate__valid_config_db_after_applying_move__success" time="0.002"></testcase><testcase classname="tests.generic_config_updater.patch_sorter_test.TestCreateOnlyMoveValidator" file="tests/generic_config_updater/patch_sorter_test.py" line="1065" name="test_hard_coded_create_only_paths" time="0.002"></testcase><testcase classname="tests.generic_config_updater.patch_sorter_test.TestCreateOnlyMoveValidator" file="tests/generic_config_updater/patch_sorter_test.py" line="1015" name="test_validate__added_create_only_field_parent_doesnot_exist__success" time="0.001"></testcase><testcase classname="tests.generic_config_updater.patch_sorter_test.TestCreateOnlyMoveValidator" file="tests/generic_config_updater/patch_sorter_test.py" line="1006" name="test_validate__added_create_only_field_parent_exist__failure" time="0.001"></testcase><testcase classname="tests.generic_config_updater.patch_sorter_test.TestCreateOnlyMoveValidator" file="tests/generic_config_updater/patch_sorter_test.py" line="950" name="test_validate__different_create_only_field__failure" time="0.001"></testcase><testcase classname="tests.generic_config_updater.patch_sorter_test.TestCreateOnlyMoveValidator" file="tests/generic_config_updater/patch_sorter_test.py" line="955" name="test_validate__different_create_only_field_directly_updated__failure" time="0.001"></testcase><testcase classname="tests.generic_config_updater.patch_sorter_test.TestCreateOnlyMoveValidator" file="tests/generic_config_updater/patch_sorter_test.py" line="973" name="test_validate__different_create_only_field_updating_grandparent__failure" time="0.001"></testcase><testcase classname="tests.generic_config_updater.patch_sorter_test.TestCreateOnlyMoveValidator" file="tests/generic_config_updater/patch_sorter_test.py" line="964" name="test_validate__different_create_only_field_updating_parent__failure" time="0.001"></testcase><testcase classname="tests.generic_config_updater.patch_sorter_test.TestCreateOnlyMoveValidator" file="tests/generic_config_updater/patch_sorter_test.py" line="940" name="test_validate__no_create_only_field__success" time="0.001"></testcase><testcase classname="tests.generic_config_updater.patch_sorter_test.TestCreateOnlyMoveValidator" file="tests/generic_config_updater/patch_sorter_test.py" line="1040" name="test_validate__parent_added_with_all_create_only_field_that_target_has__success" time="0.002"></testcase><testcase classname="tests.generic_config_updater.patch_sorter_test.TestCreateOnlyMoveValidator" file="tests/generic_config_updater/patch_sorter_test.py" line="1048" name="test_validate__parent_added_with_create_only_field_but_target_does_not_have_the_field__failure" time="0.002"></testcase><testcase classname="tests.generic_config_updater.patch_sorter_test.TestCreateOnlyMoveValidator" file="tests/generic_config_updater/patch_sorter_test.py" line="1057" name="test_validate__parent_added_without_create_only_field_but_target_have_the_field__failure" time="0.002"></testcase><testcase classname="tests.generic_config_updater.patch_sorter_test.TestCreateOnlyMoveValidator" file="tests/generic_config_updater/patch_sorter_test.py" line="1032" name="test_validate__removed_create_only_field_parent_doesnot_remain__success" time="0.001"></testcase><testcase classname="tests.generic_config_updater.patch_sorter_test.TestCreateOnlyMoveValidator" file="tests/generic_config_updater/patch_sorter_test.py" line="1023" name="test_validate__removed_create_only_field_parent_remain__failure" time="0.001"></testcase><testcase classname="tests.generic_config_updater.patch_sorter_test.TestCreateOnlyMoveValidator" file="tests/generic_config_updater/patch_sorter_test.py" line="945" name="test_validate__same_create_only_field__success" time="0.001"></testcase><testcase classname="tests.generic_config_updater.patch_sorter_test.TestCreateOnlyMoveValidator" file="tests/generic_config_updater/patch_sorter_test.py" line="982" name="test_validate__same_create_only_field_directly_updated__success" time="0.001"></testcase><testcase classname="tests.generic_config_updater.patch_sorter_test.TestCreateOnlyMoveValidator" file="tests/generic_config_updater/patch_sorter_test.py" line="998" name="test_validate__same_create_only_field_updating_grandparent__success" time="0.001"></testcase><testcase classname="tests.generic_config_updater.patch_sorter_test.TestCreateOnlyMoveValidator" file="tests/generic_config_updater/patch_sorter_test.py" line="990" name="test_validate__same_create_only_field_updating_parent__success" time="0.002"></testcase><testcase classname="tests.generic_config_updater.patch_sorter_test.TestNoDependencyMoveValidator" file="tests/generic_config_updater/patch_sorter_test.py" line="1195" name="test_validate__add_full_config_has_dependencies__failure" time="0.177"></testcase><testcase classname="tests.generic_config_updater.patch_sorter_test.TestNoDependencyMoveValidator" file="tests/generic_config_updater/patch_sorter_test.py" line="1204" name="test_validate__add_full_config_no_dependencies__success" time="0.170"></testcase><testcase classname="tests.generic_config_updater.patch_sorter_test.TestNoDependencyMoveValidator" file="tests/generic_config_updater/patch_sorter_test.py" line="1212" name="test_validate__add_table_has_no_dependencies__success" time="0.167"></testcase><testcase classname="tests.generic_config_updater.patch_sorter_test.TestNoDependencyMoveValidator" file="tests/generic_config_updater/patch_sorter_test.py" line="1225" name="test_validate__remove_full_config_has_dependencies__failure" time="0.172"></testcase><testcase classname="tests.generic_config_updater.patch_sorter_test.TestNoDependencyMoveValidator" file="tests/generic_config_updater/patch_sorter_test.py" line="1234" name="test_validate__remove_full_config_no_dependencies__success" time="0.170"></testcase><testcase classname="tests.generic_config_updater.patch_sorter_test.TestNoDependencyMoveValidator" file="tests/generic_config_updater/patch_sorter_test.py" line="1242" name="test_validate__remove_table_has_no_dependencies__success" time="0.169"></testcase><testcase classname="tests.generic_config_updater.patch_sorter_test.TestNoDependencyMoveValidator" file="tests/generic_config_updater/patch_sorter_test.py" line="1324" name="test_validate__replace_list_item_different_location_than_target_and_no_deps__true" time="0.166"></testcase><testcase classname="tests.generic_config_updater.patch_sorter_test.TestNoDependencyMoveValidator" file="tests/generic_config_updater/patch_sorter_test.py" line="1254" name="test_validate__replace_whole_config_item_added_ref_added__failure" time="0.170"></testcase><testcase classname="tests.generic_config_updater.patch_sorter_test.TestNoDependencyMoveValidator" file="tests/generic_config_updater/patch_sorter_test.py" line="1269" name="test_validate__replace_whole_config_item_removed_ref_removed__false" time="0.170"></testcase><testcase classname="tests.generic_config_updater.patch_sorter_test.TestNoDependencyMoveValidator" file="tests/generic_config_updater/patch_sorter_test.py" line="1284" name="test_validate__replace_whole_config_item_same_ref_added__true" time="0.166"></testcase><testcase classname="tests.generic_config_updater.patch_sorter_test.TestNoDependencyMoveValidator" file="tests/generic_config_updater/patch_sorter_test.py" line="1298" name="test_validate__replace_whole_config_item_same_ref_removed__true" time="0.167"></testcase><testcase classname="tests.generic_config_updater.patch_sorter_test.TestNoDependencyMoveValidator" file="tests/generic_config_updater/patch_sorter_test.py" line="1312" name="test_validate__replace_whole_config_item_same_ref_same__true" time="0.006"></testcase><testcase classname="tests.generic_config_updater.patch_sorter_test.TestNoEmptyTableMoveValidator" file="tests/generic_config_updater/patch_sorter_test.py" line="1453" name="test_validate__add_empty_table__failure" time="0.001"></testcase><testcase classname="tests.generic_config_updater.patch_sorter_test.TestNoEmptyTableMoveValidator" file="tests/generic_config_updater/patch_sorter_test.py" line="1463" name="test_validate__add_non_empty_table__success" time="0.001"></testcase><testcase classname="tests.generic_config_updater.patch_sorter_test.TestNoEmptyTableMoveValidator" file="tests/generic_config_updater/patch_sorter_test.py" line="1373" name="test_validate__change_but_no_empty_table__success" time="0.001"></testcase><testcase classname="tests.generic_config_updater.patch_sorter_test.TestNoEmptyTableMoveValidator" file="tests/generic_config_updater/patch_sorter_test.py" line="1363" name="test_validate__no_changes__success" time="0.001"></testcase><testcase classname="tests.generic_config_updater.patch_sorter_test.TestNoEmptyTableMoveValidator" file="tests/generic_config_updater/patch_sorter_test.py" line="1433" name="test_validate__remove_key_but_table_has_other_keys__success" time="0.001"></testcase><testcase classname="tests.generic_config_updater.patch_sorter_test.TestNoEmptyTableMoveValidator" file="tests/generic_config_updater/patch_sorter_test.py" line="1423" name="test_validate__remove_key_empties_a_table__failure" time="0.001"></testcase><testcase classname="tests.generic_config_updater.patch_sorter_test.TestNoEmptyTableMoveValidator" file="tests/generic_config_updater/patch_sorter_test.py" line="1443" name="test_validate__remove_whole_table__success" time="0.001"></testcase><testcase classname="tests.generic_config_updater.patch_sorter_test.TestNoEmptyTableMoveValidator" file="tests/generic_config_updater/patch_sorter_test.py" line="1383" name="test_validate__single_empty_table__failure" time="0.001"></testcase><testcase classname="tests.generic_config_updater.patch_sorter_test.TestNoEmptyTableMoveValidator" file="tests/generic_config_updater/patch_sorter_test.py" line="1413" name="test_validate__whole_config_multiple_empty_tables__failure" time="0.001"></testcase><testcase classname="tests.generic_config_updater.patch_sorter_test.TestNoEmptyTableMoveValidator" file="tests/generic_config_updater/patch_sorter_test.py" line="1403" name="test_validate__whole_config_replace_mix_of_empty_and_non_empty__failure" time="0.001"></testcase><testcase classname="tests.generic_config_updater.patch_sorter_test.TestNoEmptyTableMoveValidator" file="tests/generic_config_updater/patch_sorter_test.py" line="1393" name="test_validate__whole_config_replace_single_empty_table__failure" time="0.001"></testcase><testcase classname="tests.generic_config_updater.patch_sorter_test.TestRequiredValueMoveValidator" file="tests/generic_config_updater/patch_sorter_test.py" line="1484" name="test_validate__critical_port_change" time="0.035"></testcase><testcase classname="tests.generic_config_updater.patch_sorter_test.TestRequiredValueMoveValidator" file="tests/generic_config_updater/patch_sorter_test.py" line="1888" name="test_validate__no_critical_port_changes" time="0.005"></testcase><testcase classname="tests.generic_config_updater.patch_sorter_test.TestTableLevelMoveGenerator" file="tests/generic_config_updater/patch_sorter_test.py" line="1955" name="test_generate__all_tables_exist__no_moves" time="0.001"></testcase><testcase classname="tests.generic_config_updater.patch_sorter_test.TestTableLevelMoveGenerator" file="tests/generic_config_updater/patch_sorter_test.py" line="1960" name="test_generate__multiple_cases__deletion_precedes_addition" time="0.001"></testcase><testcase classname="tests.generic_config_updater.patch_sorter_test.TestTableLevelMoveGenerator" file="tests/generic_config_updater/patch_sorter_test.py" line="1943" name="test_generate__tables_in_current_but_not_target__tables_deleted_moves" time="0.001"></testcase><testcase classname="tests.generic_config_updater.patch_sorter_test.TestTableLevelMoveGenerator" file="tests/generic_config_updater/patch_sorter_test.py" line="1949" name="test_generate__tables_in_target_but_not_current__tables_added_moves" time="0.001"></testcase><testcase classname="tests.generic_config_updater.patch_sorter_test.TestKeyLevelMoveGenerator" file="tests/generic_config_updater/patch_sorter_test.py" line="2037" name="test_generate__all_keys_exist__no_moves" time="0.001"></testcase><testcase classname="tests.generic_config_updater.patch_sorter_test.TestKeyLevelMoveGenerator" file="tests/generic_config_updater/patch_sorter_test.py" line="1985" name="test_generate__keys_in_current_but_not_target__keys_deleted_moves" time="0.001"></testcase><testcase classname="tests.generic_config_updater.patch_sorter_test.TestKeyLevelMoveGenerator" file="tests/generic_config_updater/patch_sorter_test.py" line="2014" name="test_generate__keys_in_target_but_not_current__keys_added_moves" time="0.001"></testcase><testcase classname="tests.generic_config_updater.patch_sorter_test.TestKeyLevelMoveGenerator" file="tests/generic_config_updater/patch_sorter_test.py" line="2042" name="test_generate__multiple_cases__deletion_precedes_addition" time="0.001"></testcase><testcase classname="tests.generic_config_updater.patch_sorter_test.TestKeyLevelMoveGenerator" file="tests/generic_config_updater/patch_sorter_test.py" line="2009" name="test_generate__single_key_in_current_but_not_target__whole_table_deleted" time="0.001"></testcase><testcase classname="tests.generic_config_updater.patch_sorter_test.TestLowLevelMoveGenerator" file="tests/generic_config_updater/patch_sorter_test.py" line="2157" name="test_generate__add_all_list_items__multiple_add_moves" time="0.002"></testcase><testcase classname="tests.generic_config_updater.patch_sorter_test.TestLowLevelMoveGenerator" file="tests/generic_config_updater/patch_sorter_test.py" line="2146" name="test_generate__add_list_items__add_move" time="0.002"></testcase><testcase classname="tests.generic_config_updater.patch_sorter_test.TestLowLevelMoveGenerator" file="tests/generic_config_updater/patch_sorter_test.py" line="2151" name="test_generate__add_multiple_list_items__multiple_add_moves" time="0.002"></testcase><testcase classname="tests.generic_config_updater.patch_sorter_test.TestLowLevelMoveGenerator" file="tests/generic_config_updater/patch_sorter_test.py" line="2180" name="test_generate__different_order_list_items__whole_list_replace_move" time="0.002"></testcase><testcase classname="tests.generic_config_updater.patch_sorter_test.TestLowLevelMoveGenerator" file="tests/generic_config_updater/patch_sorter_test.py" line="2217" name="test_generate__dpb_1_to_4_example" time="0.003"></testcase><testcase classname="tests.generic_config_updater.patch_sorter_test.TestLowLevelMoveGenerator" file="tests/generic_config_updater/patch_sorter_test.py" line="2249" name="test_generate__dpb_4_to_1_example" time="0.002"></testcase><testcase classname="tests.generic_config_updater.patch_sorter_test.TestLowLevelMoveGenerator" file="tests/generic_config_updater/patch_sorter_test.py" line="2211" name="test_generate__empty_list_additional__remove_whole_list" time="0.002"></testcase><testcase classname="tests.generic_config_updater.patch_sorter_test.TestLowLevelMoveGenerator" file="tests/generic_config_updater/patch_sorter_test.py" line="2205" name="test_generate__empty_list_missing__add_whole_list" time="0.002"></testcase><testcase classname="tests.generic_config_updater.patch_sorter_test.TestLowLevelMoveGenerator" file="tests/generic_config_updater/patch_sorter_test.py" line="2080" name="test_generate__leaf_key_additional__remove_move" time="0.002"></testcase><testcase classname="tests.generic_config_updater.patch_sorter_test.TestLowLevelMoveGenerator" file="tests/generic_config_updater/patch_sorter_test.py" line="2074" name="test_generate__leaf_key_missing__add_move" time="0.002"></testcase><testcase classname="tests.generic_config_updater.patch_sorter_test.TestLowLevelMoveGenerator" file="tests/generic_config_updater/patch_sorter_test.py" line="2110" name="test_generate__leaf_table_additional__remove_table" time="0.002"></testcase><testcase classname="tests.generic_config_updater.patch_sorter_test.TestLowLevelMoveGenerator" file="tests/generic_config_updater/patch_sorter_test.py" line="2105" name="test_generate__leaf_table_missing__add_table" time="0.002"></testcase><testcase classname="tests.generic_config_updater.patch_sorter_test.TestLowLevelMoveGenerator" file="tests/generic_config_updater/patch_sorter_test.py" line="2068" name="test_generate__no_diff__no_moves" time="0.001"></testcase><testcase classname="tests.generic_config_updater.patch_sorter_test.TestLowLevelMoveGenerator" file="tests/generic_config_updater/patch_sorter_test.py" line="2137" name="test_generate__remove_all_list_items__multiple_remove_moves" time="0.002"></testcase><testcase classname="tests.generic_config_updater.patch_sorter_test.TestLowLevelMoveGenerator" file="tests/generic_config_updater/patch_sorter_test.py" line="2125" name="test_generate__remove_list_item__remove_move" time="0.002"></testcase><testcase classname="tests.generic_config_updater.patch_sorter_test.TestLowLevelMoveGenerator" file="tests/generic_config_updater/patch_sorter_test.py" line="2129" name="test_generate__remove_multiple_list_items__multiple_remove_moves" time="0.002"></testcase><testcase classname="tests.generic_config_updater.patch_sorter_test.TestLowLevelMoveGenerator" file="tests/generic_config_updater/patch_sorter_test.py" line="2071" name="test_generate__replace_key__replace_move" time="0.002"></testcase><testcase classname="tests.generic_config_updater.patch_sorter_test.TestLowLevelMoveGenerator" file="tests/generic_config_updater/patch_sorter_test.py" line="2116" name="test_generate__replace_list_item__remove_add_replace_moves" time="0.002"></testcase><testcase classname="tests.generic_config_updater.patch_sorter_test.TestLowLevelMoveGenerator" file="tests/generic_config_updater/patch_sorter_test.py" line="2166" name="test_generate__replace_multiple_list_items__multiple_remove_add_replace_moves" time="0.002"></testcase><testcase classname="tests.generic_config_updater.patch_sorter_test.TestLowLevelMoveGenerator" file="tests/generic_config_updater/patch_sorter_test.py" line="2095" name="test_generate__table_additional__remove_leafs_moves" time="0.002"></testcase><testcase classname="tests.generic_config_updater.patch_sorter_test.TestLowLevelMoveGenerator" file="tests/generic_config_updater/patch_sorter_test.py" line="2085" name="test_generate__table_missing__add_leafs_moves" time="0.002"></testcase><testcase classname="tests.generic_config_updater.patch_sorter_test.TestLowLevelMoveGenerator" file="tests/generic_config_updater/patch_sorter_test.py" line="2197" name="test_generate__whole_list_additional__remove_items_moves" time="0.002"></testcase><testcase classname="tests.generic_config_updater.patch_sorter_test.TestLowLevelMoveGenerator" file="tests/generic_config_updater/patch_sorter_test.py" line="2189" name="test_generate__whole_list_missing__add_items_moves" time="0.002"></testcase><testcase classname="tests.generic_config_updater.patch_sorter_test.TestRequiredValueMoveExtender" file="tests/generic_config_updater/patch_sorter_test.py" line="2419" name="test_extend__multi_port_turn_up_and_critical_move__multi_flip_to_turn_down" time="0.004"></testcase><testcase classname="tests.generic_config_updater.patch_sorter_test.TestRequiredValueMoveExtender" file="tests/generic_config_updater/patch_sorter_test.py" line="2457" name="test_extend__multiple_changes__multiple_extend_moves" time="0.004"></testcase><testcase classname="tests.generic_config_updater.patch_sorter_test.TestRequiredValueMoveExtender" file="tests/generic_config_updater/patch_sorter_test.py" line="2379" name="test_extend__port_turn_up_and_critical_move__flip_to_turn_down" time="0.002"></testcase><testcase classname="tests.generic_config_updater.patch_sorter_test.TestRequiredValueMoveExtender" file="tests/generic_config_updater/patch_sorter_test.py" line="2365" name="test_extend__port_turn_up_and_no_critical_move__no_extended_moves" time="0.002"></testcase><testcase classname="tests.generic_config_updater.patch_sorter_test.TestRequiredValueMoveExtender" file="tests/generic_config_updater/patch_sorter_test.py" line="2351" name="test_extend__port_up_and_critical_move__turn_admin_status_down" time="0.002"></testcase><testcase classname="tests.generic_config_updater.patch_sorter_test.TestRequiredValueMoveExtender" file="tests/generic_config_updater/patch_sorter_test.py" line="2337" name="test_extend__port_up_and_no_critical_move__no_extended_moves" time="0.002"></testcase><testcase classname="tests.generic_config_updater.patch_sorter_test.TestRequiredValueMoveExtender" file="tests/generic_config_updater/patch_sorter_test.py" line="2325" name="test_extend__remove_whole_config__no_extended_moves" time="0.001"></testcase><testcase classname="tests.generic_config_updater.patch_sorter_test.TestRequiredValueMoveExtender" file="tests/generic_config_updater/patch_sorter_test.py" line="2552" name="test_flip" time="0.003"></testcase><testcase classname="tests.generic_config_updater.patch_sorter_test.TestUpperLevelMoveExtender" file="tests/generic_config_updater/patch_sorter_test.py" line="2772" name="test_extend__add_key_upper_level_exist__replace_upper_level" time="0.002"></testcase><testcase classname="tests.generic_config_updater.patch_sorter_test.TestUpperLevelMoveExtender" file="tests/generic_config_updater/patch_sorter_test.py" line="2758" name="test_extend__add_key_upper_level_missing__add_upper_level" time="0.002"></testcase><testcase classname="tests.generic_config_updater.patch_sorter_test.TestUpperLevelMoveExtender" file="tests/generic_config_updater/patch_sorter_test.py" line="2798" name="test_extend__add_list_item_upper_level_exist__replace_upper_level" time="0.002"></testcase><testcase classname="tests.generic_config_updater.patch_sorter_test.TestUpperLevelMoveExtender" file="tests/generic_config_updater/patch_sorter_test.py" line="2786" name="test_extend__add_list_item_upper_level_missing__add_upper_level" time="0.002"></testcase><testcase classname="tests.generic_config_updater.patch_sorter_test.TestUpperLevelMoveExtender" file="tests/generic_config_updater/patch_sorter_test.py" line="2810" name="test_extend__add_table__replace_whole_config" time="0.002"></testcase><testcase classname="tests.generic_config_updater.patch_sorter_test.TestUpperLevelMoveExtender" file="tests/generic_config_updater/patch_sorter_test.py" line="2730" name="test_extend__remove_key_upper_level_does_exist__replace_upper_level" time="0.002"></testcase><testcase classname="tests.generic_config_updater.patch_sorter_test.TestUpperLevelMoveExtender" file="tests/generic_config_updater/patch_sorter_test.py" line="2724" name="test_extend__remove_key_upper_level_does_not_exist__remove_upper_level" time="0.002"></testcase><testcase classname="tests.generic_config_updater.patch_sorter_test.TestUpperLevelMoveExtender" file="tests/generic_config_updater/patch_sorter_test.py" line="2748" name="test_extend__remove_list_item_upper_level_does_exist__replace_upper_level" time="0.002"></testcase><testcase classname="tests.generic_config_updater.patch_sorter_test.TestUpperLevelMoveExtender" file="tests/generic_config_updater/patch_sorter_test.py" line="2742" name="test_extend__remove_list_item_upper_level_does_not_exist__remove_upper_level" time="0.002"></testcase><testcase classname="tests.generic_config_updater.patch_sorter_test.TestUpperLevelMoveExtender" file="tests/generic_config_updater/patch_sorter_test.py" line="2850" name="test_extend__remove_table_while_config_has_only_that_table__replace_whole_config_with_empty_config" time="0.002"></testcase><testcase classname="tests.generic_config_updater.patch_sorter_test.TestUpperLevelMoveExtender" file="tests/generic_config_updater/patch_sorter_test.py" line="2817" name="test_extend__replace_key__replace_upper_level" time="0.002"></testcase><testcase classname="tests.generic_config_updater.patch_sorter_test.TestUpperLevelMoveExtender" file="tests/generic_config_updater/patch_sorter_test.py" line="2831" name="test_extend__replace_list_item__replace_upper_level" time="0.002"></testcase><testcase classname="tests.generic_config_updater.patch_sorter_test.TestUpperLevelMoveExtender" file="tests/generic_config_updater/patch_sorter_test.py" line="2843" name="test_extend__replace_table__replace_whole_config" time="0.002"></testcase><testcase classname="tests.generic_config_updater.patch_sorter_test.TestUpperLevelMoveExtender" file="tests/generic_config_updater/patch_sorter_test.py" line="2719" name="test_extend__root_level_move__no_extended_moves" time="0.003"></testcase><testcase classname="tests.generic_config_updater.patch_sorter_test.TestDeleteInsteadOfReplaceMoveExtender" file="tests/generic_config_updater/patch_sorter_test.py" line="2884" name="test_extend__non_replace__no_extended_moves" time="0.002"></testcase><testcase classname="tests.generic_config_updater.patch_sorter_test.TestDeleteInsteadOfReplaceMoveExtender" file="tests/generic_config_updater/patch_sorter_test.py" line="2895" name="test_extend__replace_key__delete_key" time="0.001"></testcase><testcase classname="tests.generic_config_updater.patch_sorter_test.TestDeleteInsteadOfReplaceMoveExtender" file="tests/generic_config_updater/patch_sorter_test.py" line="2902" name="test_extend__replace_list_item__delete_list_item" time="0.002"></testcase><testcase classname="tests.generic_config_updater.patch_sorter_test.TestDeleteInsteadOfReplaceMoveExtender" file="tests/generic_config_updater/patch_sorter_test.py" line="2909" name="test_extend__replace_table__delete_table" time="0.002"></testcase><testcase classname="tests.generic_config_updater.patch_sorter_test.TestDeleteInsteadOfReplaceMoveExtender" file="tests/generic_config_updater/patch_sorter_test.py" line="2916" name="test_extend__replace_whole_config__no_moves" time="0.002"></testcase><testcase classname="tests.generic_config_updater.patch_sorter_test.DeleteRefsMoveExtender" file="tests/generic_config_updater/patch_sorter_test.py" line="2949" name="test_extend__non_delete_ops__no_extended_moves" time="0.002"></testcase><testcase classname="tests.generic_config_updater.patch_sorter_test.DeleteRefsMoveExtender" file="tests/generic_config_updater/patch_sorter_test.py" line="2967" name="test_extend__path_with_direct_refs__extended_moves" time="0.176"></testcase><testcase classname="tests.generic_config_updater.patch_sorter_test.DeleteRefsMoveExtender" file="tests/generic_config_updater/patch_sorter_test.py" line="2961" name="test_extend__path_with_no_refs__no_extended_moves" time="0.173"></testcase><testcase classname="tests.generic_config_updater.patch_sorter_test.DeleteRefsMoveExtender" file="tests/generic_config_updater/patch_sorter_test.py" line="2974" name="test_extend__path_with_refs_to_children__extended_moves" time="0.178"></testcase><testcase classname="tests.generic_config_updater.patch_sorter_test.TestSortAlgorithmFactory" file="tests/generic_config_updater/patch_sorter_test.py" line="3013" name="test_bfs_sorter" time="0.001"></testcase><testcase classname="tests.generic_config_updater.patch_sorter_test.TestSortAlgorithmFactory" file="tests/generic_config_updater/patch_sorter_test.py" line="3010" name="test_dfs_sorter" time="0.001"></testcase><testcase classname="tests.generic_config_updater.patch_sorter_test.TestSortAlgorithmFactory" file="tests/generic_config_updater/patch_sorter_test.py" line="3016" name="test_memoization_sorter" time="0.001"></testcase><testcase classname="tests.generic_config_updater.patch_sorter_test.TestPatchSorter" file="tests/generic_config_updater/patch_sorter_test.py" line="3096" name="test_patch_sorter_failure" time="2.318"></testcase><testcase classname="tests.generic_config_updater.patch_sorter_test.TestPatchSorter" file="tests/generic_config_updater/patch_sorter_test.py" line="3054" name="test_patch_sorter_success" time="40.237"></testcase><testcase classname="tests.generic_config_updater.patch_sorter_test.TestPatchSorter" file="tests/generic_config_updater/patch_sorter_test.py" line="3134" name="test_sort__does_not_remove_tables_without_yang_unintentionally_if_generated_change_replaces_whole_config" time="0.007"></testcase><testcase classname="tests.generic_config_updater.patch_sorter_test.TestChangeWrapper" file="tests/generic_config_updater/patch_sorter_test.py" line="3169" name="test_adjust_changes" time="0.003"></testcase><testcase classname="tests.generic_config_updater.patch_sorter_test.TestConfigSplitter" file="tests/generic_config_updater/patch_sorter_test.py" line="3309" name="test_merge_configs_with_distinct_field_path" time="0.001"></testcase><testcase classname="tests.generic_config_updater.patch_sorter_test.TestConfigSplitter" file="tests/generic_config_updater/patch_sorter_test.py" line="3236" name="test_split_yang_non_yang_distinct_field_path" time="1.360"></testcase><testcase classname="tests.generic_config_updater.patch_sorter_test.TestNonStrictPatchSorter" file="tests/generic_config_updater/patch_sorter_test.py" line="3333" name="test_sort__invalid_yang_covered_config__failure" time="0.004"></testcase><testcase classname="tests.generic_config_updater.patch_sorter_test.TestNonStrictPatchSorter" file="tests/generic_config_updater/patch_sorter_test.py" line="3340" name="test_sort__invalid_yang_covered_config_patch_updating_tables_without_yang__failure" time="0.004"></testcase><testcase classname="tests.generic_config_updater.patch_sorter_test.TestNonStrictPatchSorter" file="tests/generic_config_updater/patch_sorter_test.py" line="3362" name="test_sort__no_errors_algorithm_not_specified__calls_inner_patch_sorter" time="0.005"></testcase><testcase classname="tests.generic_config_updater.patch_sorter_test.TestNonStrictPatchSorter" file="tests/generic_config_updater/patch_sorter_test.py" line="3347" name="test_sort__no_errors_algorithm_specified__calls_inner_patch_sorter" time="0.005"></testcase><testcase classname="tests.generic_config_updater.patch_sorter_test.TestStrictPatchSorter" file="tests/generic_config_updater/patch_sorter_test.py" line="3469" name="test_sort__no_errors_algorithm_not_specified__calls_inner_patch_sorter" time="0.003"></testcase><testcase classname="tests.generic_config_updater.patch_sorter_test.TestStrictPatchSorter" file="tests/generic_config_updater/patch_sorter_test.py" line="3456" name="test_sort__no_errors_algorithm_specified__calls_inner_patch_sorter" time="0.003"></testcase><testcase classname="tests.generic_config_updater.patch_sorter_test.TestStrictPatchSorter" file="tests/generic_config_updater/patch_sorter_test.py" line="3440" name="test_sort__patch_updating_tables_without_yang__failure" time="0.003"></testcase><testcase classname="tests.generic_config_updater.patch_sorter_test.TestStrictPatchSorter" file="tests/generic_config_updater/patch_sorter_test.py" line="3448" name="test_sort__target_config_not_valid_according_to_yang__failure" time="0.002"></testcase><testcase classname="tests.generic_config_updater.service_validator_test.TestServiceValidator" file="tests/generic_config_updater/service_validator_test.py" line="156" name="test_change_apply_os_system" time="10.012"></testcase><testcase classname="tests.generic_config_updater.service_validator_test.TestServiceValidator" file="tests/generic_config_updater/service_validator_test.py" line="179" name="test_change_apply_time_sleep" time="0.002"></testcase><testcase classname="tests.sonic_package_manager.test_cli" file="tests/sonic_package_manager/test_cli.py" line="7" name="test_show_changelog" time="0.008"></testcase><testcase classname="tests.sonic_package_manager.test_cli" file="tests/sonic_package_manager/test_cli.py" line="54" name="test_show_changelog_no_changelog" time="0.006"></testcase><testcase classname="tests.sonic_package_manager.test_constraint" file="tests/sonic_package_manager/test_constraint.py" line="9" name="test_invalid_version[1.2.3-0123]" time="0.001"></testcase><testcase classname="tests.sonic_package_manager.test_constraint" file="tests/sonic_package_manager/test_constraint.py" line="9" name="test_invalid_version[1.2]" time="0.001"></testcase><testcase classname="tests.sonic_package_manager.test_constraint" file="tests/sonic_package_manager/test_constraint.py" line="9" name="test_invalid_version[1.0.0+artiary+version]" time="0.001"></testcase><testcase classname="tests.sonic_package_manager.test_constraint" file="tests/sonic_package_manager/test_constraint.py" line="15" name="test_version_comparison[0.1.1-0.1.1-alpha]" time="0.001"></testcase><testcase classname="tests.sonic_package_manager.test_constraint" file="tests/sonic_package_manager/test_constraint.py" line="21" name="test_constraint" time="0.001"></testcase><testcase classname="tests.sonic_package_manager.test_constraint" file="tests/sonic_package_manager/test_constraint.py" line="28" name="test_constraint_range" time="0.002"></testcase><testcase classname="tests.sonic_package_manager.test_constraint" file="tests/sonic_package_manager/test_constraint.py" line="36" name="test_constraint_strict" time="0.001"></testcase><testcase classname="tests.sonic_package_manager.test_constraint" file="tests/sonic_package_manager/test_constraint.py" line="43" name="test_constraint_match" time="0.001"></testcase><testcase classname="tests.sonic_package_manager.test_constraint" file="tests/sonic_package_manager/test_constraint.py" line="50" name="test_constraint_multiple" time="0.001"></testcase><testcase classname="tests.sonic_package_manager.test_constraint" file="tests/sonic_package_manager/test_constraint.py" line="60" name="test_constraint_only_name" time="0.001"></testcase><testcase classname="tests.sonic_package_manager.test_constraint" file="tests/sonic_package_manager/test_constraint.py" line="66" name="test_constraint_from_dict" time="0.001"></testcase><testcase classname="tests.sonic_package_manager.test_constraint" file="tests/sonic_package_manager/test_constraint.py" line="82" name="test_version_to_tag" time="0.001"></testcase><testcase classname="tests.sonic_package_manager.test_constraint" file="tests/sonic_package_manager/test_constraint.py" line="87" name="test_tag_to_version" time="0.001"></testcase><testcase classname="tests.sonic_package_manager.test_database" file="tests/sonic_package_manager/test_database.py" line="13" name="test_database_get_package" time="0.003"></testcase><testcase classname="tests.sonic_package_manager.test_database" file="tests/sonic_package_manager/test_database.py" line="22" name="test_database_get_package_not_builtin" time="0.003"></testcase><testcase classname="tests.sonic_package_manager.test_database" file="tests/sonic_package_manager/test_database.py" line="31" name="test_database_get_package_not_existing" time="0.003"></testcase><testcase classname="tests.sonic_package_manager.test_database" file="tests/sonic_package_manager/test_database.py" line="36" name="test_database_add_package" time="0.003"></testcase><testcase classname="tests.sonic_package_manager.test_database" file="tests/sonic_package_manager/test_database.py" line="46" name="test_database_add_package_existing" time="0.003"></testcase><testcase classname="tests.sonic_package_manager.test_database" file="tests/sonic_package_manager/test_database.py" line="51" name="test_database_update_package" time="0.003"></testcase><testcase classname="tests.sonic_package_manager.test_database" file="tests/sonic_package_manager/test_database.py" line="61" name="test_database_update_package_non_existing" time="0.003"></testcase><testcase classname="tests.sonic_package_manager.test_database" file="tests/sonic_package_manager/test_database.py" line="67" name="test_database_remove_package" time="0.002"></testcase><testcase classname="tests.sonic_package_manager.test_database" file="tests/sonic_package_manager/test_database.py" line="72" name="test_database_remove_package_non_existing" time="0.002"></testcase><testcase classname="tests.sonic_package_manager.test_database" file="tests/sonic_package_manager/test_database.py" line="77" name="test_database_remove_package_installed" time="0.003"></testcase><testcase classname="tests.sonic_package_manager.test_database" file="tests/sonic_package_manager/test_database.py" line="84" name="test_database_remove_package_built_in" time="0.003"></testcase><testcase classname="tests.sonic_package_manager.test_manager" file="tests/sonic_package_manager/test_manager.py" line="11" name="test_installation_not_installed" time="0.012"></testcase><testcase classname="tests.sonic_package_manager.test_manager" file="tests/sonic_package_manager/test_manager.py" line="18" name="test_installation_already_installed" time="0.012"></testcase><testcase classname="tests.sonic_package_manager.test_manager" file="tests/sonic_package_manager/test_manager.py" line="25" name="test_installation_dependencies" time="0.010"></testcase><testcase classname="tests.sonic_package_manager.test_manager" file="tests/sonic_package_manager/test_manager.py" line="34" name="test_installation_dependencies_missing_package" time="0.009"></testcase><testcase classname="tests.sonic_package_manager.test_manager" file="tests/sonic_package_manager/test_manager.py" line="43" name="test_installation_dependencies_satisfied" time="0.011"></testcase><testcase classname="tests.sonic_package_manager.test_manager" file="tests/sonic_package_manager/test_manager.py" line="49" name="test_installation_components_dependencies_satisfied" time="0.011"></testcase><testcase classname="tests.sonic_package_manager.test_manager" file="tests/sonic_package_manager/test_manager.py" line="67" name="test_installation_components_dependencies_not_satisfied" time="0.011"></testcase><testcase classname="tests.sonic_package_manager.test_manager" file="tests/sonic_package_manager/test_manager.py" line="88" name="test_installation_components_dependencies_implicit" time="0.009"></testcase><testcase classname="tests.sonic_package_manager.test_manager" file="tests/sonic_package_manager/test_manager.py" line="106" name="test_installation_components_dependencies_explicitely_allowed" time="0.011"></testcase><testcase classname="tests.sonic_package_manager.test_manager" file="tests/sonic_package_manager/test_manager.py" line="124" name="test_installation_breaks" time="0.009"></testcase><testcase classname="tests.sonic_package_manager.test_manager" file="tests/sonic_package_manager/test_manager.py" line="133" name="test_installation_breaks_missing_package" time="0.013"></testcase><testcase classname="tests.sonic_package_manager.test_manager" file="tests/sonic_package_manager/test_manager.py" line="139" name="test_installation_breaks_not_installed_package" time="0.011"></testcase><testcase classname="tests.sonic_package_manager.test_manager" file="tests/sonic_package_manager/test_manager.py" line="145" name="test_installation_base_os_constraint" time="0.009"></testcase><testcase classname="tests.sonic_package_manager.test_manager" file="tests/sonic_package_manager/test_manager.py" line="154" name="test_installation_base_os_constraint_satisfied" time="0.011"></testcase><testcase classname="tests.sonic_package_manager.test_manager" file="tests/sonic_package_manager/test_manager.py" line="160" name="test_installation_cli_plugin" time="0.013"></testcase><testcase classname="tests.sonic_package_manager.test_manager" file="tests/sonic_package_manager/test_manager.py" line="168" name="test_installation_cli_plugin_skipped" time="0.012"></testcase><testcase classname="tests.sonic_package_manager.test_manager" file="tests/sonic_package_manager/test_manager.py" line="176" name="test_installation_cli_plugin_is_mandatory_but_skipped" time="0.009"></testcase><testcase classname="tests.sonic_package_manager.test_manager" file="tests/sonic_package_manager/test_manager.py" line="185" name="test_installation" time="0.011"></testcase><testcase classname="tests.sonic_package_manager.test_manager" file="tests/sonic_package_manager/test_manager.py" line="190" name="test_installation_using_reference" time="0.013"></testcase><testcase classname="tests.sonic_package_manager.test_manager" file="tests/sonic_package_manager/test_manager.py" line="202" name="test_manager_installation_tag" time="0.011"></testcase><testcase classname="tests.sonic_package_manager.test_manager" file="tests/sonic_package_manager/test_manager.py" line="209" name="test_installation_from_file" time="0.028"></testcase><testcase classname="tests.sonic_package_manager.test_manager" file="tests/sonic_package_manager/test_manager.py" line="215" name="test_installation_from_registry" time="0.011"></testcase><testcase classname="tests.sonic_package_manager.test_manager" file="tests/sonic_package_manager/test_manager.py" line="220" name="test_installation_from_registry_using_digest" time="0.011"></testcase><testcase classname="tests.sonic_package_manager.test_manager" file="tests/sonic_package_manager/test_manager.py" line="230" name="test_installation_from_file_known_package" time="0.024"></testcase><testcase classname="tests.sonic_package_manager.test_manager" file="tests/sonic_package_manager/test_manager.py" line="238" name="test_installation_from_file_unknown_package" time="0.025"></testcase><testcase classname="tests.sonic_package_manager.test_manager" file="tests/sonic_package_manager/test_manager.py" line="245" name="test_upgrade_from_file_known_package" time="0.030"></testcase><testcase classname="tests.sonic_package_manager.test_manager" file="tests/sonic_package_manager/test_manager.py" line="256" name="test_installation_non_default_owner" time="0.012"></testcase><testcase classname="tests.sonic_package_manager.test_manager" file="tests/sonic_package_manager/test_manager.py" line="264" name="test_installation_enabled" time="0.013"></testcase><testcase classname="tests.sonic_package_manager.test_manager" file="tests/sonic_package_manager/test_manager.py" line="272" name="test_installation_fault" time="0.009"></testcase><testcase classname="tests.sonic_package_manager.test_manager" file="tests/sonic_package_manager/test_manager.py" line="283" name="test_manager_installation_version_range" time="0.007"></testcase><testcase classname="tests.sonic_package_manager.test_manager" file="tests/sonic_package_manager/test_manager.py" line="291" name="test_manager_upgrade" time="0.032"></testcase><testcase classname="tests.sonic_package_manager.test_manager" file="tests/sonic_package_manager/test_manager.py" line="301" name="test_manager_package_reset" time="0.036"></testcase><testcase classname="tests.sonic_package_manager.test_manager" file="tests/sonic_package_manager/test_manager.py" line="310" name="test_manager_migration" time="0.011"></testcase><testcase classname="tests.sonic_package_manager.test_manifest" file="tests/sonic_package_manager/test_manifest.py" line="8" name="test_manifest_v1_defaults" time="0.001"></testcase><testcase classname="tests.sonic_package_manager.test_manifest" file="tests/sonic_package_manager/test_manifest.py" line="19" name="test_manifest_v1_invalid_version" time="0.001"></testcase><testcase classname="tests.sonic_package_manager.test_manifest" file="tests/sonic_package_manager/test_manifest.py" line="25" name="test_manifest_v1_invalid_package_constraint" time="0.001"></testcase><testcase classname="tests.sonic_package_manager.test_manifest" file="tests/sonic_package_manager/test_manifest.py" line="32" name="test_manifest_v1_service_spec" time="0.001"></testcase><testcase classname="tests.sonic_package_manager.test_manifest" file="tests/sonic_package_manager/test_manifest.py" line="39" name="test_manifest_v1_mounts" time="0.001"></testcase><testcase classname="tests.sonic_package_manager.test_manifest" file="tests/sonic_package_manager/test_manifest.py" line="50" name="test_manifest_v1_mounts_invalid" time="0.001"></testcase><testcase classname="tests.sonic_package_manager.test_manifest" file="tests/sonic_package_manager/test_manifest.py" line="58" name="test_manifest_invalid_root_type" time="0.001"></testcase><testcase classname="tests.sonic_package_manager.test_manifest" file="tests/sonic_package_manager/test_manifest.py" line="65" name="test_manifest_invalid_array_type" time="0.003"></testcase><testcase classname="tests.sonic_package_manager.test_manifest" file="tests/sonic_package_manager/test_manifest.py" line="72" name="test_manifest_v1_unmarshal" time="0.001"></testcase><testcase classname="tests.sonic_package_manager.test_metadata" file="tests/sonic_package_manager/test_metadata.py" line="11" name="test_metadata_resolver_local" time="0.005"></testcase><testcase classname="tests.sonic_package_manager.test_metadata" file="tests/sonic_package_manager/test_metadata.py" line="20" name="test_metadata_resolver_remote" time="0.007"></testcase><testcase classname="tests.sonic_package_manager.test_reference" file="tests/sonic_package_manager/test_reference.py" line="7" name="test_reference" time="0.001"></testcase><testcase classname="tests.sonic_package_manager.test_reference" file="tests/sonic_package_manager/test_reference.py" line="15" name="test_reference_invalid" time="0.001"></testcase><testcase classname="tests.sonic_package_manager.test_registry" file="tests/sonic_package_manager/test_registry.py" line="7" name="test_get_registry_for" time="0.001"></testcase><testcase classname="tests.sonic_package_manager.test_registry" file="tests/sonic_package_manager/test_registry.py" line="19" name="test_registry_auth" time="0.016"></testcase><testcase classname="tests.sonic_package_manager.test_service_creator" file="tests/sonic_package_manager/test_service_creator.py" line="75" name="test_service_creator" time="0.062"></testcase><testcase classname="tests.sonic_package_manager.test_service_creator" file="tests/sonic_package_manager/test_service_creator.py" line="96" name="test_service_creator_with_timer_unit" time="0.218"></testcase><testcase classname="tests.sonic_package_manager.test_service_creator" file="tests/sonic_package_manager/test_service_creator.py" line="110" name="test_service_creator_with_debug_dump" time="0.087"></testcase><testcase classname="tests.sonic_package_manager.test_service_creator" file="tests/sonic_package_manager/test_service_creator.py" line="124" name="test_service_creator_yang" time="0.086"></testcase><testcase classname="tests.sonic_package_manager.test_service_creator" file="tests/sonic_package_manager/test_service_creator.py" line="172" name="test_service_creator_autocli" time="0.055"></testcase><testcase classname="tests.sonic_package_manager.test_service_creator" file="tests/sonic_package_manager/test_service_creator.py" line="203" name="test_feature_registration" time="0.003"></testcase><testcase classname="tests.sonic_package_manager.test_service_creator" file="tests/sonic_package_manager/test_service_creator.py" line="222" name="test_feature_update" time="0.009"></testcase><testcase classname="tests.sonic_package_manager.test_service_creator" file="tests/sonic_package_manager/test_service_creator.py" line="259" name="test_feature_registration_with_timer" time="0.003"></testcase><testcase classname="tests.sonic_package_manager.test_service_creator" file="tests/sonic_package_manager/test_service_creator.py" line="279" name="test_feature_registration_with_non_default_owner" time="0.003"></testcase><testcase classname="tests.sonic_package_manager.test_service_creator" file="tests/sonic_package_manager/test_service_creator.py" line="320" name="test_auto_ts_global_disabled" time="0.003"></testcase><testcase classname="tests.sonic_package_manager.test_service_creator" file="tests/sonic_package_manager/test_service_creator.py" line="336" name="test_auto_ts_global_enabled" time="0.003"></testcase><testcase classname="tests.sonic_package_manager.test_service_creator" file="tests/sonic_package_manager/test_service_creator.py" line="352" name="test_auto_ts_deregister" time="0.002"></testcase><testcase classname="tests.sonic_package_manager.test_service_creator" file="tests/sonic_package_manager/test_service_creator.py" line="360" name="test_auto_ts_feature_update_flow" time="0.004"></testcase></testsuite></testsuites>